../Core/Src/lcd.c:17:6:nano_wait	16	static,ignoring_inline_asm
../Core/Src/lcd.c:23:6:LCD_Reset	16	static
../Core/Src/lcd.c:99:6:LCD_WR_REG	16	static
../Core/Src/lcd.c:109:6:LCD_WR_DATA	16	static
../Core/Src/lcd.c:119:6:LCD_WriteData16_Prepare	8	static
../Core/Src/lcd.c:126:6:LCD_WriteData16	16	static
../Core/Src/lcd.c:134:6:LCD_WriteData16_End	4	static
../Core/Src/lcd.c:141:6:LCD_WriteReg	16	static
../Core/Src/lcd.c:148:6:LCD_WriteRAM_Prepare	8	static
../Core/Src/lcd.c:154:6:LCD_direction	16	static
../Core/Src/lcd.c:184:13:tft_select	16	static
../Core/Src/lcd.c:204:13:tft_reset	16	static
../Core/Src/lcd.c:213:13:tft_reg_select	16	static
../Core/Src/lcd.c:223:6:LCD_Init	32	static
../Core/Src/lcd.c:345:6:LCD_SetWindow	24	static
../Core/Src/lcd.c:365:6:LCD_Clear	32	static
../Core/Src/lcd.c:388:13:_LCD_DrawPoint	16	static
../Core/Src/lcd.c:396:6:LCD_DrawPoint	16	static
../Core/Src/lcd.c:406:13:_LCD_DrawLine	64	static
../Core/Src/lcd.c:442:6:LCD_DrawLine	32	static
../Core/Src/lcd.c:452:6:LCD_DrawRectangle	32	static
../Core/Src/lcd.c:465:13:_LCD_Fill	32	static
../Core/Src/lcd.c:483:6:LCD_DrawFillRectangle	32	static
../Core/Src/lcd.c:490:13:_draw_circle_8	24	static
../Core/Src/lcd.c:506:6:LCD_Circle	48	static
../Core/Src/lcd.c:545:6:LCD_DrawTriangle	32	static
../Core/Src/lcd.c:554:13:_swap	24	static
../Core/Src/lcd.c:565:6:LCD_DrawFillTriangle	72	static
../Core/Src/lcd.c:859:6:_LCD_DrawChar	32	static
../Core/Src/lcd.c:899:6:LCD_DrawChar	40	static
../Core/Src/lcd.c:913:6:LCD_DrawString	40	static
../Core/Src/lcd.c:930:6:LCD_DrawPicture	40	static
