../Core/Src/lcd_setup.c:12:6:LCD_small_delay	8	static
../Core/Src/lcd_setup.c:17:6:LCD_print_labels	24	static
../Core/Src/lcd_setup.c:25:6:LCD_print_title	24	static
../Core/Src/lcd_setup.c:30:6:LCD_print_command	32	static
../Core/Src/lcd_setup.c:38:6:LCD_print_stats	152	static
../Core/Src/lcd_setup.c:69:6:LCD_print_progress	64	static
../Core/Src/lcd_setup.c:80:6:LCD_print_circle	72	static
../Core/Src/lcd_setup.c:87:6:LCD_generate_sectors	152	static
../Core/Src/lcd_setup.c:155:6:LCD_update	616	static
