../Core/Src/lcd_setup.c:12:6:small_delay	8	static
../Core/Src/lcd_setup.c:17:6:print_labels	24	static
../Core/Src/lcd_setup.c:25:6:print_title	24	static
../Core/Src/lcd_setup.c:30:6:print_command	32	static
../Core/Src/lcd_setup.c:40:6:print_stats	152	static
../Core/Src/lcd_setup.c:77:6:SPI1_Setup	4	static
../Core/Src/lcd_setup.c:161:6:print_progress	64	static
../Core/Src/lcd_setup.c:235:6:makeCircle	72	static
../Core/Src/lcd_setup.c:242:6:calculateCircle	152	static
../Core/Src/lcd_setup.c:310:6:LCD_Update	616	static
