../Core/Src/adc_setup.c:49:13:ADC_ADVREGEN	16	static
../Core/Src/adc_setup.c:54:13:ADC_Read	8	static
../Core/Src/adc_setup.c:65:13:ADC_Calibrate	16	static
../Core/Src/adc_setup.c:76:12:ADC_GetVal	16	static
../Core/Src/imu_setup.c:106:13:IMU_Read	8	static
../Core/Src/imu_setup.c:139:12:IMU_Setup	8	static
../Core/Src/imu_setup.c:191:16:platform_write_imu	48	static
../Core/Src/imu_setup.c:199:16:platform_write_mag	48	static
../Core/Src/imu_setup.c:207:16:platform_read_imu	48	static
../Core/Src/imu_setup.c:214:16:platform_read_mag	48	static
../Core/Src/imu_setup.c:222:13:platform_delay	16	static
../Core/Src/main.c:125:6:HAL_GPIO_EXTI_Callback	16	static
../Core/Src/main.c:145:6:HAL_TIM_PeriodElapsedCallback	16	static
../Core/Src/main.c:185:5:main	8	static
../Core/Src/main.c:241:6:Start_AdvancedMode	24	static
../Core/Src/main.c:278:6:SystemClock_Config	128	static
../Core/Src/main.c:328:13:MX_ADC1_Init	48	static
../Core/Src/main.c:408:13:MX_ADC2_Init	32	static
../Core/Src/main.c:477:13:MX_ADC3_Init	48	static
../Core/Src/main.c:555:13:MX_ADC4_Init	32	static
../Core/Src/main.c:624:13:MX_I2C1_Init	8	static
../Core/Src/main.c:672:13:MX_I2C2_Init	8	static
../Core/Src/main.c:720:13:MX_SPI1_Init	8	static
../Core/Src/main.c:754:13:MX_TIM16_Init	8	static
../Core/Src/main.c:778:13:MX_DMA_Init	16	static
../Core/Src/main.c:794:13:MX_GPIO_Init	48	static
../Core/Src/main.c:831:6:Error_Handler	4	static,ignoring_inline_asm
