Archive member included to satisfy reference by file (symbol)

/Applications/STM32CubeIDE.app/Contents/Eclipse/plugins/com.st.stm32cube.ide.mcu.externaltools.gnu-tools-for-stm32.10.3-2021.10.macos64_1.0.200.202301161003/tools/bin/../lib/gcc/arm-none-eabi/10.3.1/../../../../arm-none-eabi/lib/thumb/v7e-m+fp/hard/libc_nano.a(lib_a-errno.o)
                              ./Core/Src/syscalls.o (__errno)
/Applications/STM32CubeIDE.app/Contents/Eclipse/plugins/com.st.stm32cube.ide.mcu.externaltools.gnu-tools-for-stm32.10.3-2021.10.macos64_1.0.200.202301161003/tools/bin/../lib/gcc/arm-none-eabi/10.3.1/../../../../arm-none-eabi/lib/thumb/v7e-m+fp/hard/libc_nano.a(lib_a-exit.o)
                              /Applications/STM32CubeIDE.app/Contents/Eclipse/plugins/com.st.stm32cube.ide.mcu.externaltools.gnu-tools-for-stm32.10.3-2021.10.macos64_1.0.200.202301161003/tools/bin/../lib/gcc/arm-none-eabi/10.3.1/../../../../arm-none-eabi/lib/thumb/v7e-m+fp/hard/crt0.o (exit)
/Applications/STM32CubeIDE.app/Contents/Eclipse/plugins/com.st.stm32cube.ide.mcu.externaltools.gnu-tools-for-stm32.10.3-2021.10.macos64_1.0.200.202301161003/tools/bin/../lib/gcc/arm-none-eabi/10.3.1/../../../../arm-none-eabi/lib/thumb/v7e-m+fp/hard/libc_nano.a(lib_a-impure.o)
                              /Applications/STM32CubeIDE.app/Contents/Eclipse/plugins/com.st.stm32cube.ide.mcu.externaltools.gnu-tools-for-stm32.10.3-2021.10.macos64_1.0.200.202301161003/tools/bin/../lib/gcc/arm-none-eabi/10.3.1/../../../../arm-none-eabi/lib/thumb/v7e-m+fp/hard/libc_nano.a(lib_a-exit.o) (_global_impure_ptr)
/Applications/STM32CubeIDE.app/Contents/Eclipse/plugins/com.st.stm32cube.ide.mcu.externaltools.gnu-tools-for-stm32.10.3-2021.10.macos64_1.0.200.202301161003/tools/bin/../lib/gcc/arm-none-eabi/10.3.1/../../../../arm-none-eabi/lib/thumb/v7e-m+fp/hard/libc_nano.a(lib_a-init.o)
                              /Applications/STM32CubeIDE.app/Contents/Eclipse/plugins/com.st.stm32cube.ide.mcu.externaltools.gnu-tools-for-stm32.10.3-2021.10.macos64_1.0.200.202301161003/tools/bin/../lib/gcc/arm-none-eabi/10.3.1/../../../../arm-none-eabi/lib/thumb/v7e-m+fp/hard/crt0.o (__libc_init_array)
/Applications/STM32CubeIDE.app/Contents/Eclipse/plugins/com.st.stm32cube.ide.mcu.externaltools.gnu-tools-for-stm32.10.3-2021.10.macos64_1.0.200.202301161003/tools/bin/../lib/gcc/arm-none-eabi/10.3.1/../../../../arm-none-eabi/lib/thumb/v7e-m+fp/hard/libc_nano.a(lib_a-memset.o)
                              /Applications/STM32CubeIDE.app/Contents/Eclipse/plugins/com.st.stm32cube.ide.mcu.externaltools.gnu-tools-for-stm32.10.3-2021.10.macos64_1.0.200.202301161003/tools/bin/../lib/gcc/arm-none-eabi/10.3.1/../../../../arm-none-eabi/lib/thumb/v7e-m+fp/hard/crt0.o (memset)
/Applications/STM32CubeIDE.app/Contents/Eclipse/plugins/com.st.stm32cube.ide.mcu.externaltools.gnu-tools-for-stm32.10.3-2021.10.macos64_1.0.200.202301161003/tools/bin/../lib/gcc/arm-none-eabi/10.3.1/../../../../arm-none-eabi/lib/thumb/v7e-m+fp/hard/libc_nano.a(lib_a-printf.o)
                              ./Core/Src/calculate_gestures.o (printf)
/Applications/STM32CubeIDE.app/Contents/Eclipse/plugins/com.st.stm32cube.ide.mcu.externaltools.gnu-tools-for-stm32.10.3-2021.10.macos64_1.0.200.202301161003/tools/bin/../lib/gcc/arm-none-eabi/10.3.1/../../../../arm-none-eabi/lib/thumb/v7e-m+fp/hard/libc_nano.a(lib_a-puts.o)
                              ./Core/Src/calculate_gestures.o (puts)
/Applications/STM32CubeIDE.app/Contents/Eclipse/plugins/com.st.stm32cube.ide.mcu.externaltools.gnu-tools-for-stm32.10.3-2021.10.macos64_1.0.200.202301161003/tools/bin/../lib/gcc/arm-none-eabi/10.3.1/../../../../arm-none-eabi/lib/thumb/v7e-m+fp/hard/libc_nano.a(lib_a-rand.o)
                              ./Core/Src/calculate_gestures.o (rand)
/Applications/STM32CubeIDE.app/Contents/Eclipse/plugins/com.st.stm32cube.ide.mcu.externaltools.gnu-tools-for-stm32.10.3-2021.10.macos64_1.0.200.202301161003/tools/bin/../lib/gcc/arm-none-eabi/10.3.1/../../../../arm-none-eabi/lib/thumb/v7e-m+fp/hard/libc_nano.a(lib_a-wbuf.o)
                              /Applications/STM32CubeIDE.app/Contents/Eclipse/plugins/com.st.stm32cube.ide.mcu.externaltools.gnu-tools-for-stm32.10.3-2021.10.macos64_1.0.200.202301161003/tools/bin/../lib/gcc/arm-none-eabi/10.3.1/../../../../arm-none-eabi/lib/thumb/v7e-m+fp/hard/libc_nano.a(lib_a-puts.o) (__swbuf_r)
/Applications/STM32CubeIDE.app/Contents/Eclipse/plugins/com.st.stm32cube.ide.mcu.externaltools.gnu-tools-for-stm32.10.3-2021.10.macos64_1.0.200.202301161003/tools/bin/../lib/gcc/arm-none-eabi/10.3.1/../../../../arm-none-eabi/lib/thumb/v7e-m+fp/hard/libc_nano.a(lib_a-wsetup.o)
                              /Applications/STM32CubeIDE.app/Contents/Eclipse/plugins/com.st.stm32cube.ide.mcu.externaltools.gnu-tools-for-stm32.10.3-2021.10.macos64_1.0.200.202301161003/tools/bin/../lib/gcc/arm-none-eabi/10.3.1/../../../../arm-none-eabi/lib/thumb/v7e-m+fp/hard/libc_nano.a(lib_a-puts.o) (__swsetup_r)
[...]
Memory Configuration

Name             Origin             Length             Attributes
CCMRAM           0x0000000010000000 0x0000000000002000 xrw
RAM              0x0000000020000000 0x000000000000a000 xrw
FLASH            0x0000000008000000 0x0000000000040000 xr
*default*        0x0000000000000000 0xffffffffffffffff

Linker script and memory map

LOAD /Applications/STM32CubeIDE.app/Contents/Eclipse/plugins/com.st.stm32cube.ide.mcu.externaltools.gnu-tools-for-stm32.10.3-2021.10.macos64_1.0.200.202301161003/tools/bin/../lib/gcc/arm-none-eabi/10.3.1/thumb/v7e-m+fp/hard/crti.o
LOAD /Applications/STM32CubeIDE.app/Contents/Eclipse/plugins/com.st.stm32cube.ide.mcu.externaltools.gnu-tools-for-stm32.10.3-2021.10.macos64_1.0.200.202301161003/tools/bin/../lib/gcc/arm-none-eabi/10.3.1/thumb/v7e-m+fp/hard/crtbegin.o
LOAD /Applications/STM32CubeIDE.app/Contents/Eclipse/plugins/com.st.stm32cube.ide.mcu.externaltools.gnu-tools-for-stm32.10.3-2021.10.macos64_1.0.200.202301161003/tools/bin/../lib/gcc/arm-none-eabi/10.3.1/../../../../arm-none-eabi/lib/thumb/v7e-m+fp/hard/crt0.o
LOAD ./Core/Src/FusionAhrs.o
LOAD ./Core/Src/FusionCompass.o
LOAD ./Core/Src/FusionOffset.o
LOAD ./Core/Src/adc_setup.o
LOAD ./Core/Src/calculate_gestures.o
LOAD ./Core/Src/calculate_orientation.o
LOAD ./Core/Src/dac_setup.o
LOAD ./Core/Src/imu_setup.o
LOAD ./Core/Src/lsm9ds1_reg.o
LOAD ./Core/Src/main.o
LOAD ./Core/Src/stm32f3xx_hal_msp.o
LOAD ./Core/Src/stm32f3xx_it.o
LOAD ./Core/Src/syscalls.o
LOAD ./Core/Src/sysmem.o
LOAD ./Core/Src/system_stm32f3xx.o
LOAD ./Core/Src/utils.o
LOAD ./Core/Startup/startup_stm32f303vctx.o
LOAD ./Drivers/STM32F3xx_HAL_Driver/Src/stm32f3xx_hal.o
LOAD ./Drivers/STM32F3xx_HAL_Driver/Src/stm32f3xx_hal_adc.o
LOAD ./Drivers/STM32F3xx_HAL_Driver/Src/stm32f3xx_hal_adc_ex.o
LOAD ./Drivers/STM32F3xx_HAL_Driver/Src/stm32f3xx_hal_cortex.o
LOAD ./Drivers/STM32F3xx_HAL_Driver/Src/stm32f3xx_hal_dma.o
LOAD ./Drivers/STM32F3xx_HAL_Driver/Src/stm32f3xx_hal_exti.o
LOAD ./Drivers/STM32F3xx_HAL_Driver/Src/stm32f3xx_hal_flash.o
LOAD ./Drivers/STM32F3xx_HAL_Driver/Src/stm32f3xx_hal_flash_ex.o
LOAD ./Drivers/STM32F3xx_HAL_Driver/Src/stm32f3xx_hal_gpio.o
LOAD ./Drivers/STM32F3xx_HAL_Driver/Src/stm32f3xx_hal_i2c.o
LOAD ./Drivers/STM32F3xx_HAL_Driver/Src/stm32f3xx_hal_i2c_ex.o
LOAD ./Drivers/STM32F3xx_HAL_Driver/Src/stm32f3xx_hal_pwr.o
LOAD ./Drivers/STM32F3xx_HAL_Driver/Src/stm32f3xx_hal_pwr_ex.o
LOAD ./Drivers/STM32F3xx_HAL_Driver/Src/stm32f3xx_hal_rcc.o
LOAD ./Drivers/STM32F3xx_HAL_Driver/Src/stm32f3xx_hal_rcc_ex.o
START GROUP
LOAD /Applications/STM32CubeIDE.app/Contents/Eclipse/plugins/com.st.stm32cube.ide.mcu.externaltools.gnu-tools-for-stm32.10.3-2021.10.macos64_1.0.200.202301161003/tools/bin/../lib/gcc/arm-none-eabi/10.3.1/../../../../arm-none-eabi/lib/thumb/v7e-m+fp/hard/libc_nano.a
LOAD /Applications/STM32CubeIDE.app/Contents/Eclipse/plugins/com.st.stm32cube.ide.mcu.externaltools.gnu-tools-for-stm32.10.3-2021.10.macos64_1.0.200.202301161003/tools/bin/../lib/gcc/arm-none-eabi/10.3.1/../../../../arm-none-eabi/lib/thumb/v7e-m+fp/hard/libm.a
END GROUP
START GROUP
LOAD /Applications/STM32CubeIDE.app/Contents/Eclipse/plugins/com.st.stm32cube.ide.mcu.externaltools.gnu-tools-for-stm32.10.3-2021.10.macos64_1.0.200.202301161003/tools/bin/../lib/gcc/arm-none-eabi/10.3.1/thumb/v7e-m+fp/hard/libgcc.a
LOAD /Applications/STM32CubeIDE.app/Contents/Eclipse/plugins/com.st.stm32cube.ide.mcu.externaltools.gnu-tools-for-stm32.10.3-2021.10.macos64_1.0.200.202301161003/tools/bin/../lib/gcc/arm-none-eabi/10.3.1/../../../../arm-none-eabi/lib/thumb/v7e-m+fp/hard/libc_nano.a
END GROUP
START GROUP
LOAD /Applications/STM32CubeIDE.app/Contents/Eclipse/plugins/com.st.stm32cube.ide.mcu.externaltools.gnu-tools-for-stm32.10.3-2021.10.macos64_1.0.200.202301161003/tools/bin/../lib/gcc/arm-none-eabi/10.3.1/thumb/v7e-m+fp/hard/libgcc.a
LOAD /Applications/STM32CubeIDE.app/Contents/Eclipse/plugins/com.st.stm32cube.ide.mcu.externaltools.gnu-tools-for-stm32.10.3-2021.10.macos64_1.0.200.202301161003/tools/bin/../lib/gcc/arm-none-eabi/10.3.1/../../../../arm-none-eabi/lib/thumb/v7e-m+fp/hard/libc_nano.a
LOAD /Applications/STM32CubeIDE.app/Contents/Eclipse/plugins/com.st.stm32cube.ide.mcu.externaltools.gnu-tools-for-stm32.10.3-2021.10.macos64_1.0.200.202301161003/tools/bin/../lib/gcc/arm-none-eabi/10.3.1/../../../../arm-none-eabi/lib/thumb/v7e-m+fp/hard/libnosys.a
END GROUP
START GROUP
LOAD /Applications/STM32CubeIDE.app/Contents/Eclipse/plugins/com.st.stm32cube.ide.mcu.externaltools.gnu-tools-for-stm32.10.3-2021.10.macos64_1.0.200.202301161003/tools/bin/../lib/gcc/arm-none-eabi/10.3.1/thumb/v7e-m+fp/hard/libgcc.a
LOAD /Applications/STM32CubeIDE.app/Contents/Eclipse/plugins/com.st.stm32cube.ide.mcu.externaltools.gnu-tools-for-stm32.10.3-2021.10.macos64_1.0.200.202301161003/tools/bin/../lib/gcc/arm-none-eabi/10.3.1/../../../../arm-none-eabi/lib/thumb/v7e-m+fp/hard/libc_nano.a
LOAD /Applications/STM32CubeIDE.app/Contents/Eclipse/plugins/com.st.stm32cube.ide.mcu.externaltools.gnu-tools-for-stm32.10.3-2021.10.macos64_1.0.200.202301161003/tools/bin/../lib/gcc/arm-none-eabi/10.3.1/../../../../arm-none-eabi/lib/thumb/v7e-m+fp/hard/libnosys.a
END GROUP
LOAD /Applications/STM32CubeIDE.app/Contents/Eclipse/plugins/com.st.stm32cube.ide.mcu.externaltools.gnu-tools-for-stm32.10.3-2021.10.macos64_1.0.200.202301161003/tools/bin/../lib/gcc/arm-none-eabi/10.3.1/thumb/v7e-m+fp/hard/crtend.o
LOAD /Applications/STM32CubeIDE.app/Contents/Eclipse/plugins/com.st.stm32cube.ide.mcu.externaltools.gnu-tools-for-stm32.10.3-2021.10.macos64_1.0.200.202301161003/tools/bin/../lib/gcc/arm-none-eabi/10.3.1/thumb/v7e-m+fp/hard/crtn.o
                0x000000002000a000                _estack = (ORIGIN (RAM) + LENGTH (RAM))
                0x0000000000000200                _Min_Heap_Size = 0x200
                0x0000000000000400                _Min_Stack_Size = 0x400

.isr_vector     0x0000000008000000      0x188
                0x0000000008000000                . = ALIGN (0x4)
 *(.isr_vector)
 .isr_vector    0x0000000008000000      0x188 ./Core/Startup/startup_stm32f303vctx.o
                0x0000000008000000                g_pfnVectors
                0x0000000008000188                . = ALIGN (0x4)

.text           0x0000000008000188     0x8018
                0x0000000008000188                . = ALIGN (0x4)
 *(.text)
 .text          0x0000000008000188       0x40 /Applications/STM32CubeIDE.app/Contents/Eclipse/plugins/com.st.stm32cube.ide.mcu.externaltools.gnu-tools-for-stm32.10.3-2021.10.macos64_1.0.200.202301161003/tools/bin/../lib/gcc/arm-none-eabi/10.3.1/thumb/v7e-m+fp/hard/crtbegin.o
 .text          0x00000000080001c8      0x378 /Applications/STM32CubeIDE.app/Contents/Eclipse/plugins/com.st.stm32cube.ide.mcu.externaltools.gnu-tools-for-stm32.10.3-2021.10.macos64_1.0.200.202301161003/tools/bin/../lib/gcc/arm-none-eabi/10.3.1/thumb/v7e-m+fp/hard/libgcc.a(_arm_addsubdf3.o)
                0x00000000080001c8                __aeabi_drsub
                0x00000000080001d0                __subdf3
                0x00000000080001d0                __aeabi_dsub
                0x00000000080001d4                __aeabi_dadd
                0x00000000080001d4                __adddf3
                0x000000000800044c                __aeabi_ui2d
                0x000000000800044c                __floatunsidf
                0x000000000800046c                __floatsidf
                0x000000000800046c                __aeabi_i2d
                0x0000000008000490                __extendsfdf2
                0x0000000008000490                __aeabi_f2d
                0x00000000080004d4                __aeabi_ul2d
                0x00000000080004d4                __floatundidf
                0x00000000080004e4                __aeabi_l2d
                0x00000000080004e4                __floatdidf
 .text          0x0000000008000540      0x424 /Applications/STM32CubeIDE.app/Contents/Eclipse/plugins/com.st.stm32cube.ide.mcu.externaltools.gnu-tools-for-stm32.10.3-2021.10.macos64_1.0.200.202301161003/tools/bin/../lib/gcc/arm-none-eabi/10.3.1/thumb/v7e-m+fp/hard/libgcc.a(_arm_muldivdf3.o)
                0x0000000008000540                __aeabi_dmul
                0x0000000008000540                __muldf3
                0x0000000008000794                __aeabi_ddiv
                0x0000000008000794                __divdf3
 .text          0x0000000008000964      0x110 /Applications/STM32CubeIDE.app/Contents/Eclipse/plugins/com.st.stm32cube.ide.mcu.externaltools.gnu-tools-for-stm32.10.3-2021.10.macos64_1.0.200.202301161003/tools/bin/../lib/gcc/arm-none-eabi/10.3.1/thumb/v7e-m+fp/hard/libgcc.a(_arm_cmpdf2.o)
                0x0000000008000964                __gedf2
                0x0000000008000964                __gtdf2
                0x000000000800096c                __ledf2
                0x000000000800096c                __ltdf2
                0x0000000008000974                __cmpdf2
                0x0000000008000974                __eqdf2
                0x0000000008000974                __nedf2
                0x00000000080009f0                __aeabi_cdrcmple
                0x0000000008000a00                __aeabi_cdcmple
                0x0000000008000a00                __aeabi_cdcmpeq
                0x0000000008000a10                __aeabi_dcmpeq
                0x0000000008000a24                __aeabi_dcmplt
                0x0000000008000a38                __aeabi_dcmple
                0x0000000008000a4c                __aeabi_dcmpge
                0x0000000008000a60                __aeabi_dcmpgt
 .text          0x0000000008000a74       0x2c /Applications/STM32CubeIDE.app/Contents/Eclipse/plugins/com.st.stm32cube.ide.mcu.externaltools.gnu-tools-for-stm32.10.3-2021.10.macos64_1.0.200.202301161003/tools/bin/../lib/gcc/arm-none-eabi/10.3.1/thumb/v7e-m+fp/hard/libgcc.a(_arm_unorddf2.o)
                0x0000000008000a74                __aeabi_dcmpun
                0x0000000008000a74                __unorddf2
 .text          0x0000000008000aa0       0xa0 /Applications/STM32CubeIDE.app/Contents/Eclipse/plugins/com.st.stm32cube.ide.mcu.externaltools.gnu-tools-for-stm32.10.3-2021.10.macos64_1.0.200.202301161003/tools/bin/../lib/gcc/arm-none-eabi/10.3.1/thumb/v7e-m+fp/hard/libgcc.a(_arm_truncdfsf2.o)
                0x0000000008000aa0                __aeabi_d2f
                0x0000000008000aa0                __truncdfsf2
 *(.text*)
 .text.calculate_orientation
                0x0000000008000b40       0x84 ./Core/Src/calculate_orientation.o
                0x0000000008000b40                calculate_orientation
 *fill*         0x0000000008000bc4        0x4 
 .text.remap_angles_to_gimbals
                0x0000000008000bc8       0xec ./Core/Src/calculate_orientation.o
                0x0000000008000bc8                remap_angles_to_gimbals
 .text.reset_aux_frame
                0x0000000008000cb4       0x40 ./Core/Src/calculate_orientation.o
                0x0000000008000cb4                reset_aux_frame
 .text.convert_quaternion_to_euler
                0x0000000008000cf4      0x224 ./Core/Src/calculate_orientation.o
                0x0000000008000cf4                convert_quaternion_to_euler
 .text.MadgwickAHRSupdate
                0x0000000008000f18      0xe50 ./Core/Src/calculate_orientation.o
                0x0000000008000f18                MadgwickAHRSupdate
 .text.MadgwickAHRSupdateIMU
                0x0000000008001d68      0x668 ./Core/Src/calculate_orientation.o
                0x0000000008001d68                MadgwickAHRSupdateIMU
 .text.invSqrt  0x00000000080023d0       0x78 ./Core/Src/calculate_orientation.o
                0x00000000080023d0                invSqrt
 .text.lsm9ds1_read_reg
                0x0000000008002448       0x30 ./Core/Src/lsm9ds1_reg.o
                0x0000000008002448                lsm9ds1_read_reg
 .text.lsm9ds1_write_reg
                0x0000000008002478       0x30 ./Core/Src/lsm9ds1_reg.o
                0x0000000008002478                lsm9ds1_write_reg
 .text.lsm9ds1_from_fs4g_to_mg
                0x00000000080024a8       0x30 ./Core/Src/lsm9ds1_reg.o
                0x00000000080024a8                lsm9ds1_from_fs4g_to_mg
 .text.lsm9ds1_from_fs2000dps_to_mdps
                0x00000000080024d8       0x30 ./Core/Src/lsm9ds1_reg.o
                0x00000000080024d8                lsm9ds1_from_fs2000dps_to_mdps
 .text.lsm9ds1_from_fs16gauss_to_mG
                0x0000000008002508       0x30 ./Core/Src/lsm9ds1_reg.o
                0x0000000008002508                lsm9ds1_from_fs16gauss_to_mG
 .text.lsm9ds1_gy_full_scale_set
                0x0000000008002538       0x4c ./Core/Src/lsm9ds1_reg.o
                0x0000000008002538                lsm9ds1_gy_full_scale_set
 .text.lsm9ds1_imu_data_rate_set
                0x0000000008002584       0xca ./Core/Src/lsm9ds1_reg.o
                0x0000000008002584                lsm9ds1_imu_data_rate_set
 .text.lsm9ds1_xl_full_scale_set
                0x000000000800264e       0x4c ./Core/Src/lsm9ds1_reg.o
                0x000000000800264e                lsm9ds1_xl_full_scale_set
 .text.lsm9ds1_block_data_update_set
                0x000000000800269a       0x9e ./Core/Src/lsm9ds1_reg.o
                0x000000000800269a                lsm9ds1_block_data_update_set
 .text.lsm9ds1_mag_data_rate_set
                0x0000000008002738       0xf6 ./Core/Src/lsm9ds1_reg.o
                0x0000000008002738                lsm9ds1_mag_data_rate_set
 .text.lsm9ds1_mag_full_scale_set
                0x000000000800282e       0x4c ./Core/Src/lsm9ds1_reg.o
                0x000000000800282e                lsm9ds1_mag_full_scale_set
 .text.lsm9ds1_angular_rate_raw_get
                0x000000000800287a       0x96 ./Core/Src/lsm9ds1_reg.o
                0x000000000800287a                lsm9ds1_angular_rate_raw_get
 .text.lsm9ds1_acceleration_raw_get
                0x0000000008002910       0x96 ./Core/Src/lsm9ds1_reg.o
                0x0000000008002910                lsm9ds1_acceleration_raw_get
 .text.lsm9ds1_magnetic_raw_get
                0x00000000080029a6       0x96 ./Core/Src/lsm9ds1_reg.o
                0x00000000080029a6                lsm9ds1_magnetic_raw_get
 .text.lsm9ds1_dev_id_get
                0x0000000008002a3c       0x3a ./Core/Src/lsm9ds1_reg.o
                0x0000000008002a3c                lsm9ds1_dev_id_get
 .text.lsm9ds1_dev_status_get
                0x0000000008002a76       0x3a ./Core/Src/lsm9ds1_reg.o
                0x0000000008002a76                lsm9ds1_dev_status_get
 .text.lsm9ds1_dev_reset_set
                0x0000000008002ab0       0x8a ./Core/Src/lsm9ds1_reg.o
                0x0000000008002ab0                lsm9ds1_dev_reset_set
 .text.lsm9ds1_dev_reset_get
                0x0000000008002b3a       0x56 ./Core/Src/lsm9ds1_reg.o
                0x0000000008002b3a                lsm9ds1_dev_reset_get
 .text.lsm9ds1_gy_filter_lp_bandwidth_set
                0x0000000008002b90       0x4c ./Core/Src/lsm9ds1_reg.o
                0x0000000008002b90                lsm9ds1_gy_filter_lp_bandwidth_set
 .text.lsm9ds1_gy_filter_out_path_set
                0x0000000008002bdc       0x8a ./Core/Src/lsm9ds1_reg.o
                0x0000000008002bdc                lsm9ds1_gy_filter_out_path_set
 .text.lsm9ds1_gy_filter_hp_bandwidth_set
                0x0000000008002c66       0x4c ./Core/Src/lsm9ds1_reg.o
                0x0000000008002c66                lsm9ds1_gy_filter_hp_bandwidth_set
 .text.lsm9ds1_xl_filter_aalias_bandwidth_set
                0x0000000008002cb2       0x5e ./Core/Src/lsm9ds1_reg.o
                0x0000000008002cb2                lsm9ds1_xl_filter_aalias_bandwidth_set
 .text.lsm9ds1_xl_filter_out_path_set
                0x0000000008002d10       0x4c ./Core/Src/lsm9ds1_reg.o
                0x0000000008002d10                lsm9ds1_xl_filter_out_path_set
 .text.lsm9ds1_xl_filter_lp_bandwidth_set
                0x0000000008002d5c       0x5e ./Core/Src/lsm9ds1_reg.o
                0x0000000008002d5c                lsm9ds1_xl_filter_lp_bandwidth_set
 *fill*         0x0000000008002dba        0x2 
 .text.ADC_Read
                0x0000000008002dbc       0x58 ./Core/Src/main.o
 .text.ADC_Calibrate
                0x0000000008002e14       0x70 ./Core/Src/main.o
 .text.ADC_GetVal
                0x0000000008002e84       0x48 ./Core/Src/main.o
 *fill*         0x0000000008002ecc        0x4 
 .text.IMU_Read
                0x0000000008002ed0      0x2c0 ./Core/Src/main.o
 .text.IMU_Setup
                0x0000000008003190       0xf4 ./Core/Src/main.o
 .text.platform_write_imu
                0x0000000008003284       0x44 ./Core/Src/main.o
 .text.platform_write_mag
                0x00000000080032c8       0x4c ./Core/Src/main.o
 .text.platform_read_imu
                0x0000000008003314       0x44 ./Core/Src/main.o
 .text.platform_read_mag
                0x0000000008003358       0x4c ./Core/Src/main.o
 .text.platform_delay
                0x00000000080033a4       0x16 ./Core/Src/main.o
 *fill*         0x00000000080033ba        0x2 
 .text.main     0x00000000080033bc       0x50 ./Core/Src/main.o
                0x00000000080033bc                main
 .text.SystemClock_Config
                0x000000000800340c       0xbc ./Core/Src/main.o
                0x000000000800340c                SystemClock_Config
 .text.MX_ADC1_Init
                0x00000000080034c8      0x158 ./Core/Src/main.o
 .text.MX_ADC2_Init
                0x0000000008003620      0x118 ./Core/Src/main.o
 .text.MX_ADC3_Init
                0x0000000008003738      0x13c ./Core/Src/main.o
 .text.MX_ADC4_Init
                0x0000000008003874      0x118 ./Core/Src/main.o
 .text.MX_I2C1_Init
                0x000000000800398c       0x80 ./Core/Src/main.o
 .text.MX_GPIO_Init
                0x0000000008003a0c       0x78 ./Core/Src/main.o
 .text.Error_Handler
                0x0000000008003a84        0xa ./Core/Src/main.o
                0x0000000008003a84                Error_Handler
 *fill*         0x0000000008003a8e        0x2 
 .text.HAL_MspInit
                0x0000000008003a90       0x48 ./Core/Src/stm32f3xx_hal_msp.o
                0x0000000008003a90                HAL_MspInit
 .text.HAL_ADC_MspInit
                0x0000000008003ad8      0x1dc ./Core/Src/stm32f3xx_hal_msp.o
                0x0000000008003ad8                HAL_ADC_MspInit
 .text.HAL_I2C_MspInit
                0x0000000008003cb4      0x184 ./Core/Src/stm32f3xx_hal_msp.o
                0x0000000008003cb4                HAL_I2C_MspInit
 .text.NMI_Handler
                0x0000000008003e38        0x6 ./Core/Src/stm32f3xx_it.o
                0x0000000008003e38                NMI_Handler
 .text.HardFault_Handler
                0x0000000008003e3e        0x6 ./Core/Src/stm32f3xx_it.o
                0x0000000008003e3e                HardFault_Handler
 .text.MemManage_Handler
                0x0000000008003e44        0x6 ./Core/Src/stm32f3xx_it.o
                0x0000000008003e44                MemManage_Handler
 .text.BusFault_Handler
                0x0000000008003e4a        0x6 ./Core/Src/stm32f3xx_it.o
                0x0000000008003e4a                BusFault_Handler
 .text.UsageFault_Handler
                0x0000000008003e50        0x6 ./Core/Src/stm32f3xx_it.o
                0x0000000008003e50                UsageFault_Handler
 .text.SVC_Handler
                0x0000000008003e56        0xe ./Core/Src/stm32f3xx_it.o
                0x0000000008003e56                SVC_Handler
 .text.DebugMon_Handler
                0x0000000008003e64        0xe ./Core/Src/stm32f3xx_it.o
                0x0000000008003e64                DebugMon_Handler
 .text.PendSV_Handler
                0x0000000008003e72        0xe ./Core/Src/stm32f3xx_it.o
                0x0000000008003e72                PendSV_Handler
 .text.SysTick_Handler
                0x0000000008003e80        0xc ./Core/Src/stm32f3xx_it.o
                0x0000000008003e80                SysTick_Handler
 .text.I2C1_EV_IRQHandler
                0x0000000008003e8c       0x14 ./Core/Src/stm32f3xx_it.o
                0x0000000008003e8c                I2C1_EV_IRQHandler
 .text.I2C2_EV_IRQHandler
                0x0000000008003ea0       0x14 ./Core/Src/stm32f3xx_it.o
                0x0000000008003ea0                I2C2_EV_IRQHandler
 .text.SystemInit
                0x0000000008003eb4       0x24 ./Core/Src/system_stm32f3xx.o
                0x0000000008003eb4                SystemInit
 .text.lerp     0x0000000008003ed8       0x3c ./Core/Src/utils.o
                0x0000000008003ed8                lerp
 .text.Reset_Handler
                0x0000000008003f14       0x50 ./Core/Startup/startup_stm32f303vctx.o
                0x0000000008003f14                Reset_Handler
 .text.Default_Handler
                0x0000000008003f64        0x2 ./Core/Startup/startup_stm32f303vctx.o
                0x0000000008003f64                TIM1_BRK_TIM15_IRQHandler
                0x0000000008003f64                TIM8_TRG_COM_IRQHandler
                0x0000000008003f64                TIM8_CC_IRQHandler
                0x0000000008003f64                TIM1_CC_IRQHandler
                0x0000000008003f64                USB_HP_IRQHandler
                0x0000000008003f64                PVD_IRQHandler
                0x0000000008003f64                TAMP_STAMP_IRQHandler
                0x0000000008003f64                EXTI3_IRQHandler
                0x0000000008003f64                USB_HP_CAN_TX_IRQHandler
                0x0000000008003f64                EXTI0_IRQHandler
                0x0000000008003f64                FPU_IRQHandler
                0x0000000008003f64                TIM1_UP_TIM16_IRQHandler
                0x0000000008003f64                ADC1_2_IRQHandler
                0x0000000008003f64                SPI1_IRQHandler
                0x0000000008003f64                CAN_SCE_IRQHandler
                0x0000000008003f64                TIM6_DAC_IRQHandler
                0x0000000008003f64                TIM8_UP_IRQHandler
                0x0000000008003f64                DMA2_Channel2_IRQHandler
                0x0000000008003f64                DMA1_Channel4_IRQHandler
                0x0000000008003f64                USART3_IRQHandler
                0x0000000008003f64                DMA1_Channel7_IRQHandler
                0x0000000008003f64                UART5_IRQHandler
                0x0000000008003f64                ADC3_IRQHandler
                0x0000000008003f64                TIM4_IRQHandler
                0x0000000008003f64                CAN_RX1_IRQHandler
                0x0000000008003f64                DMA2_Channel1_IRQHandler
                0x0000000008003f64                DMA1_Channel6_IRQHandler
                0x0000000008003f64                UART4_IRQHandler
                0x0000000008003f64                DMA2_Channel4_IRQHandler
                0x0000000008003f64                TIM3_IRQHandler
                0x0000000008003f64                RCC_IRQHandler
                0x0000000008003f64                DMA1_Channel1_IRQHandler
                0x0000000008003f64                Default_Handler
                0x0000000008003f64                USBWakeUp_RMP_IRQHandler
                0x0000000008003f64                EXTI15_10_IRQHandler
                0x0000000008003f64                TIM7_IRQHandler
                0x0000000008003f64                EXTI9_5_IRQHandler
                0x0000000008003f64                RTC_WKUP_IRQHandler
                0x0000000008003f64                SPI2_IRQHandler
                0x0000000008003f64                USB_LP_CAN_RX0_IRQHandler
                0x0000000008003f64                DMA2_Channel5_IRQHandler
                0x0000000008003f64                DMA1_Channel5_IRQHandler
                0x0000000008003f64                USB_LP_IRQHandler
                0x0000000008003f64                EXTI4_IRQHandler
                0x0000000008003f64                TIM1_TRG_COM_TIM17_IRQHandler
                0x0000000008003f64                DMA1_Channel3_IRQHandler
                0x0000000008003f64                ADC4_IRQHandler
                0x0000000008003f64                WWDG_IRQHandler
                0x0000000008003f64                TIM2_IRQHandler
                0x0000000008003f64                COMP7_IRQHandler
                0x0000000008003f64                COMP1_2_3_IRQHandler
                0x0000000008003f64                EXTI1_IRQHandler
                0x0000000008003f64                USART2_IRQHandler
                0x0000000008003f64                COMP4_5_6_IRQHandler
                0x0000000008003f64                I2C2_ER_IRQHandler
                0x0000000008003f64                DMA1_Channel2_IRQHandler
                0x0000000008003f64                TIM8_BRK_IRQHandler
                0x0000000008003f64                FLASH_IRQHandler
                0x0000000008003f64                USART1_IRQHandler
                0x0000000008003f64                SPI3_IRQHandler
                0x0000000008003f64                I2C1_ER_IRQHandler
                0x0000000008003f64                USBWakeUp_IRQHandler
                0x0000000008003f64                DMA2_Channel3_IRQHandler
                0x0000000008003f64                EXTI2_TSC_IRQHandler
                0x0000000008003f64                RTC_Alarm_IRQHandler
 *fill*         0x0000000008003f66        0x2 
 .text.HAL_Init
                0x0000000008003f68       0x2c ./Drivers/STM32F3xx_HAL_Driver/Src/stm32f3xx_hal.o
                0x0000000008003f68                HAL_Init
 .text.HAL_InitTick
                0x0000000008003f94       0x60 ./Drivers/STM32F3xx_HAL_Driver/Src/stm32f3xx_hal.o
                0x0000000008003f94                HAL_InitTick
 .text.HAL_IncTick
                0x0000000008003ff4       0x28 ./Drivers/STM32F3xx_HAL_Driver/Src/stm32f3xx_hal.o
                0x0000000008003ff4                HAL_IncTick
 .text.HAL_GetTick
                0x000000000800401c       0x18 ./Drivers/STM32F3xx_HAL_Driver/Src/stm32f3xx_hal.o
                0x000000000800401c                HAL_GetTick
 .text.HAL_Delay
                0x0000000008004034       0x48 ./Drivers/STM32F3xx_HAL_Driver/Src/stm32f3xx_hal.o
                0x0000000008004034                HAL_Delay
 .text.HAL_ADC_Init
                0x000000000800407c      0x3c0 ./Drivers/STM32F3xx_HAL_Driver/Src/stm32f3xx_hal_adc_ex.o
                0x000000000800407c                HAL_ADC_Init
 .text.HAL_ADC_ConfigChannel
                0x000000000800443c      0x5d8 ./Drivers/STM32F3xx_HAL_Driver/Src/stm32f3xx_hal_adc_ex.o
                0x000000000800443c                HAL_ADC_ConfigChannel
 .text.HAL_ADCEx_MultiModeConfigChannel
                0x0000000008004a14      0x1e4 ./Drivers/STM32F3xx_HAL_Driver/Src/stm32f3xx_hal_adc_ex.o
                0x0000000008004a14                HAL_ADCEx_MultiModeConfigChannel
 .text.ADC_Disable
                0x0000000008004bf8       0xcc ./Drivers/STM32F3xx_HAL_Driver/Src/stm32f3xx_hal_adc_ex.o
 .text.__NVIC_SetPriorityGrouping
                0x0000000008004cc4       0x48 ./Drivers/STM32F3xx_HAL_Driver/Src/stm32f3xx_hal_cortex.o
 .text.__NVIC_GetPriorityGrouping
                0x0000000008004d0c       0x1c ./Drivers/STM32F3xx_HAL_Driver/Src/stm32f3xx_hal_cortex.o
 .text.__NVIC_EnableIRQ
                0x0000000008004d28       0x3c ./Drivers/STM32F3xx_HAL_Driver/Src/stm32f3xx_hal_cortex.o
 .text.__NVIC_SetPriority
                0x0000000008004d64       0x54 ./Drivers/STM32F3xx_HAL_Driver/Src/stm32f3xx_hal_cortex.o
 .text.NVIC_EncodePriority
                0x0000000008004db8       0x66 ./Drivers/STM32F3xx_HAL_Driver/Src/stm32f3xx_hal_cortex.o
 *fill*         0x0000000008004e1e        0x2 
 .text.SysTick_Config
                0x0000000008004e20       0x44 ./Drivers/STM32F3xx_HAL_Driver/Src/stm32f3xx_hal_cortex.o
 .text.HAL_NVIC_SetPriorityGrouping
                0x0000000008004e64       0x16 ./Drivers/STM32F3xx_HAL_Driver/Src/stm32f3xx_hal_cortex.o
                0x0000000008004e64                HAL_NVIC_SetPriorityGrouping
 .text.HAL_NVIC_SetPriority
                0x0000000008004e7a       0x38 ./Drivers/STM32F3xx_HAL_Driver/Src/stm32f3xx_hal_cortex.o
                0x0000000008004e7a                HAL_NVIC_SetPriority
 .text.HAL_NVIC_EnableIRQ
                0x0000000008004eb2       0x1c ./Drivers/STM32F3xx_HAL_Driver/Src/stm32f3xx_hal_cortex.o
                0x0000000008004eb2                HAL_NVIC_EnableIRQ
 .text.HAL_SYSTICK_Config
                0x0000000008004ece       0x18 ./Drivers/STM32F3xx_HAL_Driver/Src/stm32f3xx_hal_cortex.o
                0x0000000008004ece                HAL_SYSTICK_Config
 *fill*         0x0000000008004ee6        0x2 
 .text.HAL_GPIO_Init
                0x0000000008004ee8      0x2f4 ./Drivers/STM32F3xx_HAL_Driver/Src/stm32f3xx_hal_gpio.o
                0x0000000008004ee8                HAL_GPIO_Init
 .text.HAL_I2C_Init
                0x00000000080051dc      0x11e ./Drivers/STM32F3xx_HAL_Driver/Src/stm32f3xx_hal_i2c.o
                0x00000000080051dc                HAL_I2C_Init
 *fill*         0x00000000080052fa        0x2 
 .text.HAL_I2C_Mem_Write
                0x00000000080052fc      0x228 ./Drivers/STM32F3xx_HAL_Driver/Src/stm32f3xx_hal_i2c.o
                0x00000000080052fc                HAL_I2C_Mem_Write
 .text.HAL_I2C_Mem_Read
                0x0000000008005524      0x234 ./Drivers/STM32F3xx_HAL_Driver/Src/stm32f3xx_hal_i2c.o
                0x0000000008005524                HAL_I2C_Mem_Read
 .text.HAL_I2C_EV_IRQHandler
                0x0000000008005758       0x34 ./Drivers/STM32F3xx_HAL_Driver/Src/stm32f3xx_hal_i2c.o
                0x0000000008005758                HAL_I2C_EV_IRQHandler
 .text.I2C_RequestMemoryWrite
                0x000000000800578c       0xa8 ./Drivers/STM32F3xx_HAL_Driver/Src/stm32f3xx_hal_i2c.o
 .text.I2C_RequestMemoryRead
                0x0000000008005834       0xa8 ./Drivers/STM32F3xx_HAL_Driver/Src/stm32f3xx_hal_i2c.o
 .text.I2C_Flush_TXDR
                0x00000000080058dc       0x48 ./Drivers/STM32F3xx_HAL_Driver/Src/stm32f3xx_hal_i2c.o
 .text.I2C_WaitOnFlagUntilTimeout
                0x0000000008005924       0x9e ./Drivers/STM32F3xx_HAL_Driver/Src/stm32f3xx_hal_i2c.o
 .text.I2C_WaitOnTXISFlagUntilTimeout
                0x00000000080059c2       0x8e ./Drivers/STM32F3xx_HAL_Driver/Src/stm32f3xx_hal_i2c.o
 .text.I2C_WaitOnSTOPFlagUntilTimeout
                0x0000000008005a50       0x86 ./Drivers/STM32F3xx_HAL_Driver/Src/stm32f3xx_hal_i2c.o
 *fill*         0x0000000008005ad6        0x2 
 .text.I2C_IsErrorOccurred
                0x0000000008005ad8      0x1c0 ./Drivers/STM32F3xx_HAL_Driver/Src/stm32f3xx_hal_i2c.o
 .text.I2C_TransferConfig
                0x0000000008005c98       0x64 ./Drivers/STM32F3xx_HAL_Driver/Src/stm32f3xx_hal_i2c.o
 .text.HAL_I2CEx_ConfigAnalogFilter
                0x0000000008005cfc       0x96 ./Drivers/STM32F3xx_HAL_Driver/Src/stm32f3xx_hal_i2c_ex.o
                0x0000000008005cfc                HAL_I2CEx_ConfigAnalogFilter
 .text.HAL_I2CEx_ConfigDigitalFilter
                0x0000000008005d92       0x98 ./Drivers/STM32F3xx_HAL_Driver/Src/stm32f3xx_hal_i2c_ex.o
                0x0000000008005d92                HAL_I2CEx_ConfigDigitalFilter
 *fill*         0x0000000008005e2a        0x2 
 .text.HAL_RCC_OscConfig
                0x0000000008005e2c     0x107c ./Drivers/STM32F3xx_HAL_Driver/Src/stm32f3xx_hal_rcc.o
                0x0000000008005e2c                HAL_RCC_OscConfig
 .text.HAL_RCC_ClockConfig
                0x0000000008006ea8      0x2f8 ./Drivers/STM32F3xx_HAL_Driver/Src/stm32f3xx_hal_rcc.o
                0x0000000008006ea8                HAL_RCC_ClockConfig
 .text.HAL_RCC_GetSysClockFreq
                0x00000000080071a0       0xd4 ./Drivers/STM32F3xx_HAL_Driver/Src/stm32f3xx_hal_rcc.o
                0x00000000080071a0                HAL_RCC_GetSysClockFreq
 .text.HAL_RCCEx_PeriphCLKConfig
                0x0000000008007274      0x360 ./Drivers/STM32F3xx_HAL_Driver/Src/stm32f3xx_hal_rcc_ex.o
                0x0000000008007274                HAL_RCCEx_PeriphCLKConfig
 .text.__errno  0x00000000080075d4        0xc /Applications/STM32CubeIDE.app/Contents/Eclipse/plugins/com.st.stm32cube.ide.mcu.externaltools.gnu-tools-for-stm32.10.3-2021.10.macos64_1.0.200.202301161003/tools/bin/../lib/gcc/arm-none-eabi/10.3.1/../../../../arm-none-eabi/lib/thumb/v7e-m+fp/hard/libc_nano.a(lib_a-errno.o)
                0x00000000080075d4                __errno
 .text.__libc_init_array
                0x00000000080075e0       0x48 /Applications/STM32CubeIDE.app/Contents/Eclipse/plugins/com.st.stm32cube.ide.mcu.externaltools.gnu-tools-for-stm32.10.3-2021.10.macos64_1.0.200.202301161003/tools/bin/../lib/gcc/arm-none-eabi/10.3.1/../../../../arm-none-eabi/lib/thumb/v7e-m+fp/hard/libc_nano.a(lib_a-init.o)
                0x00000000080075e0                __libc_init_array
 .text.memset   0x0000000008007628       0x10 /Applications/STM32CubeIDE.app/Contents/Eclipse/plugins/com.st.stm32cube.ide.mcu.externaltools.gnu-tools-for-stm32.10.3-2021.10.macos64_1.0.200.202301161003/tools/bin/../lib/gcc/arm-none-eabi/10.3.1/../../../../arm-none-eabi/lib/thumb/v7e-m+fp/hard/libc_nano.a(lib_a-memset.o)
                0x0000000008007628                memset
 .text.asin     0x0000000008007638       0x68 /Applications/STM32CubeIDE.app/Contents/Eclipse/plugins/com.st.stm32cube.ide.mcu.externaltools.gnu-tools-for-stm32.10.3-2021.10.macos64_1.0.200.202301161003/tools/bin/../lib/gcc/arm-none-eabi/10.3.1/../../../../arm-none-eabi/lib/thumb/v7e-m+fp/hard/libm.a(lib_a-w_asin.o)
                0x0000000008007638                asin
 .text.atan2    0x00000000080076a0        0x4 /Applications/STM32CubeIDE.app/Contents/Eclipse/plugins/com.st.stm32cube.ide.mcu.externaltools.gnu-tools-for-stm32.10.3-2021.10.macos64_1.0.200.202301161003/tools/bin/../lib/gcc/arm-none-eabi/10.3.1/../../../../arm-none-eabi/lib/thumb/v7e-m+fp/hard/libm.a(lib_a-w_atan2.o)
                0x00000000080076a0                atan2
 .text.sqrt     0x00000000080076a4       0x58 /Applications/STM32CubeIDE.app/Contents/Eclipse/plugins/com.st.stm32cube.ide.mcu.externaltools.gnu-tools-for-stm32.10.3-2021.10.macos64_1.0.200.202301161003/tools/bin/../lib/gcc/arm-none-eabi/10.3.1/../../../../arm-none-eabi/lib/thumb/v7e-m+fp/hard/libm.a(lib_a-w_sqrt.o)
                0x00000000080076a4                sqrt
 *fill*         0x00000000080076fc        0x4 
 .text.__ieee754_asin
                0x0000000008007700      0x428 /Applications/STM32CubeIDE.app/Contents/Eclipse/plugins/com.st.stm32cube.ide.mcu.externaltools.gnu-tools-for-stm32.10.3-2021.10.macos64_1.0.200.202301161003/tools/bin/../lib/gcc/arm-none-eabi/10.3.1/../../../../arm-none-eabi/lib/thumb/v7e-m+fp/hard/libm.a(lib_a-e_asin.o)
                0x0000000008007700                __ieee754_asin
 .text.__ieee754_atan2
                0x0000000008007b28      0x194 /Applications/STM32CubeIDE.app/Contents/Eclipse/plugins/com.st.stm32cube.ide.mcu.externaltools.gnu-tools-for-stm32.10.3-2021.10.macos64_1.0.200.202301161003/tools/bin/../lib/gcc/arm-none-eabi/10.3.1/../../../../arm-none-eabi/lib/thumb/v7e-m+fp/hard/libm.a(lib_a-e_atan2.o)
                0x0000000008007b28                __ieee754_atan2
 .text.__ieee754_sqrt
                0x0000000008007cbc      0x164 /Applications/STM32CubeIDE.app/Contents/Eclipse/plugins/com.st.stm32cube.ide.mcu.externaltools.gnu-tools-for-stm32.10.3-2021.10.macos64_1.0.200.202301161003/tools/bin/../lib/gcc/arm-none-eabi/10.3.1/../../../../arm-none-eabi/lib/thumb/v7e-m+fp/hard/libm.a(lib_a-e_sqrt.o)
                0x0000000008007cbc                __ieee754_sqrt
 .text.atan     0x0000000008007e20      0x340 /Applications/STM32CubeIDE.app/Contents/Eclipse/plugins/com.st.stm32cube.ide.mcu.externaltools.gnu-tools-for-stm32.10.3-2021.10.macos64_1.0.200.202301161003/tools/bin/../lib/gcc/arm-none-eabi/10.3.1/../../../../arm-none-eabi/lib/thumb/v7e-m+fp/hard/libm.a(lib_a-s_atan.o)
                0x0000000008007e20                atan
 .text.fabs     0x0000000008008160       0x12 /Applications/STM32CubeIDE.app/Contents/Eclipse/plugins/com.st.stm32cube.ide.mcu.externaltools.gnu-tools-for-stm32.10.3-2021.10.macos64_1.0.200.202301161003/tools/bin/../lib/gcc/arm-none-eabi/10.3.1/../../../../arm-none-eabi/lib/thumb/v7e-m+fp/hard/libm.a(lib_a-s_fabs.o)
                0x0000000008008160                fabs
 *fill*         0x0000000008008172        0x6 
 .text.nan      0x0000000008008178       0x10 /Applications/STM32CubeIDE.app/Contents/Eclipse/plugins/com.st.stm32cube.ide.mcu.externaltools.gnu-tools-for-stm32.10.3-2021.10.macos64_1.0.200.202301161003/tools/bin/../lib/gcc/arm-none-eabi/10.3.1/../../../../arm-none-eabi/lib/thumb/v7e-m+fp/hard/libm.a(lib_a-s_nan.o)
                0x0000000008008178                nan
 *(.glue_7)
 .glue_7        0x0000000008008188        0x0 linker stubs
 *(.glue_7t)
 .glue_7t       0x0000000008008188        0x0 linker stubs
 *(.eh_frame)
 .eh_frame      0x0000000008008188        0x0 /Applications/STM32CubeIDE.app/Contents/Eclipse/plugins/com.st.stm32cube.ide.mcu.externaltools.gnu-tools-for-stm32.10.3-2021.10.macos64_1.0.200.202301161003/tools/bin/../lib/gcc/arm-none-eabi/10.3.1/thumb/v7e-m+fp/hard/crtbegin.o
 *(.init)
 .init          0x0000000008008188        0x4 /Applications/STM32CubeIDE.app/Contents/Eclipse/plugins/com.st.stm32cube.ide.mcu.externaltools.gnu-tools-for-stm32.10.3-2021.10.macos64_1.0.200.202301161003/tools/bin/../lib/gcc/arm-none-eabi/10.3.1/thumb/v7e-m+fp/hard/crti.o
                0x0000000008008188                _init
 .init          0x000000000800818c        0x8 /Applications/STM32CubeIDE.app/Contents/Eclipse/plugins/com.st.stm32cube.ide.mcu.externaltools.gnu-tools-for-stm32.10.3-2021.10.macos64_1.0.200.202301161003/tools/bin/../lib/gcc/arm-none-eabi/10.3.1/thumb/v7e-m+fp/hard/crtn.o
 *(.fini)
 .fini          0x0000000008008194        0x4 /Applications/STM32CubeIDE.app/Contents/Eclipse/plugins/com.st.stm32cube.ide.mcu.externaltools.gnu-tools-for-stm32.10.3-2021.10.macos64_1.0.200.202301161003/tools/bin/../lib/gcc/arm-none-eabi/10.3.1/thumb/v7e-m+fp/hard/crti.o
                0x0000000008008194                _fini
 .fini          0x0000000008008198        0x8 /Applications/STM32CubeIDE.app/Contents/Eclipse/plugins/com.st.stm32cube.ide.mcu.externaltools.gnu-tools-for-stm32.10.3-2021.10.macos64_1.0.200.202301161003/tools/bin/../lib/gcc/arm-none-eabi/10.3.1/thumb/v7e-m+fp/hard/crtn.o
                0x00000000080081a0                . = ALIGN (0x4)
                0x00000000080081a0                _etext = .

.vfp11_veneer   0x00000000080081a0        0x0
 .vfp11_veneer  0x00000000080081a0        0x0 linker stubs

.v4_bx          0x00000000080081a0        0x0
 .v4_bx         0x00000000080081a0        0x0 linker stubs

.iplt           0x00000000080081a0        0x0
 .iplt          0x00000000080081a0        0x0 /Applications/STM32CubeIDE.app/Contents/Eclipse/plugins/com.st.stm32cube.ide.mcu.externaltools.gnu-tools-for-stm32.10.3-2021.10.macos64_1.0.200.202301161003/tools/bin/../lib/gcc/arm-none-eabi/10.3.1/thumb/v7e-m+fp/hard/crtbegin.o

.rodata         0x00000000080081a0      0x108
                0x00000000080081a0                . = ALIGN (0x4)
 *(.rodata)
 *(.rodata*)
 .rodata.AHBPrescTable
                0x00000000080081a0       0x10 ./Core/Src/system_stm32f3xx.o
                0x00000000080081a0                AHBPrescTable
 .rodata.aPLLMULFactorTable
                0x00000000080081b0       0x10 ./Drivers/STM32F3xx_HAL_Driver/Src/stm32f3xx_hal_rcc.o
 .rodata.aPredivFactorTable
                0x00000000080081c0       0x10 ./Drivers/STM32F3xx_HAL_Driver/Src/stm32f3xx_hal_rcc.o
 .rodata.__sf_fake_stderr
                0x00000000080081d0       0x20 /Applications/STM32CubeIDE.app/Contents/Eclipse/plugins/com.st.stm32cube.ide.mcu.externaltools.gnu-tools-for-stm32.10.3-2021.10.macos64_1.0.200.202301161003/tools/bin/../lib/gcc/arm-none-eabi/10.3.1/../../../../arm-none-eabi/lib/thumb/v7e-m+fp/hard/libc_nano.a(lib_a-findfp.o)
                0x00000000080081d0                __sf_fake_stderr
 .rodata.__sf_fake_stdin
                0x00000000080081f0       0x20 /Applications/STM32CubeIDE.app/Contents/Eclipse/plugins/com.st.stm32cube.ide.mcu.externaltools.gnu-tools-for-stm32.10.3-2021.10.macos64_1.0.200.202301161003/tools/bin/../lib/gcc/arm-none-eabi/10.3.1/../../../../arm-none-eabi/lib/thumb/v7e-m+fp/hard/libc_nano.a(lib_a-findfp.o)
                0x00000000080081f0                __sf_fake_stdin
 .rodata.__sf_fake_stdout
                0x0000000008008210       0x20 /Applications/STM32CubeIDE.app/Contents/Eclipse/plugins/com.st.stm32cube.ide.mcu.externaltools.gnu-tools-for-stm32.10.3-2021.10.macos64_1.0.200.202301161003/tools/bin/../lib/gcc/arm-none-eabi/10.3.1/../../../../arm-none-eabi/lib/thumb/v7e-m+fp/hard/libc_nano.a(lib_a-findfp.o)
                0x0000000008008210                __sf_fake_stdout
 .rodata.asin.str1.1
                0x0000000008008230        0x1 /Applications/STM32CubeIDE.app/Contents/Eclipse/plugins/com.st.stm32cube.ide.mcu.externaltools.gnu-tools-for-stm32.10.3-2021.10.macos64_1.0.200.202301161003/tools/bin/../lib/gcc/arm-none-eabi/10.3.1/../../../../arm-none-eabi/lib/thumb/v7e-m+fp/hard/libm.a(lib_a-w_asin.o)
 *fill*         0x0000000008008231        0x7 
 .rodata.CSWTCH.8
                0x0000000008008238       0x18 /Applications/STM32CubeIDE.app/Contents/Eclipse/plugins/com.st.stm32cube.ide.mcu.externaltools.gnu-tools-for-stm32.10.3-2021.10.macos64_1.0.200.202301161003/tools/bin/../lib/gcc/arm-none-eabi/10.3.1/../../../../arm-none-eabi/lib/thumb/v7e-m+fp/hard/libm.a(lib_a-e_atan2.o)
 .rodata.CSWTCH.9
                0x0000000008008250       0x18 /Applications/STM32CubeIDE.app/Contents/Eclipse/plugins/com.st.stm32cube.ide.mcu.externaltools.gnu-tools-for-stm32.10.3-2021.10.macos64_1.0.200.202301161003/tools/bin/../lib/gcc/arm-none-eabi/10.3.1/../../../../arm-none-eabi/lib/thumb/v7e-m+fp/hard/libm.a(lib_a-e_atan2.o)
 .rodata.atanhi
                0x0000000008008268       0x20 /Applications/STM32CubeIDE.app/Contents/Eclipse/plugins/com.st.stm32cube.ide.mcu.externaltools.gnu-tools-for-stm32.10.3-2021.10.macos64_1.0.200.202301161003/tools/bin/../lib/gcc/arm-none-eabi/10.3.1/../../../../arm-none-eabi/lib/thumb/v7e-m+fp/hard/libm.a(lib_a-s_atan.o)
 .rodata.atanlo
                0x0000000008008288       0x20 /Applications/STM32CubeIDE.app/Contents/Eclipse/plugins/com.st.stm32cube.ide.mcu.externaltools.gnu-tools-for-stm32.10.3-2021.10.macos64_1.0.200.202301161003/tools/bin/../lib/gcc/arm-none-eabi/10.3.1/../../../../arm-none-eabi/lib/thumb/v7e-m+fp/hard/libm.a(lib_a-s_atan.o)
                0x00000000080082a8                . = ALIGN (0x4)

.rel.dyn        0x00000000080082a8        0x0
 .rel.iplt      0x00000000080082a8        0x0 /Applications/STM32CubeIDE.app/Contents/Eclipse/plugins/com.st.stm32cube.ide.mcu.externaltools.gnu-tools-for-stm32.10.3-2021.10.macos64_1.0.200.202301161003/tools/bin/../lib/gcc/arm-none-eabi/10.3.1/thumb/v7e-m+fp/hard/crtbegin.o

.ARM.extab      0x00000000080082a8        0x0
                0x00000000080082a8                . = ALIGN (0x4)
 *(.ARM.extab* .gnu.linkonce.armextab.*)
                0x00000000080082a8                . = ALIGN (0x4)

.ARM            0x00000000080082a8        0x0
                0x00000000080082a8                . = ALIGN (0x4)
                0x00000000080082a8                __exidx_start = .
 *(.ARM.exidx*)
                0x00000000080082a8                __exidx_end = .
                0x00000000080082a8                . = ALIGN (0x4)

.preinit_array  0x00000000080082a8        0x0
                0x00000000080082a8                . = ALIGN (0x4)
                0x00000000080082a8                PROVIDE (__preinit_array_start = .)
 *(.preinit_array*)
                0x00000000080082a8                PROVIDE (__preinit_array_end = .)
                0x00000000080082a8                . = ALIGN (0x4)

.init_array     0x00000000080082a8        0x4
                0x00000000080082a8                . = ALIGN (0x4)
                0x00000000080082a8                PROVIDE (__init_array_start = .)
 *(SORT_BY_NAME(.init_array.*))
 *(.init_array*)
 .init_array    0x00000000080082a8        0x4 /Applications/STM32CubeIDE.app/Contents/Eclipse/plugins/com.st.stm32cube.ide.mcu.externaltools.gnu-tools-for-stm32.10.3-2021.10.macos64_1.0.200.202301161003/tools/bin/../lib/gcc/arm-none-eabi/10.3.1/thumb/v7e-m+fp/hard/crtbegin.o
                0x00000000080082ac                PROVIDE (__init_array_end = .)
                0x00000000080082ac                . = ALIGN (0x4)

.fini_array     0x00000000080082ac        0x4
                0x00000000080082ac                . = ALIGN (0x4)
                [!provide]                        PROVIDE (__fini_array_start = .)
 *(SORT_BY_NAME(.fini_array.*))
 *(.fini_array*)
 .fini_array    0x00000000080082ac        0x4 /Applications/STM32CubeIDE.app/Contents/Eclipse/plugins/com.st.stm32cube.ide.mcu.externaltools.gnu-tools-for-stm32.10.3-2021.10.macos64_1.0.200.202301161003/tools/bin/../lib/gcc/arm-none-eabi/10.3.1/thumb/v7e-m+fp/hard/crtbegin.o
                [!provide]                        PROVIDE (__fini_array_end = .)
                0x00000000080082b0                . = ALIGN (0x4)
                0x00000000080082b0                _sidata = LOADADDR (.data)

.data           0x0000000020000000       0x98 load address 0x00000000080082b0
                0x0000000020000000                . = ALIGN (0x4)
                0x0000000020000000                _sdata = .
 *(.data)
 *(.data*)
 .data.beta     0x0000000020000000        0x4 ./Core/Src/calculate_orientation.o
                0x0000000020000000                beta
 .data.mag_bus  0x0000000020000004       0x10 ./Core/Src/main.o
 .data.imu_bus  0x0000000020000014       0x10 ./Core/Src/main.o
 .data.q0       0x0000000020000024        0x4 ./Core/Src/main.o
                0x0000000020000024                q0
 .data.SystemCoreClock
                0x0000000020000028        0x4 ./Core/Src/system_stm32f3xx.o
                0x0000000020000028                SystemCoreClock
 .data.uwTickPrio
                0x000000002000002c        0x4 ./Drivers/STM32F3xx_HAL_Driver/Src/stm32f3xx_hal.o
                0x000000002000002c                uwTickPrio
 .data.uwTickFreq
                0x0000000020000030        0x1 ./Drivers/STM32F3xx_HAL_Driver/Src/stm32f3xx_hal.o
                0x0000000020000030                uwTickFreq
 *fill*         0x0000000020000031        0x3 
 .data._impure_ptr
                0x0000000020000034        0x4 /Applications/STM32CubeIDE.app/Contents/Eclipse/plugins/com.st.stm32cube.ide.mcu.externaltools.gnu-tools-for-stm32.10.3-2021.10.macos64_1.0.200.202301161003/tools/bin/../lib/gcc/arm-none-eabi/10.3.1/../../../../arm-none-eabi/lib/thumb/v7e-m+fp/hard/libc_nano.a(lib_a-impure.o)
                0x0000000020000034                _impure_ptr
 .data.impure_data
                0x0000000020000038       0x60 /Applications/STM32CubeIDE.app/Contents/Eclipse/plugins/com.st.stm32cube.ide.mcu.externaltools.gnu-tools-for-stm32.10.3-2021.10.macos64_1.0.200.202301161003/tools/bin/../lib/gcc/arm-none-eabi/10.3.1/../../../../arm-none-eabi/lib/thumb/v7e-m+fp/hard/libc_nano.a(lib_a-impure.o)
 *(.RamFunc)
 *(.RamFunc*)
                0x0000000020000098                . = ALIGN (0x4)
                0x0000000020000098                _edata = .
                0x0000000008008348                _siccmram = LOADADDR (.ccmram)

.igot.plt       0x0000000020000098        0x0 load address 0x0000000008008348
 .igot.plt      0x0000000020000098        0x0 /Applications/STM32CubeIDE.app/Contents/Eclipse/plugins/com.st.stm32cube.ide.mcu.externaltools.gnu-tools-for-stm32.10.3-2021.10.macos64_1.0.200.202301161003/tools/bin/../lib/gcc/arm-none-eabi/10.3.1/thumb/v7e-m+fp/hard/crtbegin.o

.ccmram         0x0000000010000000        0x0 load address 0x0000000008008348
                0x0000000010000000                . = ALIGN (0x4)
                0x0000000010000000                _sccmram = .
 *(.ccmram)
 *(.ccmram*)
                0x0000000010000000                . = ALIGN (0x4)
                0x0000000010000000                _eccmram = .
                0x0000000010000000                . = ALIGN (0x4)

.bss            0x0000000020000098      0x2a8
                0x0000000020000098                _sbss = .
                0x0000000020000098                __bss_start__ = _sbss
 *(.bss)
 .bss           0x0000000020000098       0x1c /Applications/STM32CubeIDE.app/Contents/Eclipse/plugins/com.st.stm32cube.ide.mcu.externaltools.gnu-tools-for-stm32.10.3-2021.10.macos64_1.0.200.202301161003/tools/bin/../lib/gcc/arm-none-eabi/10.3.1/thumb/v7e-m+fp/hard/crtbegin.o
 *(.bss*)
 .bss.remapped_angle_x
                0x00000000200000b4        0x4 ./Core/Src/calculate_orientation.o
                0x00000000200000b4                remapped_angle_x
 .bss.remapped_angle_y
                0x00000000200000b8        0x4 ./Core/Src/calculate_orientation.o
                0x00000000200000b8                remapped_angle_y
 .bss.data_raw_acceleration
                0x00000000200000bc        0x6 ./Core/Src/main.o
 *fill*         0x00000000200000c2        0x2 
 .bss.data_raw_angular_rate
                0x00000000200000c4        0x6 ./Core/Src/main.o
 *fill*         0x00000000200000ca        0x2 
 .bss.data_raw_magnetic_field
                0x00000000200000cc        0x6 ./Core/Src/main.o
 *fill*         0x00000000200000d2        0x2 
 .bss.whoamI    0x00000000200000d4        0x2 ./Core/Src/main.o
 *fill*         0x00000000200000d6        0x2 
 .bss.reg       0x00000000200000d8        0x2 ./Core/Src/main.o
 .bss.rst       0x00000000200000da        0x1 ./Core/Src/main.o
 *fill*         0x00000000200000db        0x1 
 .bss.hadc1     0x00000000200000dc       0x50 ./Core/Src/main.o
                0x00000000200000dc                hadc1
 .bss.hadc2     0x000000002000012c       0x50 ./Core/Src/main.o
                0x000000002000012c                hadc2
 .bss.hadc3     0x000000002000017c       0x50 ./Core/Src/main.o
                0x000000002000017c                hadc3
 .bss.hadc4     0x00000000200001cc       0x50 ./Core/Src/main.o
                0x00000000200001cc                hadc4
 .bss.hi2c1     0x000000002000021c       0x54 ./Core/Src/main.o
                0x000000002000021c                hi2c1
 .bss.hi2c2     0x0000000020000270       0x54 ./Core/Src/main.o
                0x0000000020000270                hi2c2
 .bss.q1        0x00000000200002c4        0x4 ./Core/Src/main.o
                0x00000000200002c4                q1
 .bss.q2        0x00000000200002c8        0x4 ./Core/Src/main.o
                0x00000000200002c8                q2
 .bss.q3        0x00000000200002cc        0x4 ./Core/Src/main.o
                0x00000000200002cc                q3
 .bss.angle_x   0x00000000200002d0        0x4 ./Core/Src/main.o
                0x00000000200002d0                angle_x
 .bss.angle_y   0x00000000200002d4        0x4 ./Core/Src/main.o
                0x00000000200002d4                angle_y
 .bss.gimbal_roll
                0x00000000200002d8        0x4 ./Core/Src/main.o
                0x00000000200002d8                gimbal_roll
 .bss.gimbal_pitch
                0x00000000200002dc        0x4 ./Core/Src/main.o
                0x00000000200002dc                gimbal_pitch
 .bss.gyro      0x00000000200002e0        0xc ./Core/Src/main.o
                0x00000000200002e0                gyro
 .bss.accel     0x00000000200002ec        0xc ./Core/Src/main.o
                0x00000000200002ec                accel
 .bss.mag       0x00000000200002f8        0xc ./Core/Src/main.o
                0x00000000200002f8                mag
 .bss.ADC1_val  0x0000000020000304        0x4 ./Core/Src/main.o
                0x0000000020000304                ADC1_val
 .bss.ADC2_val  0x0000000020000308        0x4 ./Core/Src/main.o
                0x0000000020000308                ADC2_val
 .bss.ADC3_val  0x000000002000030c        0x4 ./Core/Src/main.o
                0x000000002000030c                ADC3_val
 .bss.ADC4_val  0x0000000020000310        0x4 ./Core/Src/main.o
                0x0000000020000310                ADC4_val
 .bss.dev_ctx_imu
                0x0000000020000314       0x10 ./Core/Src/main.o
                0x0000000020000314                dev_ctx_imu
 .bss.dev_ctx_mag
                0x0000000020000324       0x10 ./Core/Src/main.o
                0x0000000020000324                dev_ctx_mag
 .bss.HAL_RCC_ADC12_CLK_ENABLED
                0x0000000020000334        0x4 ./Core/Src/stm32f3xx_hal_msp.o
 .bss.HAL_RCC_ADC34_CLK_ENABLED
                0x0000000020000338        0x4 ./Core/Src/stm32f3xx_hal_msp.o
 .bss.uwTick    0x000000002000033c        0x4 ./Drivers/STM32F3xx_HAL_Driver/Src/stm32f3xx_hal.o
                0x000000002000033c                uwTick
 *(COMMON)
                0x0000000020000340                . = ALIGN (0x4)
                0x0000000020000340                _ebss = .
                0x0000000020000340                __bss_end__ = _ebss

._user_heap_stack
                0x0000000020000340      0x600
                0x0000000020000340                . = ALIGN (0x8)
                [!provide]                        PROVIDE (end = .)
                0x0000000020000340                PROVIDE (_end = .)
                0x0000000020000540                . = (. + _Min_Heap_Size)
 *fill*         0x0000000020000340      0x200 
                0x0000000020000940                . = (. + _Min_Stack_Size)
 *fill*         0x0000000020000540      0x400 
                0x0000000020000940                . = ALIGN (0x8)

/DISCARD/
 libc.a(*)
 libm.a(*)
 libgcc.a(*)

.ARM.attributes
                0x0000000000000000       0x30
 *(.ARM.attributes)
 .ARM.attributes
                0x0000000000000000       0x1e /Applications/STM32CubeIDE.app/Contents/Eclipse/plugins/com.st.stm32cube.ide.mcu.externaltools.gnu-tools-for-stm32.10.3-2021.10.macos64_1.0.200.202301161003/tools/bin/../lib/gcc/arm-none-eabi/10.3.1/thumb/v7e-m+fp/hard/crti.o
 .ARM.attributes
                0x000000000000001e       0x34 /Applications/STM32CubeIDE.app/Contents/Eclipse/plugins/com.st.stm32cube.ide.mcu.externaltools.gnu-tools-for-stm32.10.3-2021.10.macos64_1.0.200.202301161003/tools/bin/../lib/gcc/arm-none-eabi/10.3.1/thumb/v7e-m+fp/hard/crtbegin.o
 .ARM.attributes
                0x0000000000000052       0x34 ./Core/Src/calculate_orientation.o
 .ARM.attributes
                0x0000000000000086       0x34 ./Core/Src/lsm9ds1_reg.o
 .ARM.attributes
                0x00000000000000ba       0x34 ./Core/Src/main.o
 .ARM.attributes
                0x00000000000000ee       0x34 ./Core/Src/stm32f3xx_hal_msp.o
 .ARM.attributes
                0x0000000000000122       0x34 ./Core/Src/stm32f3xx_it.o
 .ARM.attributes
                0x0000000000000156       0x34 ./Core/Src/system_stm32f3xx.o
 .ARM.attributes
                0x000000000000018a       0x34 ./Core/Src/utils.o
 .ARM.attributes
                0x00000000000001be       0x21 ./Core/Startup/startup_stm32f303vctx.o
 .ARM.attributes
                0x00000000000001df       0x34 ./Drivers/STM32F3xx_HAL_Driver/Src/stm32f3xx_hal.o
 .ARM.attributes
                0x0000000000000213       0x34 ./Drivers/STM32F3xx_HAL_Driver/Src/stm32f3xx_hal_adc_ex.o
 .ARM.attributes
                0x0000000000000247       0x34 ./Drivers/STM32F3xx_HAL_Driver/Src/stm32f3xx_hal_cortex.o
 .ARM.attributes
                0x000000000000027b       0x34 ./Drivers/STM32F3xx_HAL_Driver/Src/stm32f3xx_hal_gpio.o
 .ARM.attributes
                0x00000000000002af       0x34 ./Drivers/STM32F3xx_HAL_Driver/Src/stm32f3xx_hal_i2c.o
 .ARM.attributes
                0x00000000000002e3       0x34 ./Drivers/STM32F3xx_HAL_Driver/Src/stm32f3xx_hal_i2c_ex.o
 .ARM.attributes
                0x0000000000000317       0x34 ./Drivers/STM32F3xx_HAL_Driver/Src/stm32f3xx_hal_rcc.o
 .ARM.attributes
                0x000000000000034b       0x34 ./Drivers/STM32F3xx_HAL_Driver/Src/stm32f3xx_hal_rcc_ex.o
 .ARM.attributes
                0x000000000000037f       0x34 /Applications/STM32CubeIDE.app/Contents/Eclipse/plugins/com.st.stm32cube.ide.mcu.externaltools.gnu-tools-for-stm32.10.3-2021.10.macos64_1.0.200.202301161003/tools/bin/../lib/gcc/arm-none-eabi/10.3.1/../../../../arm-none-eabi/lib/thumb/v7e-m+fp/hard/libc_nano.a(lib_a-errno.o)
 .ARM.attributes
                0x00000000000003b3       0x34 /Applications/STM32CubeIDE.app/Contents/Eclipse/plugins/com.st.stm32cube.ide.mcu.externaltools.gnu-tools-for-stm32.10.3-2021.10.macos64_1.0.200.202301161003/tools/bin/../lib/gcc/arm-none-eabi/10.3.1/../../../../arm-none-eabi/lib/thumb/v7e-m+fp/hard/libc_nano.a(lib_a-impure.o)
 .ARM.attributes
                0x00000000000003e7       0x34 /Applications/STM32CubeIDE.app/Contents/Eclipse/plugins/com.st.stm32cube.ide.mcu.externaltools.gnu-tools-for-stm32.10.3-2021.10.macos64_1.0.200.202301161003/tools/bin/../lib/gcc/arm-none-eabi/10.3.1/../../../../arm-none-eabi/lib/thumb/v7e-m+fp/hard/libc_nano.a(lib_a-init.o)
 .ARM.attributes
                0x000000000000041b       0x34 /Applications/STM32CubeIDE.app/Contents/Eclipse/plugins/com.st.stm32cube.ide.mcu.externaltools.gnu-tools-for-stm32.10.3-2021.10.macos64_1.0.200.202301161003/tools/bin/../lib/gcc/arm-none-eabi/10.3.1/../../../../arm-none-eabi/lib/thumb/v7e-m+fp/hard/libc_nano.a(lib_a-memset.o)
 .ARM.attributes
                0x000000000000044f       0x34 /Applications/STM32CubeIDE.app/Contents/Eclipse/plugins/com.st.stm32cube.ide.mcu.externaltools.gnu-tools-for-stm32.10.3-2021.10.macos64_1.0.200.202301161003/tools/bin/../lib/gcc/arm-none-eabi/10.3.1/../../../../arm-none-eabi/lib/thumb/v7e-m+fp/hard/libc_nano.a(lib_a-findfp.o)
 .ARM.attributes
                0x0000000000000483       0x34 /Applications/STM32CubeIDE.app/Contents/Eclipse/plugins/com.st.stm32cube.ide.mcu.externaltools.gnu-tools-for-stm32.10.3-2021.10.macos64_1.0.200.202301161003/tools/bin/../lib/gcc/arm-none-eabi/10.3.1/../../../../arm-none-eabi/lib/thumb/v7e-m+fp/hard/libm.a(lib_a-w_asin.o)
 .ARM.attributes
                0x00000000000004b7       0x34 /Applications/STM32CubeIDE.app/Contents/Eclipse/plugins/com.st.stm32cube.ide.mcu.externaltools.gnu-tools-for-stm32.10.3-2021.10.macos64_1.0.200.202301161003/tools/bin/../lib/gcc/arm-none-eabi/10.3.1/../../../../arm-none-eabi/lib/thumb/v7e-m+fp/hard/libm.a(lib_a-w_atan2.o)
 .ARM.attributes
                0x00000000000004eb       0x34 /Applications/STM32CubeIDE.app/Contents/Eclipse/plugins/com.st.stm32cube.ide.mcu.externaltools.gnu-tools-for-stm32.10.3-2021.10.macos64_1.0.200.202301161003/tools/bin/../lib/gcc/arm-none-eabi/10.3.1/../../../../arm-none-eabi/lib/thumb/v7e-m+fp/hard/libm.a(lib_a-w_sqrt.o)
 .ARM.attributes
                0x000000000000051f       0x34 /Applications/STM32CubeIDE.app/Contents/Eclipse/plugins/com.st.stm32cube.ide.mcu.externaltools.gnu-tools-for-stm32.10.3-2021.10.macos64_1.0.200.202301161003/tools/bin/../lib/gcc/arm-none-eabi/10.3.1/../../../../arm-none-eabi/lib/thumb/v7e-m+fp/hard/libm.a(lib_a-e_asin.o)
 .ARM.attributes
                0x0000000000000553       0x34 /Applications/STM32CubeIDE.app/Contents/Eclipse/plugins/com.st.stm32cube.ide.mcu.externaltools.gnu-tools-for-stm32.10.3-2021.10.macos64_1.0.200.202301161003/tools/bin/../lib/gcc/arm-none-eabi/10.3.1/../../../../arm-none-eabi/lib/thumb/v7e-m+fp/hard/libm.a(lib_a-e_atan2.o)
 .ARM.attributes
                0x0000000000000587       0x34 /Applications/STM32CubeIDE.app/Contents/Eclipse/plugins/com.st.stm32cube.ide.mcu.externaltools.gnu-tools-for-stm32.10.3-2021.10.macos64_1.0.200.202301161003/tools/bin/../lib/gcc/arm-none-eabi/10.3.1/../../../../arm-none-eabi/lib/thumb/v7e-m+fp/hard/libm.a(lib_a-e_sqrt.o)
 .ARM.attributes
                0x00000000000005bb       0x34 /Applications/STM32CubeIDE.app/Contents/Eclipse/plugins/com.st.stm32cube.ide.mcu.externaltools.gnu-tools-for-stm32.10.3-2021.10.macos64_1.0.200.202301161003/tools/bin/../lib/gcc/arm-none-eabi/10.3.1/../../../../arm-none-eabi/lib/thumb/v7e-m+fp/hard/libm.a(lib_a-s_atan.o)
 .ARM.attributes
                0x00000000000005ef       0x34 /Applications/STM32CubeIDE.app/Contents/Eclipse/plugins/com.st.stm32cube.ide.mcu.externaltools.gnu-tools-for-stm32.10.3-2021.10.macos64_1.0.200.202301161003/tools/bin/../lib/gcc/arm-none-eabi/10.3.1/../../../../arm-none-eabi/lib/thumb/v7e-m+fp/hard/libm.a(lib_a-s_fabs.o)
 .ARM.attributes
                0x0000000000000623       0x34 /Applications/STM32CubeIDE.app/Contents/Eclipse/plugins/com.st.stm32cube.ide.mcu.externaltools.gnu-tools-for-stm32.10.3-2021.10.macos64_1.0.200.202301161003/tools/bin/../lib/gcc/arm-none-eabi/10.3.1/../../../../arm-none-eabi/lib/thumb/v7e-m+fp/hard/libm.a(lib_a-s_nan.o)
 .ARM.attributes
                0x0000000000000657       0x1e /Applications/STM32CubeIDE.app/Contents/Eclipse/plugins/com.st.stm32cube.ide.mcu.externaltools.gnu-tools-for-stm32.10.3-2021.10.macos64_1.0.200.202301161003/tools/bin/../lib/gcc/arm-none-eabi/10.3.1/thumb/v7e-m+fp/hard/libgcc.a(_arm_addsubdf3.o)
 .ARM.attributes
                0x0000000000000675       0x1e /Applications/STM32CubeIDE.app/Contents/Eclipse/plugins/com.st.stm32cube.ide.mcu.externaltools.gnu-tools-for-stm32.10.3-2021.10.macos64_1.0.200.202301161003/tools/bin/../lib/gcc/arm-none-eabi/10.3.1/thumb/v7e-m+fp/hard/libgcc.a(_arm_muldivdf3.o)
 .ARM.attributes
                0x0000000000000693       0x1e /Applications/STM32CubeIDE.app/Contents/Eclipse/plugins/com.st.stm32cube.ide.mcu.externaltools.gnu-tools-for-stm32.10.3-2021.10.macos64_1.0.200.202301161003/tools/bin/../lib/gcc/arm-none-eabi/10.3.1/thumb/v7e-m+fp/hard/libgcc.a(_arm_cmpdf2.o)
 .ARM.attributes
                0x00000000000006b1       0x1e /Applications/STM32CubeIDE.app/Contents/Eclipse/plugins/com.st.stm32cube.ide.mcu.externaltools.gnu-tools-for-stm32.10.3-2021.10.macos64_1.0.200.202301161003/tools/bin/../lib/gcc/arm-none-eabi/10.3.1/thumb/v7e-m+fp/hard/libgcc.a(_arm_unorddf2.o)
 .ARM.attributes
                0x00000000000006cf       0x1e /Applications/STM32CubeIDE.app/Contents/Eclipse/plugins/com.st.stm32cube.ide.mcu.externaltools.gnu-tools-for-stm32.10.3-2021.10.macos64_1.0.200.202301161003/tools/bin/../lib/gcc/arm-none-eabi/10.3.1/thumb/v7e-m+fp/hard/libgcc.a(_arm_truncdfsf2.o)
 .ARM.attributes
                0x00000000000006ed       0x1e /Applications/STM32CubeIDE.app/Contents/Eclipse/plugins/com.st.stm32cube.ide.mcu.externaltools.gnu-tools-for-stm32.10.3-2021.10.macos64_1.0.200.202301161003/tools/bin/../lib/gcc/arm-none-eabi/10.3.1/thumb/v7e-m+fp/hard/crtn.o
OUTPUT(imu_adc_merge.elf elf32-littlearm)
LOAD linker stubs
LOAD /Applications/STM32CubeIDE.app/Contents/Eclipse/plugins/com.st.stm32cube.ide.mcu.externaltools.gnu-tools-for-stm32.10.3-2021.10.macos64_1.0.200.202301161003/tools/bin/../lib/gcc/arm-none-eabi/10.3.1/../../../../arm-none-eabi/lib/thumb/v7e-m+fp/hard/libc.a
LOAD /Applications/STM32CubeIDE.app/Contents/Eclipse/plugins/com.st.stm32cube.ide.mcu.externaltools.gnu-tools-for-stm32.10.3-2021.10.macos64_1.0.200.202301161003/tools/bin/../lib/gcc/arm-none-eabi/10.3.1/../../../../arm-none-eabi/lib/thumb/v7e-m+fp/hard/libm.a
LOAD /Applications/STM32CubeIDE.app/Contents/Eclipse/plugins/com.st.stm32cube.ide.mcu.externaltools.gnu-tools-for-stm32.10.3-2021.10.macos64_1.0.200.202301161003/tools/bin/../lib/gcc/arm-none-eabi/10.3.1/thumb/v7e-m+fp/hard/libgcc.a

.debug_info     0x0000000000000000    0x1179c
 .debug_info    0x0000000000000000      0x805 ./Core/Src/calculate_orientation.o
 .debug_info    0x0000000000000805     0x560c ./Core/Src/lsm9ds1_reg.o
 .debug_info    0x0000000000005e11     0x21c9 ./Core/Src/main.o
 .debug_info    0x0000000000007fda     0x10c7 ./Core/Src/stm32f3xx_hal_msp.o
 .debug_info    0x00000000000090a1      0x71e ./Core/Src/stm32f3xx_it.o
 .debug_info    0x00000000000097bf      0x416 ./Core/Src/system_stm32f3xx.o
 .debug_info    0x0000000000009bd5      0x1fa ./Core/Src/utils.o
 .debug_info    0x0000000000009dcf       0x22 ./Core/Startup/startup_stm32f303vctx.o
 .debug_info    0x0000000000009df1      0x807 ./Drivers/STM32F3xx_HAL_Driver/Src/stm32f3xx_hal.o
 .debug_info    0x000000000000a5f8     0x16d2 ./Drivers/STM32F3xx_HAL_Driver/Src/stm32f3xx_hal_adc_ex.o
 .debug_info    0x000000000000bcca      0xd85 ./Drivers/STM32F3xx_HAL_Driver/Src/stm32f3xx_hal_cortex.o
 .debug_info    0x000000000000ca4f      0x68a ./Drivers/STM32F3xx_HAL_Driver/Src/stm32f3xx_hal_gpio.o
 .debug_info    0x000000000000d0d9     0x226b ./Drivers/STM32F3xx_HAL_Driver/Src/stm32f3xx_hal_i2c.o
 .debug_info    0x000000000000f344      0x8ab ./Drivers/STM32F3xx_HAL_Driver/Src/stm32f3xx_hal_i2c_ex.o
 .debug_info    0x000000000000fbef     0x1585 ./Drivers/STM32F3xx_HAL_Driver/Src/stm32f3xx_hal_rcc.o
 .debug_info    0x0000000000011174      0x628 ./Drivers/STM32F3xx_HAL_Driver/Src/stm32f3xx_hal_rcc_ex.o

.debug_abbrev   0x0000000000000000     0x209b
 .debug_abbrev  0x0000000000000000      0x23d ./Core/Src/calculate_orientation.o
 .debug_abbrev  0x000000000000023d      0x256 ./Core/Src/lsm9ds1_reg.o
 .debug_abbrev  0x0000000000000493      0x45d ./Core/Src/main.o
 .debug_abbrev  0x00000000000008f0      0x1e6 ./Core/Src/stm32f3xx_hal_msp.o
 .debug_abbrev  0x0000000000000ad6      0x16a ./Core/Src/stm32f3xx_it.o
 .debug_abbrev  0x0000000000000c40      0x116 ./Core/Src/system_stm32f3xx.o
 .debug_abbrev  0x0000000000000d56       0xa7 ./Core/Src/utils.o
 .debug_abbrev  0x0000000000000dfd       0x12 ./Core/Startup/startup_stm32f303vctx.o
 .debug_abbrev  0x0000000000000e0f      0x20e ./Drivers/STM32F3xx_HAL_Driver/Src/stm32f3xx_hal.o
 .debug_abbrev  0x000000000000101d      0x27a ./Drivers/STM32F3xx_HAL_Driver/Src/stm32f3xx_hal_adc_ex.o
 .debug_abbrev  0x0000000000001297      0x316 ./Drivers/STM32F3xx_HAL_Driver/Src/stm32f3xx_hal_cortex.o
 .debug_abbrev  0x00000000000015ad      0x1bb ./Drivers/STM32F3xx_HAL_Driver/Src/stm32f3xx_hal_gpio.o
 .debug_abbrev  0x0000000000001768      0x24a ./Drivers/STM32F3xx_HAL_Driver/Src/stm32f3xx_hal_i2c.o
 .debug_abbrev  0x00000000000019b2      0x1b0 ./Drivers/STM32F3xx_HAL_Driver/Src/stm32f3xx_hal_i2c_ex.o
 .debug_abbrev  0x0000000000001b62      0x2f9 ./Drivers/STM32F3xx_HAL_Driver/Src/stm32f3xx_hal_rcc.o
 .debug_abbrev  0x0000000000001e5b      0x240 ./Drivers/STM32F3xx_HAL_Driver/Src/stm32f3xx_hal_rcc_ex.o

.debug_aranges  0x0000000000000000      0xe70
 .debug_aranges
                0x0000000000000000       0x50 ./Core/Src/calculate_orientation.o
 .debug_aranges
                0x0000000000000050      0x4c0 ./Core/Src/lsm9ds1_reg.o
 .debug_aranges
                0x0000000000000510       0xb8 ./Core/Src/main.o
 .debug_aranges
                0x00000000000005c8       0x40 ./Core/Src/stm32f3xx_hal_msp.o
 .debug_aranges
                0x0000000000000608       0x70 ./Core/Src/stm32f3xx_it.o
 .debug_aranges
                0x0000000000000678       0x28 ./Core/Src/system_stm32f3xx.o
 .debug_aranges
                0x00000000000006a0       0x48 ./Core/Src/utils.o
 .debug_aranges
                0x00000000000006e8       0x28 ./Core/Startup/startup_stm32f303vctx.o
 .debug_aranges
                0x0000000000000710       0xe0 ./Drivers/STM32F3xx_HAL_Driver/Src/stm32f3xx_hal.o
 .debug_aranges
                0x00000000000007f0      0x168 ./Drivers/STM32F3xx_HAL_Driver/Src/stm32f3xx_hal_adc_ex.o
 .debug_aranges
                0x0000000000000958      0x118 ./Drivers/STM32F3xx_HAL_Driver/Src/stm32f3xx_hal_cortex.o
 .debug_aranges
                0x0000000000000a70       0x58 ./Drivers/STM32F3xx_HAL_Driver/Src/stm32f3xx_hal_gpio.o
 .debug_aranges
                0x0000000000000ac8      0x2a0 ./Drivers/STM32F3xx_HAL_Driver/Src/stm32f3xx_hal_i2c.o
 .debug_aranges
                0x0000000000000d68       0x48 ./Drivers/STM32F3xx_HAL_Driver/Src/stm32f3xx_hal_i2c_ex.o
 .debug_aranges
                0x0000000000000db0       0x88 ./Drivers/STM32F3xx_HAL_Driver/Src/stm32f3xx_hal_rcc.o
 .debug_aranges
                0x0000000000000e38       0x38 ./Drivers/STM32F3xx_HAL_Driver/Src/stm32f3xx_hal_rcc_ex.o

.debug_ranges   0x0000000000000000      0xd78
 .debug_ranges  0x0000000000000000       0x40 ./Core/Src/calculate_orientation.o
 .debug_ranges  0x0000000000000040      0x4b0 ./Core/Src/lsm9ds1_reg.o
 .debug_ranges  0x00000000000004f0       0xa8 ./Core/Src/main.o
 .debug_ranges  0x0000000000000598       0x30 ./Core/Src/stm32f3xx_hal_msp.o
 .debug_ranges  0x00000000000005c8       0x60 ./Core/Src/stm32f3xx_it.o
 .debug_ranges  0x0000000000000628       0x18 ./Core/Src/system_stm32f3xx.o
 .debug_ranges  0x0000000000000640       0x38 ./Core/Src/utils.o
 .debug_ranges  0x0000000000000678       0x20 ./Core/Startup/startup_stm32f303vctx.o
 .debug_ranges  0x0000000000000698       0xd0 ./Drivers/STM32F3xx_HAL_Driver/Src/stm32f3xx_hal.o
 .debug_ranges  0x0000000000000768      0x158 ./Drivers/STM32F3xx_HAL_Driver/Src/stm32f3xx_hal_adc_ex.o
 .debug_ranges  0x00000000000008c0      0x108 ./Drivers/STM32F3xx_HAL_Driver/Src/stm32f3xx_hal_cortex.o
 .debug_ranges  0x00000000000009c8       0x48 ./Drivers/STM32F3xx_HAL_Driver/Src/stm32f3xx_hal_gpio.o
 .debug_ranges  0x0000000000000a10      0x290 ./Drivers/STM32F3xx_HAL_Driver/Src/stm32f3xx_hal_i2c.o
 .debug_ranges  0x0000000000000ca0       0x38 ./Drivers/STM32F3xx_HAL_Driver/Src/stm32f3xx_hal_i2c_ex.o
 .debug_ranges  0x0000000000000cd8       0x78 ./Drivers/STM32F3xx_HAL_Driver/Src/stm32f3xx_hal_rcc.o
 .debug_ranges  0x0000000000000d50       0x28 ./Drivers/STM32F3xx_HAL_Driver/Src/stm32f3xx_hal_rcc_ex.o

.debug_macro    0x0000000000000000     0x209d
 .debug_macro   0x0000000000000000      0x20d ./Core/Src/calculate_orientation.o
 .debug_macro   0x000000000000020d       0x22 ./Core/Src/calculate_orientation.o
 .debug_macro   0x000000000000022f      0x126 ./Core/Src/lsm9ds1_reg.o
 .debug_macro   0x0000000000000355      0x258 ./Core/Src/lsm9ds1_reg.o
 .debug_macro   0x00000000000005ad      0x3bd ./Core/Src/main.o
 .debug_macro   0x000000000000096a       0x34 ./Core/Src/main.o
 .debug_macro   0x000000000000099e      0x1d2 ./Core/Src/stm32f3xx_hal_msp.o
 .debug_macro   0x0000000000000b70      0x1dc ./Core/Src/stm32f3xx_it.o
 .debug_macro   0x0000000000000d4c      0x1c8 ./Core/Src/system_stm32f3xx.o
 .debug_macro   0x0000000000000f14      0x204 ./Core/Src/utils.o
 .debug_macro   0x0000000000001118      0x1ec ./Drivers/STM32F3xx_HAL_Driver/Src/stm32f3xx_hal.o
 .debug_macro   0x0000000000001304      0x1f2 ./Drivers/STM32F3xx_HAL_Driver/Src/stm32f3xx_hal_adc_ex.o
 .debug_macro   0x00000000000014f6      0x1c8 ./Drivers/STM32F3xx_HAL_Driver/Src/stm32f3xx_hal_cortex.o
 .debug_macro   0x00000000000016be      0x1cf ./Drivers/STM32F3xx_HAL_Driver/Src/stm32f3xx_hal_gpio.o
 .debug_macro   0x000000000000188d      0x294 ./Drivers/STM32F3xx_HAL_Driver/Src/stm32f3xx_hal_i2c.o
 .debug_macro   0x0000000000001b21      0x1c8 ./Drivers/STM32F3xx_HAL_Driver/Src/stm32f3xx_hal_i2c_ex.o
 .debug_macro   0x0000000000001ce9      0x1ec ./Drivers/STM32F3xx_HAL_Driver/Src/stm32f3xx_hal_rcc.o
 .debug_macro   0x0000000000001ed5      0x1c8 ./Drivers/STM32F3xx_HAL_Driver/Src/stm32f3xx_hal_rcc_ex.o

.debug_line     0x0000000000000000    0x109b5
 .debug_line    0x0000000000000000      0xe25 ./Core/Src/calculate_orientation.o
 .debug_line    0x0000000000000e25     0x2432 ./Core/Src/lsm9ds1_reg.o
 .debug_line    0x0000000000003257      0xf9b ./Core/Src/main.o
 .debug_line    0x00000000000041f2      0x8aa ./Core/Src/stm32f3xx_hal_msp.o
 .debug_line    0x0000000000004a9c      0x7da ./Core/Src/stm32f3xx_it.o
 .debug_line    0x0000000000005276      0x75e ./Core/Src/system_stm32f3xx.o
 .debug_line    0x00000000000059d4      0x689 ./Core/Src/utils.o
 .debug_line    0x000000000000605d       0x88 ./Core/Startup/startup_stm32f303vctx.o
 .debug_line    0x00000000000060e5      0x993 ./Drivers/STM32F3xx_HAL_Driver/Src/stm32f3xx_hal.o
 .debug_line    0x0000000000006a78     0x2720 ./Drivers/STM32F3xx_HAL_Driver/Src/stm32f3xx_hal_adc_ex.o
 .debug_line    0x0000000000009198      0xc58 ./Drivers/STM32F3xx_HAL_Driver/Src/stm32f3xx_hal_cortex.o
 .debug_line    0x0000000000009df0      0xaf2 ./Drivers/STM32F3xx_HAL_Driver/Src/stm32f3xx_hal_gpio.o
 .debug_line    0x000000000000a8e2     0x3762 ./Drivers/STM32F3xx_HAL_Driver/Src/stm32f3xx_hal_i2c.o
 .debug_line    0x000000000000e044      0x905 ./Drivers/STM32F3xx_HAL_Driver/Src/stm32f3xx_hal_i2c_ex.o
 .debug_line    0x000000000000e949     0x1370 ./Drivers/STM32F3xx_HAL_Driver/Src/stm32f3xx_hal_rcc.o
 .debug_line    0x000000000000fcb9      0xcfc ./Drivers/STM32F3xx_HAL_Driver/Src/stm32f3xx_hal_rcc_ex.o

.debug_str      0x0000000000000000    0xb60f5
 .debug_str     0x0000000000000000     0x7e32 ./Core/Src/calculate_orientation.o
                                       0x804d (size before relaxing)
 .debug_str     0x0000000000007e32     0x38ca ./Core/Src/lsm9ds1_reg.o
                                       0xa65f (size before relaxing)
 .debug_str     0x000000000000b6fc    0xa8031 ./Core/Src/main.o
                                      0xb227e (size before relaxing)
 .debug_str     0x00000000000b372d      0x46c ./Core/Src/stm32f3xx_hal_msp.o
                                      0xac17c (size before relaxing)
 .debug_str     0x00000000000b3b99      0x105 ./Core/Src/stm32f3xx_it.o
                                      0xaba28 (size before relaxing)
 .debug_str     0x00000000000b3c9e       0xdf ./Core/Src/system_stm32f3xx.o
                                      0xab575 (size before relaxing)
 .debug_str     0x00000000000b3d7d       0x66 ./Core/Src/utils.o
                                       0x7e38 (size before relaxing)
 .debug_str     0x00000000000b3de3       0x36 ./Core/Startup/startup_stm32f303vctx.o
                                         0x77 (size before relaxing)
 .debug_str     0x00000000000b3e19      0x397 ./Drivers/STM32F3xx_HAL_Driver/Src/stm32f3xx_hal.o
                                      0xabdb3 (size before relaxing)
 .debug_str     0x00000000000b41b0      0x881 ./Drivers/STM32F3xx_HAL_Driver/Src/stm32f3xx_hal_adc_ex.o
                                      0xac27b (size before relaxing)
 .debug_str     0x00000000000b4a31      0x316 ./Drivers/STM32F3xx_HAL_Driver/Src/stm32f3xx_hal_cortex.o
                                      0xabe05 (size before relaxing)
 .debug_str     0x00000000000b4d47      0x167 ./Drivers/STM32F3xx_HAL_Driver/Src/stm32f3xx_hal_gpio.o
                                      0xab6e2 (size before relaxing)
 .debug_str     0x00000000000b4eae      0xe0b ./Drivers/STM32F3xx_HAL_Driver/Src/stm32f3xx_hal_i2c.o
                                      0xac878 (size before relaxing)
 .debug_str     0x00000000000b5cb9       0xb8 ./Drivers/STM32F3xx_HAL_Driver/Src/stm32f3xx_hal_i2c_ex.o
                                      0xaba96 (size before relaxing)
 .debug_str     0x00000000000b5d71      0x2c6 ./Drivers/STM32F3xx_HAL_Driver/Src/stm32f3xx_hal_rcc.o
                                      0xaba15 (size before relaxing)
 .debug_str     0x00000000000b6037       0xbe ./Drivers/STM32F3xx_HAL_Driver/Src/stm32f3xx_hal_rcc_ex.o
                                      0xab7d9 (size before relaxing)

.comment        0x0000000000000000       0x50
 .comment       0x0000000000000000       0x50 ./Core/Src/calculate_orientation.o
                                         0x51 (size before relaxing)
 .comment       0x0000000000000050       0x51 ./Core/Src/lsm9ds1_reg.o
 .comment       0x0000000000000050       0x51 ./Core/Src/main.o
 .comment       0x0000000000000050       0x51 ./Core/Src/stm32f3xx_hal_msp.o
 .comment       0x0000000000000050       0x51 ./Core/Src/stm32f3xx_it.o
 .comment       0x0000000000000050       0x51 ./Core/Src/system_stm32f3xx.o
 .comment       0x0000000000000050       0x51 ./Core/Src/utils.o
 .comment       0x0000000000000050       0x51 ./Drivers/STM32F3xx_HAL_Driver/Src/stm32f3xx_hal.o
 .comment       0x0000000000000050       0x51 ./Drivers/STM32F3xx_HAL_Driver/Src/stm32f3xx_hal_adc_ex.o
 .comment       0x0000000000000050       0x51 ./Drivers/STM32F3xx_HAL_Driver/Src/stm32f3xx_hal_cortex.o
 .comment       0x0000000000000050       0x51 ./Drivers/STM32F3xx_HAL_Driver/Src/stm32f3xx_hal_gpio.o
 .comment       0x0000000000000050       0x51 ./Drivers/STM32F3xx_HAL_Driver/Src/stm32f3xx_hal_i2c.o
 .comment       0x0000000000000050       0x51 ./Drivers/STM32F3xx_HAL_Driver/Src/stm32f3xx_hal_i2c_ex.o
 .comment       0x0000000000000050       0x51 ./Drivers/STM32F3xx_HAL_Driver/Src/stm32f3xx_hal_rcc.o
 .comment       0x0000000000000050       0x51 ./Drivers/STM32F3xx_HAL_Driver/Src/stm32f3xx_hal_rcc_ex.o

.debug_frame    0x0000000000000000     0x4160
 .debug_frame   0x0000000000000000      0x10c ./Core/Src/calculate_orientation.o
 .debug_frame   0x000000000000010c     0x1544 ./Core/Src/lsm9ds1_reg.o
 .debug_frame   0x0000000000001650      0x2b4 ./Core/Src/main.o
 .debug_frame   0x0000000000001904       0xc8 ./Core/Src/stm32f3xx_hal_msp.o
 .debug_frame   0x00000000000019cc      0x13c ./Core/Src/stm32f3xx_it.o
 .debug_frame   0x0000000000001b08       0x58 ./Core/Src/system_stm32f3xx.o
 .debug_frame   0x0000000000001b60      0x100 ./Core/Src/utils.o
 .debug_frame   0x0000000000001c60      0x334 ./Drivers/STM32F3xx_HAL_Driver/Src/stm32f3xx_hal.o
 .debug_frame   0x0000000000001f94      0x644 ./Drivers/STM32F3xx_HAL_Driver/Src/stm32f3xx_hal_adc_ex.o
 .debug_frame   0x00000000000025d8      0x498 ./Drivers/STM32F3xx_HAL_Driver/Src/stm32f3xx_hal_cortex.o
 .debug_frame   0x0000000000002a70      0x14c ./Drivers/STM32F3xx_HAL_Driver/Src/stm32f3xx_hal_gpio.o
 .debug_frame   0x0000000000002bbc      0xc38 ./Drivers/STM32F3xx_HAL_Driver/Src/stm32f3xx_hal_i2c.o
 .debug_frame   0x00000000000037f4      0x100 ./Drivers/STM32F3xx_HAL_Driver/Src/stm32f3xx_hal_i2c_ex.o
 .debug_frame   0x00000000000038f4      0x214 ./Drivers/STM32F3xx_HAL_Driver/Src/stm32f3xx_hal_rcc.o
 .debug_frame   0x0000000000003b08       0xb0 ./Drivers/STM32F3xx_HAL_Driver/Src/stm32f3xx_hal_rcc_ex.o
 .debug_frame   0x0000000000003bb8       0x20 /Applications/STM32CubeIDE.app/Contents/Eclipse/plugins/com.st.stm32cube.ide.mcu.externaltools.gnu-tools-for-stm32.10.3-2021.10.macos64_1.0.200.202301161003/tools/bin/../lib/gcc/arm-none-eabi/10.3.1/../../../../arm-none-eabi/lib/thumb/v7e-m+fp/hard/libc_nano.a(lib_a-errno.o)
 .debug_frame   0x0000000000003bd8       0x2c /Applications/STM32CubeIDE.app/Contents/Eclipse/plugins/com.st.stm32cube.ide.mcu.externaltools.gnu-tools-for-stm32.10.3-2021.10.macos64_1.0.200.202301161003/tools/bin/../lib/gcc/arm-none-eabi/10.3.1/../../../../arm-none-eabi/lib/thumb/v7e-m+fp/hard/libc_nano.a(lib_a-init.o)
 .debug_frame   0x0000000000003c04       0x20 /Applications/STM32CubeIDE.app/Contents/Eclipse/plugins/com.st.stm32cube.ide.mcu.externaltools.gnu-tools-for-stm32.10.3-2021.10.macos64_1.0.200.202301161003/tools/bin/../lib/gcc/arm-none-eabi/10.3.1/../../../../arm-none-eabi/lib/thumb/v7e-m+fp/hard/libc_nano.a(lib_a-memset.o)
 .debug_frame   0x0000000000003c24      0x14c /Applications/STM32CubeIDE.app/Contents/Eclipse/plugins/com.st.stm32cube.ide.mcu.externaltools.gnu-tools-for-stm32.10.3-2021.10.macos64_1.0.200.202301161003/tools/bin/../lib/gcc/arm-none-eabi/10.3.1/../../../../arm-none-eabi/lib/thumb/v7e-m+fp/hard/libc_nano.a(lib_a-findfp.o)
 .debug_frame   0x0000000000003d70       0x4c /Applications/STM32CubeIDE.app/Contents/Eclipse/plugins/com.st.stm32cube.ide.mcu.externaltools.gnu-tools-for-stm32.10.3-2021.10.macos64_1.0.200.202301161003/tools/bin/../lib/gcc/arm-none-eabi/10.3.1/../../../../arm-none-eabi/lib/thumb/v7e-m+fp/hard/libm.a(lib_a-w_asin.o)
 .debug_frame   0x0000000000003dbc       0x20 /Applications/STM32CubeIDE.app/Contents/Eclipse/plugins/com.st.stm32cube.ide.mcu.externaltools.gnu-tools-for-stm32.10.3-2021.10.macos64_1.0.200.202301161003/tools/bin/../lib/gcc/arm-none-eabi/10.3.1/../../../../arm-none-eabi/lib/thumb/v7e-m+fp/hard/libm.a(lib_a-w_atan2.o)
 .debug_frame   0x0000000000003ddc       0x3c /Applications/STM32CubeIDE.app/Contents/Eclipse/plugins/com.st.stm32cube.ide.mcu.externaltools.gnu-tools-for-stm32.10.3-2021.10.macos64_1.0.200.202301161003/tools/bin/../lib/gcc/arm-none-eabi/10.3.1/../../../../arm-none-eabi/lib/thumb/v7e-m+fp/hard/libm.a(lib_a-w_sqrt.o)
 .debug_frame   0x0000000000003e18       0x58 /Applications/STM32CubeIDE.app/Contents/Eclipse/plugins/com.st.stm32cube.ide.mcu.externaltools.gnu-tools-for-stm32.10.3-2021.10.macos64_1.0.200.202301161003/tools/bin/../lib/gcc/arm-none-eabi/10.3.1/../../../../arm-none-eabi/lib/thumb/v7e-m+fp/hard/libm.a(lib_a-e_asin.o)
 .debug_frame   0x0000000000003e70       0x44 /Applications/STM32CubeIDE.app/Contents/Eclipse/plugins/com.st.stm32cube.ide.mcu.externaltools.gnu-tools-for-stm32.10.3-2021.10.macos64_1.0.200.202301161003/tools/bin/../lib/gcc/arm-none-eabi/10.3.1/../../../../arm-none-eabi/lib/thumb/v7e-m+fp/hard/libm.a(lib_a-e_atan2.o)
 .debug_frame   0x0000000000003eb4       0x30 /Applications/STM32CubeIDE.app/Contents/Eclipse/plugins/com.st.stm32cube.ide.mcu.externaltools.gnu-tools-for-stm32.10.3-2021.10.macos64_1.0.200.202301161003/tools/bin/../lib/gcc/arm-none-eabi/10.3.1/../../../../arm-none-eabi/lib/thumb/v7e-m+fp/hard/libm.a(lib_a-e_sqrt.o)
 .debug_frame   0x0000000000003ee4       0x38 /Applications/STM32CubeIDE.app/Contents/Eclipse/plugins/com.st.stm32cube.ide.mcu.externaltools.gnu-tools-for-stm32.10.3-2021.10.macos64_1.0.200.202301161003/tools/bin/../lib/gcc/arm-none-eabi/10.3.1/../../../../arm-none-eabi/lib/thumb/v7e-m+fp/hard/libm.a(lib_a-s_atan.o)
 .debug_frame   0x0000000000003f1c       0x20 /Applications/STM32CubeIDE.app/Contents/Eclipse/plugins/com.st.stm32cube.ide.mcu.externaltools.gnu-tools-for-stm32.10.3-2021.10.macos64_1.0.200.202301161003/tools/bin/../lib/gcc/arm-none-eabi/10.3.1/../../../../arm-none-eabi/lib/thumb/v7e-m+fp/hard/libm.a(lib_a-s_fabs.o)
 .debug_frame   0x0000000000003f3c       0x20 /Applications/STM32CubeIDE.app/Contents/Eclipse/plugins/com.st.stm32cube.ide.mcu.externaltools.gnu-tools-for-stm32.10.3-2021.10.macos64_1.0.200.202301161003/tools/bin/../lib/gcc/arm-none-eabi/10.3.1/../../../../arm-none-eabi/lib/thumb/v7e-m+fp/hard/libm.a(lib_a-s_nan.o)
 .debug_frame   0x0000000000003f5c       0xac /Applications/STM32CubeIDE.app/Contents/Eclipse/plugins/com.st.stm32cube.ide.mcu.externaltools.gnu-tools-for-stm32.10.3-2021.10.macos64_1.0.200.202301161003/tools/bin/../lib/gcc/arm-none-eabi/10.3.1/thumb/v7e-m+fp/hard/libgcc.a(_arm_addsubdf3.o)
 .debug_frame   0x0000000000004008       0x50 /Applications/STM32CubeIDE.app/Contents/Eclipse/plugins/com.st.stm32cube.ide.mcu.externaltools.gnu-tools-for-stm32.10.3-2021.10.macos64_1.0.200.202301161003/tools/bin/../lib/gcc/arm-none-eabi/10.3.1/thumb/v7e-m+fp/hard/libgcc.a(_arm_muldivdf3.o)
 .debug_frame   0x0000000000004058       0xc4 /Applications/STM32CubeIDE.app/Contents/Eclipse/plugins/com.st.stm32cube.ide.mcu.externaltools.gnu-tools-for-stm32.10.3-2021.10.macos64_1.0.200.202301161003/tools/bin/../lib/gcc/arm-none-eabi/10.3.1/thumb/v7e-m+fp/hard/libgcc.a(_arm_cmpdf2.o)
 .debug_frame   0x000000000000411c       0x20 /Applications/STM32CubeIDE.app/Contents/Eclipse/plugins/com.st.stm32cube.ide.mcu.externaltools.gnu-tools-for-stm32.10.3-2021.10.macos64_1.0.200.202301161003/tools/bin/../lib/gcc/arm-none-eabi/10.3.1/thumb/v7e-m+fp/hard/libgcc.a(_arm_unorddf2.o)
 .debug_frame   0x000000000000413c       0x24 /Applications/STM32CubeIDE.app/Contents/Eclipse/plugins/com.st.stm32cube.ide.mcu.externaltools.gnu-tools-for-stm32.10.3-2021.10.macos64_1.0.200.202301161003/tools/bin/../lib/gcc/arm-none-eabi/10.3.1/thumb/v7e-m+fp/hard/libgcc.a(_arm_truncdfsf2.o)
