Archive member included to satisfy reference by file (symbol)

/Applications/STM32CubeIDE.app/Contents/Eclipse/plugins/com.st.stm32cube.ide.mcu.externaltools.gnu-tools-for-stm32.10.3-2021.10.macos64_1.0.200.202301161003/tools/bin/../lib/gcc/arm-none-eabi/10.3.1/../../../../arm-none-eabi/lib/thumb/v7e-m+fp/hard/libc_nano.a(lib_a-errno.o)
                              ./Core/Src/syscalls.o (__errno)
/Applications/STM32CubeIDE.app/Contents/Eclipse/plugins/com.st.stm32cube.ide.mcu.externaltools.gnu-tools-for-stm32.10.3-2021.10.macos64_1.0.200.202301161003/tools/bin/../lib/gcc/arm-none-eabi/10.3.1/../../../../arm-none-eabi/lib/thumb/v7e-m+fp/hard/libc_nano.a(lib_a-exit.o)
                              /Applications/STM32CubeIDE.app/Contents/Eclipse/plugins/com.st.stm32cube.ide.mcu.externaltools.gnu-tools-for-stm32.10.3-2021.10.macos64_1.0.200.202301161003/tools/bin/../lib/gcc/arm-none-eabi/10.3.1/../../../../arm-none-eabi/lib/thumb/v7e-m+fp/hard/crt0.o (exit)
/Applications/STM32CubeIDE.app/Contents/Eclipse/plugins/com.st.stm32cube.ide.mcu.externaltools.gnu-tools-for-stm32.10.3-2021.10.macos64_1.0.200.202301161003/tools/bin/../lib/gcc/arm-none-eabi/10.3.1/../../../../arm-none-eabi/lib/thumb/v7e-m+fp/hard/libc_nano.a(lib_a-impure.o)
                              /Applications/STM32CubeIDE.app/Contents/Eclipse/plugins/com.st.stm32cube.ide.mcu.externaltools.gnu-tools-for-stm32.10.3-2021.10.macos64_1.0.200.202301161003/tools/bin/../lib/gcc/arm-none-eabi/10.3.1/../../../../arm-none-eabi/lib/thumb/v7e-m+fp/hard/libc_nano.a(lib_a-exit.o) (_global_impure_ptr)
/Applications/STM32CubeIDE.app/Contents/Eclipse/plugins/com.st.stm32cube.ide.mcu.externaltools.gnu-tools-for-stm32.10.3-2021.10.macos64_1.0.200.202301161003/tools/bin/../lib/gcc/arm-none-eabi/10.3.1/../../../../arm-none-eabi/lib/thumb/v7e-m+fp/hard/libc_nano.a(lib_a-init.o)
                              /Applications/STM32CubeIDE.app/Contents/Eclipse/plugins/com.st.stm32cube.ide.mcu.externaltools.gnu-tools-for-stm32.10.3-2021.10.macos64_1.0.200.202301161003/tools/bin/../lib/gcc/arm-none-eabi/10.3.1/../../../../arm-none-eabi/lib/thumb/v7e-m+fp/hard/crt0.o (__libc_init_array)
/Applications/STM32CubeIDE.app/Contents/Eclipse/plugins/com.st.stm32cube.ide.mcu.externaltools.gnu-tools-for-stm32.10.3-2021.10.macos64_1.0.200.202301161003/tools/bin/../lib/gcc/arm-none-eabi/10.3.1/../../../../arm-none-eabi/lib/thumb/v7e-m+fp/hard/libc_nano.a(lib_a-memcpy-stub.o)
                              ./Core/Src/lcd_setup.o (memcpy)
/Applications/STM32CubeIDE.app/Contents/Eclipse/plugins/com.st.stm32cube.ide.mcu.externaltools.gnu-tools-for-stm32.10.3-2021.10.macos64_1.0.200.202301161003/tools/bin/../lib/gcc/arm-none-eabi/10.3.1/../../../../arm-none-eabi/lib/thumb/v7e-m+fp/hard/libc_nano.a(lib_a-memset.o)
                              /Applications/STM32CubeIDE.app/Contents/Eclipse/plugins/com.st.stm32cube.ide.mcu.externaltools.gnu-tools-for-stm32.10.3-2021.10.macos64_1.0.200.202301161003/tools/bin/../lib/gcc/arm-none-eabi/10.3.1/../../../../arm-none-eabi/lib/thumb/v7e-m+fp/hard/crt0.o (memset)
/Applications/STM32CubeIDE.app/Contents/Eclipse/plugins/com.st.stm32cube.ide.mcu.externaltools.gnu-tools-for-stm32.10.3-2021.10.macos64_1.0.200.202301161003/tools/bin/../lib/gcc/arm-none-eabi/10.3.1/../../../../arm-none-eabi/lib/thumb/v7e-m+fp/hard/libc_nano.a(lib_a-nano-vfprintf_float.o)
                              (_printf_float)
/Applications/STM32CubeIDE.app/Contents/Eclipse/plugins/com.st.stm32cube.ide.mcu.externaltools.gnu-tools-for-stm32.10.3-2021.10.macos64_1.0.200.202301161003/tools/bin/../lib/gcc/arm-none-eabi/10.3.1/../../../../arm-none-eabi/lib/thumb/v7e-m+fp/hard/libc_nano.a(lib_a-nano-vfprintf_i.o)
                              /Applications/STM32CubeIDE.app/Contents/Eclipse/plugins/com.st.stm32cube.ide.mcu.externaltools.gnu-tools-for-stm32.10.3-2021.10.macos64_1.0.200.202301161003/tools/bin/../lib/gcc/arm-none-eabi/10.3.1/../../../../arm-none-eabi/lib/thumb/v7e-m+fp/hard/libc_nano.a(lib_a-nano-vfprintf_float.o) (_printf_common)
/Applications/STM32CubeIDE.app/Contents/Eclipse/plugins/com.st.stm32cube.ide.mcu.externaltools.gnu-tools-for-stm32.10.3-2021.10.macos64_1.0.200.202301161003/tools/bin/../lib/gcc/arm-none-eabi/10.3.1/../../../../arm-none-eabi/lib/thumb/v7e-m+fp/hard/libc_nano.a(lib_a-sprintf.o)
                              ./Core/Src/lcd_setup.o (sprintf)
/Applications/STM32CubeIDE.app/Contents/Eclipse/plugins/com.st.stm32cube.ide.mcu.externaltools.gnu-tools-for-stm32.10.3-2021.10.macos64_1.0.200.202301161003/tools/bin/../lib/gcc/arm-none-eabi/10.3.1/../../../../arm-none-eabi/lib/thumb/v7e-m+fp/hard/libc_nano.a(lib_a-strlen.o)
                              /Applications/STM32CubeIDE.app/Contents/Eclipse/plugins/com.st.stm32cube.ide.mcu.externaltools.gnu-tools-for-stm32.10.3-2021.10.macos64_1.0.200.202301161003/tools/bin/../lib/gcc/arm-none-eabi/10.3.1/../../../../arm-none-eabi/lib/thumb/v7e-m+fp/hard/libc_nano.a(lib_a-nano-vfprintf_float.o) (strlen)
[...]
Memory Configuration

Name             Origin             Length             Attributes
CCMRAM           0x0000000010000000 0x0000000000002000 xrw
RAM              0x0000000020000000 0x000000000000a000 xrw
FLASH            0x0000000008000000 0x0000000000040000 xr
*default*        0x0000000000000000 0xffffffffffffffff

Linker script and memory map

LOAD /Applications/STM32CubeIDE.app/Contents/Eclipse/plugins/com.st.stm32cube.ide.mcu.externaltools.gnu-tools-for-stm32.10.3-2021.10.macos64_1.0.200.202301161003/tools/bin/../lib/gcc/arm-none-eabi/10.3.1/thumb/v7e-m+fp/hard/crti.o
LOAD /Applications/STM32CubeIDE.app/Contents/Eclipse/plugins/com.st.stm32cube.ide.mcu.externaltools.gnu-tools-for-stm32.10.3-2021.10.macos64_1.0.200.202301161003/tools/bin/../lib/gcc/arm-none-eabi/10.3.1/thumb/v7e-m+fp/hard/crtbegin.o
LOAD /Applications/STM32CubeIDE.app/Contents/Eclipse/plugins/com.st.stm32cube.ide.mcu.externaltools.gnu-tools-for-stm32.10.3-2021.10.macos64_1.0.200.202301161003/tools/bin/../lib/gcc/arm-none-eabi/10.3.1/../../../../arm-none-eabi/lib/thumb/v7e-m+fp/hard/crt0.o
LOAD ./Core/Src/adc_setup.o
LOAD ./Core/Src/calculate_gestures.o
LOAD ./Core/Src/calculate_orientation.o
LOAD ./Core/Src/dac_setup.o
LOAD ./Core/Src/imu_setup.o
LOAD ./Core/Src/lcd.o
LOAD ./Core/Src/lcd_setup.o
LOAD ./Core/Src/lsm9ds1_reg.o
LOAD ./Core/Src/main.o
LOAD ./Core/Src/stm32f3xx_hal_msp.o
LOAD ./Core/Src/stm32f3xx_it.o
LOAD ./Core/Src/syscalls.o
LOAD ./Core/Src/sysmem.o
LOAD ./Core/Src/system_stm32f3xx.o
LOAD ./Core/Src/utils.o
LOAD ./Core/Startup/startup_stm32f303vctx.o
LOAD ./Drivers/STM32F3xx_HAL_Driver/Src/stm32f3xx_hal.o
LOAD ./Drivers/STM32F3xx_HAL_Driver/Src/stm32f3xx_hal_adc.o
LOAD ./Drivers/STM32F3xx_HAL_Driver/Src/stm32f3xx_hal_adc_ex.o
LOAD ./Drivers/STM32F3xx_HAL_Driver/Src/stm32f3xx_hal_cortex.o
LOAD ./Drivers/STM32F3xx_HAL_Driver/Src/stm32f3xx_hal_dma.o
LOAD ./Drivers/STM32F3xx_HAL_Driver/Src/stm32f3xx_hal_exti.o
LOAD ./Drivers/STM32F3xx_HAL_Driver/Src/stm32f3xx_hal_flash.o
LOAD ./Drivers/STM32F3xx_HAL_Driver/Src/stm32f3xx_hal_flash_ex.o
LOAD ./Drivers/STM32F3xx_HAL_Driver/Src/stm32f3xx_hal_gpio.o
LOAD ./Drivers/STM32F3xx_HAL_Driver/Src/stm32f3xx_hal_i2c.o
LOAD ./Drivers/STM32F3xx_HAL_Driver/Src/stm32f3xx_hal_i2c_ex.o
LOAD ./Drivers/STM32F3xx_HAL_Driver/Src/stm32f3xx_hal_pwr.o
LOAD ./Drivers/STM32F3xx_HAL_Driver/Src/stm32f3xx_hal_pwr_ex.o
LOAD ./Drivers/STM32F3xx_HAL_Driver/Src/stm32f3xx_hal_rcc.o
LOAD ./Drivers/STM32F3xx_HAL_Driver/Src/stm32f3xx_hal_rcc_ex.o
LOAD ./Drivers/STM32F3xx_HAL_Driver/Src/stm32f3xx_hal_spi.o
LOAD ./Drivers/STM32F3xx_HAL_Driver/Src/stm32f3xx_hal_spi_ex.o
LOAD ./Drivers/STM32F3xx_HAL_Driver/Src/stm32f3xx_hal_tim.o
LOAD ./Drivers/STM32F3xx_HAL_Driver/Src/stm32f3xx_hal_tim_ex.o
START GROUP
LOAD /Applications/STM32CubeIDE.app/Contents/Eclipse/plugins/com.st.stm32cube.ide.mcu.externaltools.gnu-tools-for-stm32.10.3-2021.10.macos64_1.0.200.202301161003/tools/bin/../lib/gcc/arm-none-eabi/10.3.1/../../../../arm-none-eabi/lib/thumb/v7e-m+fp/hard/libc_nano.a
LOAD /Applications/STM32CubeIDE.app/Contents/Eclipse/plugins/com.st.stm32cube.ide.mcu.externaltools.gnu-tools-for-stm32.10.3-2021.10.macos64_1.0.200.202301161003/tools/bin/../lib/gcc/arm-none-eabi/10.3.1/../../../../arm-none-eabi/lib/thumb/v7e-m+fp/hard/libm.a
END GROUP
START GROUP
LOAD /Applications/STM32CubeIDE.app/Contents/Eclipse/plugins/com.st.stm32cube.ide.mcu.externaltools.gnu-tools-for-stm32.10.3-2021.10.macos64_1.0.200.202301161003/tools/bin/../lib/gcc/arm-none-eabi/10.3.1/thumb/v7e-m+fp/hard/libgcc.a
LOAD /Applications/STM32CubeIDE.app/Contents/Eclipse/plugins/com.st.stm32cube.ide.mcu.externaltools.gnu-tools-for-stm32.10.3-2021.10.macos64_1.0.200.202301161003/tools/bin/../lib/gcc/arm-none-eabi/10.3.1/../../../../arm-none-eabi/lib/thumb/v7e-m+fp/hard/libc_nano.a
END GROUP
START GROUP
LOAD /Applications/STM32CubeIDE.app/Contents/Eclipse/plugins/com.st.stm32cube.ide.mcu.externaltools.gnu-tools-for-stm32.10.3-2021.10.macos64_1.0.200.202301161003/tools/bin/../lib/gcc/arm-none-eabi/10.3.1/thumb/v7e-m+fp/hard/libgcc.a
LOAD /Applications/STM32CubeIDE.app/Contents/Eclipse/plugins/com.st.stm32cube.ide.mcu.externaltools.gnu-tools-for-stm32.10.3-2021.10.macos64_1.0.200.202301161003/tools/bin/../lib/gcc/arm-none-eabi/10.3.1/../../../../arm-none-eabi/lib/thumb/v7e-m+fp/hard/libc_nano.a
LOAD /Applications/STM32CubeIDE.app/Contents/Eclipse/plugins/com.st.stm32cube.ide.mcu.externaltools.gnu-tools-for-stm32.10.3-2021.10.macos64_1.0.200.202301161003/tools/bin/../lib/gcc/arm-none-eabi/10.3.1/../../../../arm-none-eabi/lib/thumb/v7e-m+fp/hard/libnosys.a
END GROUP
START GROUP
LOAD /Applications/STM32CubeIDE.app/Contents/Eclipse/plugins/com.st.stm32cube.ide.mcu.externaltools.gnu-tools-for-stm32.10.3-2021.10.macos64_1.0.200.202301161003/tools/bin/../lib/gcc/arm-none-eabi/10.3.1/thumb/v7e-m+fp/hard/libgcc.a
LOAD /Applications/STM32CubeIDE.app/Contents/Eclipse/plugins/com.st.stm32cube.ide.mcu.externaltools.gnu-tools-for-stm32.10.3-2021.10.macos64_1.0.200.202301161003/tools/bin/../lib/gcc/arm-none-eabi/10.3.1/../../../../arm-none-eabi/lib/thumb/v7e-m+fp/hard/libc_nano.a
LOAD /Applications/STM32CubeIDE.app/Contents/Eclipse/plugins/com.st.stm32cube.ide.mcu.externaltools.gnu-tools-for-stm32.10.3-2021.10.macos64_1.0.200.202301161003/tools/bin/../lib/gcc/arm-none-eabi/10.3.1/../../../../arm-none-eabi/lib/thumb/v7e-m+fp/hard/libnosys.a
END GROUP
LOAD /Applications/STM32CubeIDE.app/Contents/Eclipse/plugins/com.st.stm32cube.ide.mcu.externaltools.gnu-tools-for-stm32.10.3-2021.10.macos64_1.0.200.202301161003/tools/bin/../lib/gcc/arm-none-eabi/10.3.1/thumb/v7e-m+fp/hard/crtend.o
LOAD /Applications/STM32CubeIDE.app/Contents/Eclipse/plugins/com.st.stm32cube.ide.mcu.externaltools.gnu-tools-for-stm32.10.3-2021.10.macos64_1.0.200.202301161003/tools/bin/../lib/gcc/arm-none-eabi/10.3.1/thumb/v7e-m+fp/hard/crtn.o
                0x000000002000a000                _estack = (ORIGIN (RAM) + LENGTH (RAM))
                0x0000000000000200                _Min_Heap_Size = 0x200
                0x0000000000000400                _Min_Stack_Size = 0x400

.isr_vector     0x0000000008000000      0x188
                0x0000000008000000                . = ALIGN (0x4)
 *(.isr_vector)
 .isr_vector    0x0000000008000000      0x188 ./Core/Startup/startup_stm32f303vctx.o
                0x0000000008000000                g_pfnVectors
                0x0000000008000188                . = ALIGN (0x4)

.text           0x0000000008000190     0xf74c
                0x0000000008000190                . = ALIGN (0x4)
 *(.text)
 .text          0x0000000008000190       0x40 /Applications/STM32CubeIDE.app/Contents/Eclipse/plugins/com.st.stm32cube.ide.mcu.externaltools.gnu-tools-for-stm32.10.3-2021.10.macos64_1.0.200.202301161003/tools/bin/../lib/gcc/arm-none-eabi/10.3.1/thumb/v7e-m+fp/hard/crtbegin.o
 .text          0x00000000080001d0       0x10 /Applications/STM32CubeIDE.app/Contents/Eclipse/plugins/com.st.stm32cube.ide.mcu.externaltools.gnu-tools-for-stm32.10.3-2021.10.macos64_1.0.200.202301161003/tools/bin/../lib/gcc/arm-none-eabi/10.3.1/../../../../arm-none-eabi/lib/thumb/v7e-m+fp/hard/libc_nano.a(lib_a-strlen.o)
                0x00000000080001d0                strlen
 .text          0x00000000080001e0       0xa0 /Applications/STM32CubeIDE.app/Contents/Eclipse/plugins/com.st.stm32cube.ide.mcu.externaltools.gnu-tools-for-stm32.10.3-2021.10.macos64_1.0.200.202301161003/tools/bin/../lib/gcc/arm-none-eabi/10.3.1/../../../../arm-none-eabi/lib/thumb/v7e-m+fp/hard/libc_nano.a(lib_a-memchr.o)
                0x00000000080001e0                memchr
 .text          0x0000000008000280      0x378 /Applications/STM32CubeIDE.app/Contents/Eclipse/plugins/com.st.stm32cube.ide.mcu.externaltools.gnu-tools-for-stm32.10.3-2021.10.macos64_1.0.200.202301161003/tools/bin/../lib/gcc/arm-none-eabi/10.3.1/thumb/v7e-m+fp/hard/libgcc.a(_arm_addsubdf3.o)
                0x0000000008000280                __aeabi_drsub
                0x0000000008000288                __subdf3
                0x0000000008000288                __aeabi_dsub
                0x000000000800028c                __aeabi_dadd
                0x000000000800028c                __adddf3
                0x0000000008000504                __aeabi_ui2d
                0x0000000008000504                __floatunsidf
                0x0000000008000524                __floatsidf
                0x0000000008000524                __aeabi_i2d
                0x0000000008000548                __extendsfdf2
                0x0000000008000548                __aeabi_f2d
                0x000000000800058c                __aeabi_ul2d
                0x000000000800058c                __floatundidf
                0x000000000800059c                __aeabi_l2d
                0x000000000800059c                __floatdidf
 .text          0x00000000080005f8      0x424 /Applications/STM32CubeIDE.app/Contents/Eclipse/plugins/com.st.stm32cube.ide.mcu.externaltools.gnu-tools-for-stm32.10.3-2021.10.macos64_1.0.200.202301161003/tools/bin/../lib/gcc/arm-none-eabi/10.3.1/thumb/v7e-m+fp/hard/libgcc.a(_arm_muldivdf3.o)
                0x00000000080005f8                __aeabi_dmul
                0x00000000080005f8                __muldf3
                0x000000000800084c                __aeabi_ddiv
                0x000000000800084c                __divdf3
 .text          0x0000000008000a1c      0x110 /Applications/STM32CubeIDE.app/Contents/Eclipse/plugins/com.st.stm32cube.ide.mcu.externaltools.gnu-tools-for-stm32.10.3-2021.10.macos64_1.0.200.202301161003/tools/bin/../lib/gcc/arm-none-eabi/10.3.1/thumb/v7e-m+fp/hard/libgcc.a(_arm_cmpdf2.o)
                0x0000000008000a1c                __gedf2
                0x0000000008000a1c                __gtdf2
                0x0000000008000a24                __ledf2
                0x0000000008000a24                __ltdf2
                0x0000000008000a2c                __cmpdf2
                0x0000000008000a2c                __eqdf2
                0x0000000008000a2c                __nedf2
                0x0000000008000aa8                __aeabi_cdrcmple
                0x0000000008000ab8                __aeabi_cdcmple
                0x0000000008000ab8                __aeabi_cdcmpeq
                0x0000000008000ac8                __aeabi_dcmpeq
                0x0000000008000adc                __aeabi_dcmplt
                0x0000000008000af0                __aeabi_dcmple
                0x0000000008000b04                __aeabi_dcmpge
                0x0000000008000b18                __aeabi_dcmpgt
 .text          0x0000000008000b2c       0x2c /Applications/STM32CubeIDE.app/Contents/Eclipse/plugins/com.st.stm32cube.ide.mcu.externaltools.gnu-tools-for-stm32.10.3-2021.10.macos64_1.0.200.202301161003/tools/bin/../lib/gcc/arm-none-eabi/10.3.1/thumb/v7e-m+fp/hard/libgcc.a(_arm_unorddf2.o)
                0x0000000008000b2c                __aeabi_dcmpun
                0x0000000008000b2c                __unorddf2
 .text          0x0000000008000b58       0x50 /Applications/STM32CubeIDE.app/Contents/Eclipse/plugins/com.st.stm32cube.ide.mcu.externaltools.gnu-tools-for-stm32.10.3-2021.10.macos64_1.0.200.202301161003/tools/bin/../lib/gcc/arm-none-eabi/10.3.1/thumb/v7e-m+fp/hard/libgcc.a(_arm_fixdfsi.o)
                0x0000000008000b58                __fixdfsi
                0x0000000008000b58                __aeabi_d2iz
 .text          0x0000000008000ba8       0x40 /Applications/STM32CubeIDE.app/Contents/Eclipse/plugins/com.st.stm32cube.ide.mcu.externaltools.gnu-tools-for-stm32.10.3-2021.10.macos64_1.0.200.202301161003/tools/bin/../lib/gcc/arm-none-eabi/10.3.1/thumb/v7e-m+fp/hard/libgcc.a(_arm_fixunsdfsi.o)
                0x0000000008000ba8                __fixunsdfsi
                0x0000000008000ba8                __aeabi_d2uiz
 .text          0x0000000008000be8       0xa0 /Applications/STM32CubeIDE.app/Contents/Eclipse/plugins/com.st.stm32cube.ide.mcu.externaltools.gnu-tools-for-stm32.10.3-2021.10.macos64_1.0.200.202301161003/tools/bin/../lib/gcc/arm-none-eabi/10.3.1/thumb/v7e-m+fp/hard/libgcc.a(_arm_truncdfsf2.o)
                0x0000000008000be8                __aeabi_d2f
                0x0000000008000be8                __truncdfsf2
 *(.text*)
 .text.calculate_gestures
                0x0000000008000c88      0x1d0 ./Core/Src/calculate_gestures.o
                0x0000000008000c88                calculate_gestures
 .text.detect_gestures
                0x0000000008000e58       0x5c ./Core/Src/calculate_gestures.o
                0x0000000008000e58                detect_gestures
 .text.calculate_finger_angle
                0x0000000008000eb4       0x74 ./Core/Src/calculate_gestures.o
                0x0000000008000eb4                calculate_finger_angle
 .text.calculate_finger_resistance
                0x0000000008000f28       0xbc ./Core/Src/calculate_gestures.o
                0x0000000008000f28                calculate_finger_resistance
 .text.calibrate_init
                0x0000000008000fe4       0x50 ./Core/Src/calculate_gestures.o
                0x0000000008000fe4                calibrate_init
 .text.calculate_orientation
                0x0000000008001034       0x88 ./Core/Src/calculate_orientation.o
                0x0000000008001034                calculate_orientation
 *fill*         0x00000000080010bc        0x4 
 .text.remap_angles_to_gimbals
                0x00000000080010c0      0x180 ./Core/Src/calculate_orientation.o
                0x00000000080010c0                remap_angles_to_gimbals
 .text.reset_aux_frame
                0x0000000008001240       0x40 ./Core/Src/calculate_orientation.o
                0x0000000008001240                reset_aux_frame
 .text.convert_quaternion_to_euler
                0x0000000008001280      0x198 ./Core/Src/calculate_orientation.o
                0x0000000008001280                convert_quaternion_to_euler
 .text.MadgwickAHRSupdate
                0x0000000008001418      0xe50 ./Core/Src/calculate_orientation.o
                0x0000000008001418                MadgwickAHRSupdate
 .text.MadgwickAHRSupdateIMU
                0x0000000008002268      0x668 ./Core/Src/calculate_orientation.o
                0x0000000008002268                MadgwickAHRSupdateIMU
 .text.invSqrt  0x00000000080028d0       0x78 ./Core/Src/calculate_orientation.o
                0x00000000080028d0                invSqrt
 .text.MCP4728_Write_GeneralCall
                0x0000000008002948       0x2e ./Core/Src/dac_setup.o
                0x0000000008002948                MCP4728_Write_GeneralCall
 .text.MCP4728_Write_AllChannels_Diff
                0x0000000008002976       0x88 ./Core/Src/dac_setup.o
                0x0000000008002976                MCP4728_Write_AllChannels_Diff
 .text.MCP4728_Init
                0x00000000080029fe       0x7e ./Core/Src/dac_setup.o
                0x00000000080029fe                MCP4728_Init
 .text.LCD_Reset
                0x0000000008002a7c       0x54 ./Core/Src/lcd.o
                0x0000000008002a7c                LCD_Reset
 .text.LCD_WR_REG
                0x0000000008002ad0       0x3c ./Core/Src/lcd.o
                0x0000000008002ad0                LCD_WR_REG
 .text.LCD_WR_DATA
                0x0000000008002b0c       0x3c ./Core/Src/lcd.o
                0x0000000008002b0c                LCD_WR_DATA
 .text.LCD_WriteData16_Prepare
                0x0000000008002b48       0x24 ./Core/Src/lcd.o
                0x0000000008002b48                LCD_WriteData16_Prepare
 .text.LCD_WriteData16
                0x0000000008002b6c       0x30 ./Core/Src/lcd.o
                0x0000000008002b6c                LCD_WriteData16
 .text.LCD_WriteData16_End
                0x0000000008002b9c       0x20 ./Core/Src/lcd.o
                0x0000000008002b9c                LCD_WriteData16_End
 .text.LCD_WriteReg
                0x0000000008002bbc       0x2a ./Core/Src/lcd.o
                0x0000000008002bbc                LCD_WriteReg
 *fill*         0x0000000008002be6        0x2 
 .text.LCD_WriteRAM_Prepare
                0x0000000008002be8       0x18 ./Core/Src/lcd.o
                0x0000000008002be8                LCD_WriteRAM_Prepare
 .text.LCD_direction
                0x0000000008002c00       0xa8 ./Core/Src/lcd.o
                0x0000000008002c00                LCD_direction
 .text.tft_select
                0x0000000008002ca8       0x50 ./Core/Src/lcd.o
 .text.tft_reset
                0x0000000008002cf8       0x2c ./Core/Src/lcd.o
 .text.tft_reg_select
                0x0000000008002d24       0x2c ./Core/Src/lcd.o
 .text.LCD_Init
                0x0000000008002d50      0x2ac ./Core/Src/lcd.o
                0x0000000008002d50                LCD_Init
 .text.LCD_SetWindow
                0x0000000008002ffc       0xa8 ./Core/Src/lcd.o
                0x0000000008002ffc                LCD_SetWindow
 .text.LCD_Clear
                0x00000000080030a4       0x98 ./Core/Src/lcd.o
                0x00000000080030a4                LCD_Clear
 .text._LCD_DrawPoint
                0x000000000800313c       0x36 ./Core/Src/lcd.o
 .text._LCD_DrawLine
                0x0000000008003172      0x10a ./Core/Src/lcd.o
 .text.LCD_DrawLine
                0x000000000800327c       0x4c ./Core/Src/lcd.o
                0x000000000800327c                LCD_DrawLine
 .text._LCD_Fill
                0x00000000080032c8       0x82 ./Core/Src/lcd.o
 *fill*         0x000000000800334a        0x2 
 .text.LCD_DrawFillRectangle
                0x000000000800334c       0x4c ./Core/Src/lcd.o
                0x000000000800334c                LCD_DrawFillRectangle
 .text._swap    0x0000000008003398       0x2a ./Core/Src/lcd.o
 *fill*         0x00000000080033c2        0x2 
 .text.LCD_DrawFillTriangle
                0x00000000080033c4      0x26c ./Core/Src/lcd.o
                0x00000000080033c4                LCD_DrawFillTriangle
 .text._LCD_DrawChar
                0x0000000008003630      0x190 ./Core/Src/lcd.o
                0x0000000008003630                _LCD_DrawChar
 .text.LCD_DrawString
                0x00000000080037c0       0x98 ./Core/Src/lcd.o
                0x00000000080037c0                LCD_DrawString
 .text.LCD_print_labels
                0x0000000008003858       0x88 ./Core/Src/lcd_setup.o
                0x0000000008003858                LCD_print_labels
 .text.LCD_print_title
                0x00000000080038e0       0x3a ./Core/Src/lcd_setup.o
                0x00000000080038e0                LCD_print_title
 .text.LCD_print_command
                0x000000000800391a       0x6a ./Core/Src/lcd_setup.o
                0x000000000800391a                LCD_print_command
 .text.LCD_print_stats
                0x0000000008003984      0x204 ./Core/Src/lcd_setup.o
                0x0000000008003984                LCD_print_stats
 .text.LCD_print_progress
                0x0000000008003b88       0xe8 ./Core/Src/lcd_setup.o
                0x0000000008003b88                LCD_print_progress
 .text.LCD_print_circle
                0x0000000008003c70       0xc8 ./Core/Src/lcd_setup.o
                0x0000000008003c70                LCD_print_circle
 .text.LCD_generate_sectors
                0x0000000008003d38      0x3a4 ./Core/Src/lcd_setup.o
                0x0000000008003d38                LCD_generate_sectors
 *fill*         0x00000000080040dc        0x4 
 .text.LCD_update
                0x00000000080040e0      0x398 ./Core/Src/lcd_setup.o
                0x00000000080040e0                LCD_update
 .text.lsm9ds1_read_reg
                0x0000000008004478       0x30 ./Core/Src/lsm9ds1_reg.o
                0x0000000008004478                lsm9ds1_read_reg
 .text.lsm9ds1_write_reg
                0x00000000080044a8       0x30 ./Core/Src/lsm9ds1_reg.o
                0x00000000080044a8                lsm9ds1_write_reg
 .text.lsm9ds1_from_fs4g_to_mg
                0x00000000080044d8       0x30 ./Core/Src/lsm9ds1_reg.o
                0x00000000080044d8                lsm9ds1_from_fs4g_to_mg
 .text.lsm9ds1_from_fs2000dps_to_mdps
                0x0000000008004508       0x30 ./Core/Src/lsm9ds1_reg.o
                0x0000000008004508                lsm9ds1_from_fs2000dps_to_mdps
 .text.lsm9ds1_from_fs16gauss_to_mG
                0x0000000008004538       0x30 ./Core/Src/lsm9ds1_reg.o
                0x0000000008004538                lsm9ds1_from_fs16gauss_to_mG
 .text.lsm9ds1_gy_full_scale_set
                0x0000000008004568       0x4c ./Core/Src/lsm9ds1_reg.o
                0x0000000008004568                lsm9ds1_gy_full_scale_set
 .text.lsm9ds1_imu_data_rate_set
                0x00000000080045b4       0xca ./Core/Src/lsm9ds1_reg.o
                0x00000000080045b4                lsm9ds1_imu_data_rate_set
 .text.lsm9ds1_xl_full_scale_set
                0x000000000800467e       0x4c ./Core/Src/lsm9ds1_reg.o
                0x000000000800467e                lsm9ds1_xl_full_scale_set
 .text.lsm9ds1_block_data_update_set
                0x00000000080046ca       0x9e ./Core/Src/lsm9ds1_reg.o
                0x00000000080046ca                lsm9ds1_block_data_update_set
 .text.lsm9ds1_mag_data_rate_set
                0x0000000008004768       0xf6 ./Core/Src/lsm9ds1_reg.o
                0x0000000008004768                lsm9ds1_mag_data_rate_set
 .text.lsm9ds1_mag_full_scale_set
                0x000000000800485e       0x4c ./Core/Src/lsm9ds1_reg.o
                0x000000000800485e                lsm9ds1_mag_full_scale_set
 .text.lsm9ds1_angular_rate_raw_get
                0x00000000080048aa       0x96 ./Core/Src/lsm9ds1_reg.o
                0x00000000080048aa                lsm9ds1_angular_rate_raw_get
 .text.lsm9ds1_acceleration_raw_get
                0x0000000008004940       0x96 ./Core/Src/lsm9ds1_reg.o
                0x0000000008004940                lsm9ds1_acceleration_raw_get
 .text.lsm9ds1_magnetic_raw_get
                0x00000000080049d6       0x96 ./Core/Src/lsm9ds1_reg.o
                0x00000000080049d6                lsm9ds1_magnetic_raw_get
 .text.lsm9ds1_dev_id_get
                0x0000000008004a6c       0x3a ./Core/Src/lsm9ds1_reg.o
                0x0000000008004a6c                lsm9ds1_dev_id_get
 .text.lsm9ds1_dev_status_get
                0x0000000008004aa6       0x3a ./Core/Src/lsm9ds1_reg.o
                0x0000000008004aa6                lsm9ds1_dev_status_get
 .text.lsm9ds1_dev_reset_set
                0x0000000008004ae0       0x8a ./Core/Src/lsm9ds1_reg.o
                0x0000000008004ae0                lsm9ds1_dev_reset_set
 .text.lsm9ds1_dev_reset_get
                0x0000000008004b6a       0x56 ./Core/Src/lsm9ds1_reg.o
                0x0000000008004b6a                lsm9ds1_dev_reset_get
 .text.lsm9ds1_gy_filter_lp_bandwidth_set
                0x0000000008004bc0       0x4c ./Core/Src/lsm9ds1_reg.o
                0x0000000008004bc0                lsm9ds1_gy_filter_lp_bandwidth_set
 .text.lsm9ds1_gy_filter_out_path_set
                0x0000000008004c0c       0x8a ./Core/Src/lsm9ds1_reg.o
                0x0000000008004c0c                lsm9ds1_gy_filter_out_path_set
 .text.lsm9ds1_gy_filter_hp_bandwidth_set
                0x0000000008004c96       0x4c ./Core/Src/lsm9ds1_reg.o
                0x0000000008004c96                lsm9ds1_gy_filter_hp_bandwidth_set
 .text.lsm9ds1_xl_filter_aalias_bandwidth_set
                0x0000000008004ce2       0x5e ./Core/Src/lsm9ds1_reg.o
                0x0000000008004ce2                lsm9ds1_xl_filter_aalias_bandwidth_set
 .text.lsm9ds1_xl_filter_out_path_set
                0x0000000008004d40       0x4c ./Core/Src/lsm9ds1_reg.o
                0x0000000008004d40                lsm9ds1_xl_filter_out_path_set
 .text.lsm9ds1_xl_filter_lp_bandwidth_set
                0x0000000008004d8c       0x5e ./Core/Src/lsm9ds1_reg.o
                0x0000000008004d8c                lsm9ds1_xl_filter_lp_bandwidth_set
 *fill*         0x0000000008004dea        0x2 
 .text.ADC_Read
                0x0000000008004dec       0x4c ./Core/Src/main.o
 .text.ADC_Calibrate
                0x0000000008004e38       0x70 ./Core/Src/main.o
 .text.ADC_GetVal
                0x0000000008004ea8       0x48 ./Core/Src/main.o
 .text.IMU_Read
                0x0000000008004ef0      0x2c0 ./Core/Src/main.o
 .text.IMU_Setup
                0x00000000080051b0       0xf4 ./Core/Src/main.o
 .text.platform_write_imu
                0x00000000080052a4       0x44 ./Core/Src/main.o
 .text.platform_write_mag
                0x00000000080052e8       0x4c ./Core/Src/main.o
 .text.platform_read_imu
                0x0000000008005334       0x44 ./Core/Src/main.o
 .text.platform_read_mag
                0x0000000008005378       0x4c ./Core/Src/main.o
 .text.platform_delay
                0x00000000080053c4       0x16 ./Core/Src/main.o
 *fill*         0x00000000080053da        0x2 
 .text.HAL_GPIO_EXTI_Callback
                0x00000000080053dc       0x4c ./Core/Src/main.o
                0x00000000080053dc                HAL_GPIO_EXTI_Callback
 .text.Set_AdvancedMode
                0x0000000008005428       0x30 ./Core/Src/main.o
                0x0000000008005428                Set_AdvancedMode
 .text.Set_StandardMode
                0x0000000008005458       0x24 ./Core/Src/main.o
                0x0000000008005458                Set_StandardMode
 .text.HAL_TIM_PeriodElapsedCallback
                0x000000000800547c      0x240 ./Core/Src/main.o
                0x000000000800547c                HAL_TIM_PeriodElapsedCallback
 .text.main     0x00000000080056bc       0xa4 ./Core/Src/main.o
                0x00000000080056bc                main
 .text.Start_AdvancedMode
                0x0000000008005760      0x1f8 ./Core/Src/main.o
                0x0000000008005760                Start_AdvancedMode
 .text.SystemClock_Config
                0x0000000008005958       0xbc ./Core/Src/main.o
                0x0000000008005958                SystemClock_Config
 .text.MX_ADC1_Init
                0x0000000008005a14      0x158 ./Core/Src/main.o
 .text.MX_ADC2_Init
                0x0000000008005b6c      0x118 ./Core/Src/main.o
 .text.MX_ADC3_Init
                0x0000000008005c84      0x13c ./Core/Src/main.o
 .text.MX_ADC4_Init
                0x0000000008005dc0      0x118 ./Core/Src/main.o
 .text.MX_I2C1_Init
                0x0000000008005ed8       0x80 ./Core/Src/main.o
 .text.MX_I2C2_Init
                0x0000000008005f58       0x80 ./Core/Src/main.o
 .text.MX_SPI1_Init
                0x0000000008005fd8       0xe8 ./Core/Src/main.o
 .text.MX_TIM16_Init
                0x00000000080060c0       0x50 ./Core/Src/main.o
 .text.MX_DMA_Init
                0x0000000008006110       0x3c ./Core/Src/main.o
 .text.MX_GPIO_Init
                0x000000000800614c      0x120 ./Core/Src/main.o
 .text.Error_Handler
                0x000000000800626c        0xa ./Core/Src/main.o
                0x000000000800626c                Error_Handler
 *fill*         0x0000000008006276        0x2 
 .text.HAL_MspInit
                0x0000000008006278       0x48 ./Core/Src/stm32f3xx_hal_msp.o
                0x0000000008006278                HAL_MspInit
 .text.HAL_ADC_MspInit
                0x00000000080062c0      0x1dc ./Core/Src/stm32f3xx_hal_msp.o
                0x00000000080062c0                HAL_ADC_MspInit
 .text.HAL_I2C_MspInit
                0x000000000800649c      0x184 ./Core/Src/stm32f3xx_hal_msp.o
                0x000000000800649c                HAL_I2C_MspInit
 .text.HAL_SPI_MspInit
                0x0000000008006620       0xd8 ./Core/Src/stm32f3xx_hal_msp.o
                0x0000000008006620                HAL_SPI_MspInit
 .text.HAL_TIM_Base_MspInit
                0x00000000080066f8       0x4c ./Core/Src/stm32f3xx_hal_msp.o
                0x00000000080066f8                HAL_TIM_Base_MspInit
 .text.NMI_Handler
                0x0000000008006744        0x6 ./Core/Src/stm32f3xx_it.o
                0x0000000008006744                NMI_Handler
 .text.HardFault_Handler
                0x000000000800674a        0x6 ./Core/Src/stm32f3xx_it.o
                0x000000000800674a                HardFault_Handler
 .text.MemManage_Handler
                0x0000000008006750        0x6 ./Core/Src/stm32f3xx_it.o
                0x0000000008006750                MemManage_Handler
 .text.BusFault_Handler
                0x0000000008006756        0x6 ./Core/Src/stm32f3xx_it.o
                0x0000000008006756                BusFault_Handler
 .text.UsageFault_Handler
                0x000000000800675c        0x6 ./Core/Src/stm32f3xx_it.o
                0x000000000800675c                UsageFault_Handler
 .text.SVC_Handler
                0x0000000008006762        0xe ./Core/Src/stm32f3xx_it.o
                0x0000000008006762                SVC_Handler
 .text.DebugMon_Handler
                0x0000000008006770        0xe ./Core/Src/stm32f3xx_it.o
                0x0000000008006770                DebugMon_Handler
 .text.PendSV_Handler
                0x000000000800677e        0xe ./Core/Src/stm32f3xx_it.o
                0x000000000800677e                PendSV_Handler
 .text.SysTick_Handler
                0x000000000800678c        0xc ./Core/Src/stm32f3xx_it.o
                0x000000000800678c                SysTick_Handler
 .text.EXTI0_IRQHandler
                0x0000000008006798        0xe ./Core/Src/stm32f3xx_it.o
                0x0000000008006798                EXTI0_IRQHandler
 .text.EXTI1_IRQHandler
                0x00000000080067a6        0xe ./Core/Src/stm32f3xx_it.o
                0x00000000080067a6                EXTI1_IRQHandler
 .text.DMA1_Channel3_IRQHandler
                0x00000000080067b4       0x14 ./Core/Src/stm32f3xx_it.o
                0x00000000080067b4                DMA1_Channel3_IRQHandler
 .text.TIM1_UP_TIM16_IRQHandler
                0x00000000080067c8       0x14 ./Core/Src/stm32f3xx_it.o
                0x00000000080067c8                TIM1_UP_TIM16_IRQHandler
 .text.I2C1_EV_IRQHandler
                0x00000000080067dc       0x14 ./Core/Src/stm32f3xx_it.o
                0x00000000080067dc                I2C1_EV_IRQHandler
 .text.I2C2_EV_IRQHandler
                0x00000000080067f0       0x14 ./Core/Src/stm32f3xx_it.o
                0x00000000080067f0                I2C2_EV_IRQHandler
 .text._getpid  0x0000000008006804       0x10 ./Core/Src/syscalls.o
                0x0000000008006804                _getpid
 .text._kill    0x0000000008006814       0x20 ./Core/Src/syscalls.o
                0x0000000008006814                _kill
 .text._exit    0x0000000008006834       0x14 ./Core/Src/syscalls.o
                0x0000000008006834                _exit
 .text._read    0x0000000008006848       0x3a ./Core/Src/syscalls.o
                0x0000000008006848                _read
 .text._write   0x0000000008006882       0x38 ./Core/Src/syscalls.o
                0x0000000008006882                _write
 .text._close   0x00000000080068ba       0x18 ./Core/Src/syscalls.o
                0x00000000080068ba                _close
 .text._fstat   0x00000000080068d2       0x20 ./Core/Src/syscalls.o
                0x00000000080068d2                _fstat
 .text._isatty  0x00000000080068f2       0x16 ./Core/Src/syscalls.o
                0x00000000080068f2                _isatty
 .text._lseek   0x0000000008006908       0x1a ./Core/Src/syscalls.o
                0x0000000008006908                _lseek
 *fill*         0x0000000008006922        0x2 
 .text._sbrk    0x0000000008006924       0x6c ./Core/Src/sysmem.o
                0x0000000008006924                _sbrk
 .text.SystemInit
                0x0000000008006990       0x24 ./Core/Src/system_stm32f3xx.o
                0x0000000008006990                SystemInit
 .text.max      0x00000000080069b4       0x38 ./Core/Src/utils.o
                0x00000000080069b4                max
 .text.min      0x00000000080069ec       0x38 ./Core/Src/utils.o
                0x00000000080069ec                min
 .text.lerp     0x0000000008006a24       0x3c ./Core/Src/utils.o
                0x0000000008006a24                lerp
 .text.map      0x0000000008006a60       0x8c ./Core/Src/utils.o
                0x0000000008006a60                map
 .text.convert_period_to_freq
                0x0000000008006aec       0x28 ./Core/Src/utils.o
                0x0000000008006aec                convert_period_to_freq
 .text.Reset_Handler
                0x0000000008006b14       0x50 ./Core/Startup/startup_stm32f303vctx.o
                0x0000000008006b14                Reset_Handler
 .text.Default_Handler
                0x0000000008006b64        0x2 ./Core/Startup/startup_stm32f303vctx.o
                0x0000000008006b64                TIM1_BRK_TIM15_IRQHandler
                0x0000000008006b64                TIM8_TRG_COM_IRQHandler
                0x0000000008006b64                TIM8_CC_IRQHandler
                0x0000000008006b64                TIM1_CC_IRQHandler
                0x0000000008006b64                USB_HP_IRQHandler
                0x0000000008006b64                PVD_IRQHandler
                0x0000000008006b64                TAMP_STAMP_IRQHandler
                0x0000000008006b64                EXTI3_IRQHandler
                0x0000000008006b64                USB_HP_CAN_TX_IRQHandler
                0x0000000008006b64                FPU_IRQHandler
                0x0000000008006b64                ADC1_2_IRQHandler
                0x0000000008006b64                SPI1_IRQHandler
                0x0000000008006b64                CAN_SCE_IRQHandler
                0x0000000008006b64                TIM6_DAC_IRQHandler
                0x0000000008006b64                TIM8_UP_IRQHandler
                0x0000000008006b64                DMA2_Channel2_IRQHandler
                0x0000000008006b64                DMA1_Channel4_IRQHandler
                0x0000000008006b64                USART3_IRQHandler
                0x0000000008006b64                DMA1_Channel7_IRQHandler
                0x0000000008006b64                UART5_IRQHandler
                0x0000000008006b64                ADC3_IRQHandler
                0x0000000008006b64                TIM4_IRQHandler
                0x0000000008006b64                CAN_RX1_IRQHandler
                0x0000000008006b64                DMA2_Channel1_IRQHandler
                0x0000000008006b64                DMA1_Channel6_IRQHandler
                0x0000000008006b64                UART4_IRQHandler
                0x0000000008006b64                DMA2_Channel4_IRQHandler
                0x0000000008006b64                TIM3_IRQHandler
                0x0000000008006b64                RCC_IRQHandler
                0x0000000008006b64                DMA1_Channel1_IRQHandler
                0x0000000008006b64                Default_Handler
                0x0000000008006b64                USBWakeUp_RMP_IRQHandler
                0x0000000008006b64                EXTI15_10_IRQHandler
                0x0000000008006b64                TIM7_IRQHandler
                0x0000000008006b64                EXTI9_5_IRQHandler
                0x0000000008006b64                RTC_WKUP_IRQHandler
                0x0000000008006b64                SPI2_IRQHandler
                0x0000000008006b64                USB_LP_CAN_RX0_IRQHandler
                0x0000000008006b64                DMA2_Channel5_IRQHandler
                0x0000000008006b64                DMA1_Channel5_IRQHandler
                0x0000000008006b64                USB_LP_IRQHandler
                0x0000000008006b64                EXTI4_IRQHandler
                0x0000000008006b64                TIM1_TRG_COM_TIM17_IRQHandler
                0x0000000008006b64                ADC4_IRQHandler
                0x0000000008006b64                WWDG_IRQHandler
                0x0000000008006b64                TIM2_IRQHandler
                0x0000000008006b64                COMP7_IRQHandler
                0x0000000008006b64                COMP1_2_3_IRQHandler
                0x0000000008006b64                USART2_IRQHandler
                0x0000000008006b64                COMP4_5_6_IRQHandler
                0x0000000008006b64                I2C2_ER_IRQHandler
                0x0000000008006b64                DMA1_Channel2_IRQHandler
                0x0000000008006b64                TIM8_BRK_IRQHandler
                0x0000000008006b64                FLASH_IRQHandler
                0x0000000008006b64                USART1_IRQHandler
                0x0000000008006b64                SPI3_IRQHandler
                0x0000000008006b64                I2C1_ER_IRQHandler
                0x0000000008006b64                USBWakeUp_IRQHandler
                0x0000000008006b64                DMA2_Channel3_IRQHandler
                0x0000000008006b64                EXTI2_TSC_IRQHandler
                0x0000000008006b64                RTC_Alarm_IRQHandler
 *fill*         0x0000000008006b66        0x2 
 .text.HAL_Init
                0x0000000008006b68       0x2c ./Drivers/STM32F3xx_HAL_Driver/Src/stm32f3xx_hal.o
                0x0000000008006b68                HAL_Init
 .text.HAL_InitTick
                0x0000000008006b94       0x60 ./Drivers/STM32F3xx_HAL_Driver/Src/stm32f3xx_hal.o
                0x0000000008006b94                HAL_InitTick
 .text.HAL_IncTick
                0x0000000008006bf4       0x28 ./Drivers/STM32F3xx_HAL_Driver/Src/stm32f3xx_hal.o
                0x0000000008006bf4                HAL_IncTick
 .text.HAL_GetTick
                0x0000000008006c1c       0x18 ./Drivers/STM32F3xx_HAL_Driver/Src/stm32f3xx_hal.o
                0x0000000008006c1c                HAL_GetTick
 .text.HAL_Delay
                0x0000000008006c34       0x48 ./Drivers/STM32F3xx_HAL_Driver/Src/stm32f3xx_hal.o
                0x0000000008006c34                HAL_Delay
 .text.HAL_ADC_Init
                0x0000000008006c7c      0x3c0 ./Drivers/STM32F3xx_HAL_Driver/Src/stm32f3xx_hal_adc_ex.o
                0x0000000008006c7c                HAL_ADC_Init
 .text.HAL_ADC_ConfigChannel
                0x000000000800703c      0x5d8 ./Drivers/STM32F3xx_HAL_Driver/Src/stm32f3xx_hal_adc_ex.o
                0x000000000800703c                HAL_ADC_ConfigChannel
 .text.HAL_ADCEx_MultiModeConfigChannel
                0x0000000008007614      0x1e4 ./Drivers/STM32F3xx_HAL_Driver/Src/stm32f3xx_hal_adc_ex.o
                0x0000000008007614                HAL_ADCEx_MultiModeConfigChannel
 .text.ADC_Disable
                0x00000000080077f8       0xcc ./Drivers/STM32F3xx_HAL_Driver/Src/stm32f3xx_hal_adc_ex.o
 .text.__NVIC_SetPriorityGrouping
                0x00000000080078c4       0x48 ./Drivers/STM32F3xx_HAL_Driver/Src/stm32f3xx_hal_cortex.o
 .text.__NVIC_GetPriorityGrouping
                0x000000000800790c       0x1c ./Drivers/STM32F3xx_HAL_Driver/Src/stm32f3xx_hal_cortex.o
 .text.__NVIC_EnableIRQ
                0x0000000008007928       0x3c ./Drivers/STM32F3xx_HAL_Driver/Src/stm32f3xx_hal_cortex.o
 .text.__NVIC_SetPriority
                0x0000000008007964       0x54 ./Drivers/STM32F3xx_HAL_Driver/Src/stm32f3xx_hal_cortex.o
 .text.NVIC_EncodePriority
                0x00000000080079b8       0x66 ./Drivers/STM32F3xx_HAL_Driver/Src/stm32f3xx_hal_cortex.o
 *fill*         0x0000000008007a1e        0x2 
 .text.SysTick_Config
                0x0000000008007a20       0x44 ./Drivers/STM32F3xx_HAL_Driver/Src/stm32f3xx_hal_cortex.o
 .text.HAL_NVIC_SetPriorityGrouping
                0x0000000008007a64       0x16 ./Drivers/STM32F3xx_HAL_Driver/Src/stm32f3xx_hal_cortex.o
                0x0000000008007a64                HAL_NVIC_SetPriorityGrouping
 .text.HAL_NVIC_SetPriority
                0x0000000008007a7a       0x38 ./Drivers/STM32F3xx_HAL_Driver/Src/stm32f3xx_hal_cortex.o
                0x0000000008007a7a                HAL_NVIC_SetPriority
 .text.HAL_NVIC_EnableIRQ
                0x0000000008007ab2       0x1c ./Drivers/STM32F3xx_HAL_Driver/Src/stm32f3xx_hal_cortex.o
                0x0000000008007ab2                HAL_NVIC_EnableIRQ
 .text.HAL_SYSTICK_Config
                0x0000000008007ace       0x18 ./Drivers/STM32F3xx_HAL_Driver/Src/stm32f3xx_hal_cortex.o
                0x0000000008007ace                HAL_SYSTICK_Config
 .text.HAL_DMA_Init
                0x0000000008007ae6       0x8e ./Drivers/STM32F3xx_HAL_Driver/Src/stm32f3xx_hal_dma.o
                0x0000000008007ae6                HAL_DMA_Init
 .text.HAL_DMA_IRQHandler
                0x0000000008007b74      0x146 ./Drivers/STM32F3xx_HAL_Driver/Src/stm32f3xx_hal_dma.o
                0x0000000008007b74                HAL_DMA_IRQHandler
 *fill*         0x0000000008007cba        0x2 
 .text.DMA_CalcBaseAndBitshift
                0x0000000008007cbc       0x78 ./Drivers/STM32F3xx_HAL_Driver/Src/stm32f3xx_hal_dma.o
 .text.HAL_GPIO_Init
                0x0000000008007d34      0x2f4 ./Drivers/STM32F3xx_HAL_Driver/Src/stm32f3xx_hal_gpio.o
                0x0000000008007d34                HAL_GPIO_Init
 .text.HAL_GPIO_ReadPin
                0x0000000008008028       0x30 ./Drivers/STM32F3xx_HAL_Driver/Src/stm32f3xx_hal_gpio.o
                0x0000000008008028                HAL_GPIO_ReadPin
 .text.HAL_GPIO_WritePin
                0x0000000008008058       0x30 ./Drivers/STM32F3xx_HAL_Driver/Src/stm32f3xx_hal_gpio.o
                0x0000000008008058                HAL_GPIO_WritePin
 .text.HAL_GPIO_EXTI_IRQHandler
                0x0000000008008088       0x30 ./Drivers/STM32F3xx_HAL_Driver/Src/stm32f3xx_hal_gpio.o
                0x0000000008008088                HAL_GPIO_EXTI_IRQHandler
 .text.HAL_I2C_Init
                0x00000000080080b8      0x11e ./Drivers/STM32F3xx_HAL_Driver/Src/stm32f3xx_hal_i2c.o
                0x00000000080080b8                HAL_I2C_Init
 *fill*         0x00000000080081d6        0x2 
 .text.HAL_I2C_Master_Transmit
                0x00000000080081d8      0x1e8 ./Drivers/STM32F3xx_HAL_Driver/Src/stm32f3xx_hal_i2c.o
                0x00000000080081d8                HAL_I2C_Master_Transmit
 .text.HAL_I2C_Mem_Write
                0x00000000080083c0      0x228 ./Drivers/STM32F3xx_HAL_Driver/Src/stm32f3xx_hal_i2c.o
                0x00000000080083c0                HAL_I2C_Mem_Write
 .text.HAL_I2C_Mem_Read
                0x00000000080085e8      0x234 ./Drivers/STM32F3xx_HAL_Driver/Src/stm32f3xx_hal_i2c.o
                0x00000000080085e8                HAL_I2C_Mem_Read
 .text.HAL_I2C_EV_IRQHandler
                0x000000000800881c       0x34 ./Drivers/STM32F3xx_HAL_Driver/Src/stm32f3xx_hal_i2c.o
                0x000000000800881c                HAL_I2C_EV_IRQHandler
 .text.I2C_RequestMemoryWrite
                0x0000000008008850       0xa8 ./Drivers/STM32F3xx_HAL_Driver/Src/stm32f3xx_hal_i2c.o
 .text.I2C_RequestMemoryRead
                0x00000000080088f8       0xa8 ./Drivers/STM32F3xx_HAL_Driver/Src/stm32f3xx_hal_i2c.o
 .text.I2C_Flush_TXDR
                0x00000000080089a0       0x48 ./Drivers/STM32F3xx_HAL_Driver/Src/stm32f3xx_hal_i2c.o
 .text.I2C_WaitOnFlagUntilTimeout
                0x00000000080089e8       0x9e ./Drivers/STM32F3xx_HAL_Driver/Src/stm32f3xx_hal_i2c.o
 .text.I2C_WaitOnTXISFlagUntilTimeout
                0x0000000008008a86       0x8e ./Drivers/STM32F3xx_HAL_Driver/Src/stm32f3xx_hal_i2c.o
 .text.I2C_WaitOnSTOPFlagUntilTimeout
                0x0000000008008b14       0x86 ./Drivers/STM32F3xx_HAL_Driver/Src/stm32f3xx_hal_i2c.o
 *fill*         0x0000000008008b9a        0x2 
 .text.I2C_IsErrorOccurred
                0x0000000008008b9c      0x1c0 ./Drivers/STM32F3xx_HAL_Driver/Src/stm32f3xx_hal_i2c.o
 .text.I2C_TransferConfig
                0x0000000008008d5c       0x64 ./Drivers/STM32F3xx_HAL_Driver/Src/stm32f3xx_hal_i2c.o
 .text.HAL_I2CEx_ConfigAnalogFilter
                0x0000000008008dc0       0x96 ./Drivers/STM32F3xx_HAL_Driver/Src/stm32f3xx_hal_i2c_ex.o
                0x0000000008008dc0                HAL_I2CEx_ConfigAnalogFilter
 .text.HAL_I2CEx_ConfigDigitalFilter
                0x0000000008008e56       0x98 ./Drivers/STM32F3xx_HAL_Driver/Src/stm32f3xx_hal_i2c_ex.o
                0x0000000008008e56                HAL_I2CEx_ConfigDigitalFilter
 *fill*         0x0000000008008eee        0x2 
 .text.HAL_RCC_OscConfig
                0x0000000008008ef0     0x107c ./Drivers/STM32F3xx_HAL_Driver/Src/stm32f3xx_hal_rcc.o
                0x0000000008008ef0                HAL_RCC_OscConfig
 .text.HAL_RCC_ClockConfig
                0x0000000008009f6c      0x2f8 ./Drivers/STM32F3xx_HAL_Driver/Src/stm32f3xx_hal_rcc.o
                0x0000000008009f6c                HAL_RCC_ClockConfig
 .text.HAL_RCC_GetSysClockFreq
                0x000000000800a264       0xd4 ./Drivers/STM32F3xx_HAL_Driver/Src/stm32f3xx_hal_rcc.o
                0x000000000800a264                HAL_RCC_GetSysClockFreq
 .text.HAL_RCCEx_PeriphCLKConfig
                0x000000000800a338      0x360 ./Drivers/STM32F3xx_HAL_Driver/Src/stm32f3xx_hal_rcc_ex.o
                0x000000000800a338                HAL_RCCEx_PeriphCLKConfig
 .text.HAL_SPI_Init
                0x000000000800a698      0x156 ./Drivers/STM32F3xx_HAL_Driver/Src/stm32f3xx_hal_spi.o
                0x000000000800a698                HAL_SPI_Init
 .text.HAL_TIM_Base_Init
                0x000000000800a7ee       0xae ./Drivers/STM32F3xx_HAL_Driver/Src/stm32f3xx_hal_tim.o
                0x000000000800a7ee                HAL_TIM_Base_Init
 .text.HAL_TIM_Base_Start_IT
                0x000000000800a89c       0xd4 ./Drivers/STM32F3xx_HAL_Driver/Src/stm32f3xx_hal_tim.o
                0x000000000800a89c                HAL_TIM_Base_Start_IT
 .text.HAL_TIM_IRQHandler
                0x000000000800a970      0x23e ./Drivers/STM32F3xx_HAL_Driver/Src/stm32f3xx_hal_tim.o
                0x000000000800a970                HAL_TIM_IRQHandler
 .text.HAL_TIM_OC_DelayElapsedCallback
                0x000000000800abae       0x14 ./Drivers/STM32F3xx_HAL_Driver/Src/stm32f3xx_hal_tim.o
                0x000000000800abae                HAL_TIM_OC_DelayElapsedCallback
 .text.HAL_TIM_IC_CaptureCallback
                0x000000000800abc2       0x14 ./Drivers/STM32F3xx_HAL_Driver/Src/stm32f3xx_hal_tim.o
                0x000000000800abc2                HAL_TIM_IC_CaptureCallback
 .text.HAL_TIM_PWM_PulseFinishedCallback
                0x000000000800abd6       0x14 ./Drivers/STM32F3xx_HAL_Driver/Src/stm32f3xx_hal_tim.o
                0x000000000800abd6                HAL_TIM_PWM_PulseFinishedCallback
 .text.HAL_TIM_TriggerCallback
                0x000000000800abea       0x14 ./Drivers/STM32F3xx_HAL_Driver/Src/stm32f3xx_hal_tim.o
                0x000000000800abea                HAL_TIM_TriggerCallback
 *fill*         0x000000000800abfe        0x2 
 .text.TIM_Base_SetConfig
                0x000000000800ac00      0x120 ./Drivers/STM32F3xx_HAL_Driver/Src/stm32f3xx_hal_tim.o
                0x000000000800ac00                TIM_Base_SetConfig
 .text.HAL_TIMEx_CommutCallback
                0x000000000800ad20       0x14 ./Drivers/STM32F3xx_HAL_Driver/Src/stm32f3xx_hal_tim_ex.o
                0x000000000800ad20                HAL_TIMEx_CommutCallback
 .text.HAL_TIMEx_BreakCallback
                0x000000000800ad34       0x14 ./Drivers/STM32F3xx_HAL_Driver/Src/stm32f3xx_hal_tim_ex.o
                0x000000000800ad34                HAL_TIMEx_BreakCallback
 .text.HAL_TIMEx_Break2Callback
                0x000000000800ad48       0x14 ./Drivers/STM32F3xx_HAL_Driver/Src/stm32f3xx_hal_tim_ex.o
                0x000000000800ad48                HAL_TIMEx_Break2Callback
 .text.__errno  0x000000000800ad5c        0xc /Applications/STM32CubeIDE.app/Contents/Eclipse/plugins/com.st.stm32cube.ide.mcu.externaltools.gnu-tools-for-stm32.10.3-2021.10.macos64_1.0.200.202301161003/tools/bin/../lib/gcc/arm-none-eabi/10.3.1/../../../../arm-none-eabi/lib/thumb/v7e-m+fp/hard/libc_nano.a(lib_a-errno.o)
                0x000000000800ad5c                __errno
 .text.__libc_init_array
                0x000000000800ad68       0x48 /Applications/STM32CubeIDE.app/Contents/Eclipse/plugins/com.st.stm32cube.ide.mcu.externaltools.gnu-tools-for-stm32.10.3-2021.10.macos64_1.0.200.202301161003/tools/bin/../lib/gcc/arm-none-eabi/10.3.1/../../../../arm-none-eabi/lib/thumb/v7e-m+fp/hard/libc_nano.a(lib_a-init.o)
                0x000000000800ad68                __libc_init_array
 .text.memcpy   0x000000000800adb0       0x1c /Applications/STM32CubeIDE.app/Contents/Eclipse/plugins/com.st.stm32cube.ide.mcu.externaltools.gnu-tools-for-stm32.10.3-2021.10.macos64_1.0.200.202301161003/tools/bin/../lib/gcc/arm-none-eabi/10.3.1/../../../../arm-none-eabi/lib/thumb/v7e-m+fp/hard/libc_nano.a(lib_a-memcpy-stub.o)
                0x000000000800adb0                memcpy
 .text.memset   0x000000000800adcc       0x10 /Applications/STM32CubeIDE.app/Contents/Eclipse/plugins/com.st.stm32cube.ide.mcu.externaltools.gnu-tools-for-stm32.10.3-2021.10.macos64_1.0.200.202301161003/tools/bin/../lib/gcc/arm-none-eabi/10.3.1/../../../../arm-none-eabi/lib/thumb/v7e-m+fp/hard/libc_nano.a(lib_a-memset.o)
                0x000000000800adcc                memset
 .text.__cvt    0x000000000800addc       0xc4 /Applications/STM32CubeIDE.app/Contents/Eclipse/plugins/com.st.stm32cube.ide.mcu.externaltools.gnu-tools-for-stm32.10.3-2021.10.macos64_1.0.200.202301161003/tools/bin/../lib/gcc/arm-none-eabi/10.3.1/../../../../arm-none-eabi/lib/thumb/v7e-m+fp/hard/libc_nano.a(lib_a-nano-vfprintf_float.o)
                0x000000000800addc                __cvt
 .text.__exponent
                0x000000000800aea0       0x7c /Applications/STM32CubeIDE.app/Contents/Eclipse/plugins/com.st.stm32cube.ide.mcu.externaltools.gnu-tools-for-stm32.10.3-2021.10.macos64_1.0.200.202301161003/tools/bin/../lib/gcc/arm-none-eabi/10.3.1/../../../../arm-none-eabi/lib/thumb/v7e-m+fp/hard/libc_nano.a(lib_a-nano-vfprintf_float.o)
                0x000000000800aea0                __exponent
 .text._printf_float
                0x000000000800af1c      0x46c /Applications/STM32CubeIDE.app/Contents/Eclipse/plugins/com.st.stm32cube.ide.mcu.externaltools.gnu-tools-for-stm32.10.3-2021.10.macos64_1.0.200.202301161003/tools/bin/../lib/gcc/arm-none-eabi/10.3.1/../../../../arm-none-eabi/lib/thumb/v7e-m+fp/hard/libc_nano.a(lib_a-nano-vfprintf_float.o)
                0x000000000800af1c                _printf_float
 .text._printf_common
                0x000000000800b388       0xda /Applications/STM32CubeIDE.app/Contents/Eclipse/plugins/com.st.stm32cube.ide.mcu.externaltools.gnu-tools-for-stm32.10.3-2021.10.macos64_1.0.200.202301161003/tools/bin/../lib/gcc/arm-none-eabi/10.3.1/../../../../arm-none-eabi/lib/thumb/v7e-m+fp/hard/libc_nano.a(lib_a-nano-vfprintf_i.o)
                0x000000000800b388                _printf_common
 *fill*         0x000000000800b462        0x2 
 .text._printf_i
                0x000000000800b464      0x24c /Applications/STM32CubeIDE.app/Contents/Eclipse/plugins/com.st.stm32cube.ide.mcu.externaltools.gnu-tools-for-stm32.10.3-2021.10.macos64_1.0.200.202301161003/tools/bin/../lib/gcc/arm-none-eabi/10.3.1/../../../../arm-none-eabi/lib/thumb/v7e-m+fp/hard/libc_nano.a(lib_a-nano-vfprintf_i.o)
                0x000000000800b464                _printf_i
 .text.sprintf  0x000000000800b6b0       0x40 /Applications/STM32CubeIDE.app/Contents/Eclipse/plugins/com.st.stm32cube.ide.mcu.externaltools.gnu-tools-for-stm32.10.3-2021.10.macos64_1.0.200.202301161003/tools/bin/../lib/gcc/arm-none-eabi/10.3.1/../../../../arm-none-eabi/lib/thumb/v7e-m+fp/hard/libc_nano.a(lib_a-sprintf.o)
                0x000000000800b6b0                sprintf
                0x000000000800b6b0                siprintf
 .text.strncpy  0x000000000800b6f0       0x26 /Applications/STM32CubeIDE.app/Contents/Eclipse/plugins/com.st.stm32cube.ide.mcu.externaltools.gnu-tools-for-stm32.10.3-2021.10.macos64_1.0.200.202301161003/tools/bin/../lib/gcc/arm-none-eabi/10.3.1/../../../../arm-none-eabi/lib/thumb/v7e-m+fp/hard/libc_nano.a(lib_a-strncpy.o)
                0x000000000800b6f0                strncpy
 .text.quorem   0x000000000800b716      0x116 /Applications/STM32CubeIDE.app/Contents/Eclipse/plugins/com.st.stm32cube.ide.mcu.externaltools.gnu-tools-for-stm32.10.3-2021.10.macos64_1.0.200.202301161003/tools/bin/../lib/gcc/arm-none-eabi/10.3.1/../../../../arm-none-eabi/lib/thumb/v7e-m+fp/hard/libc_nano.a(lib_a-dtoa.o)
 *fill*         0x000000000800b82c        0x4 
 .text._dtoa_r  0x000000000800b830      0xbdc /Applications/STM32CubeIDE.app/Contents/Eclipse/plugins/com.st.stm32cube.ide.mcu.externaltools.gnu-tools-for-stm32.10.3-2021.10.macos64_1.0.200.202301161003/tools/bin/../lib/gcc/arm-none-eabi/10.3.1/../../../../arm-none-eabi/lib/thumb/v7e-m+fp/hard/libc_nano.a(lib_a-dtoa.o)
                0x000000000800b830                _dtoa_r
 .text._localeconv_r
                0x000000000800c40c        0x8 /Applications/STM32CubeIDE.app/Contents/Eclipse/plugins/com.st.stm32cube.ide.mcu.externaltools.gnu-tools-for-stm32.10.3-2021.10.macos64_1.0.200.202301161003/tools/bin/../lib/gcc/arm-none-eabi/10.3.1/../../../../arm-none-eabi/lib/thumb/v7e-m+fp/hard/libc_nano.a(lib_a-localeconv.o)
                0x000000000800c40c                _localeconv_r
 .text.malloc   0x000000000800c414       0x10 /Applications/STM32CubeIDE.app/Contents/Eclipse/plugins/com.st.stm32cube.ide.mcu.externaltools.gnu-tools-for-stm32.10.3-2021.10.macos64_1.0.200.202301161003/tools/bin/../lib/gcc/arm-none-eabi/10.3.1/../../../../arm-none-eabi/lib/thumb/v7e-m+fp/hard/libc_nano.a(lib_a-malloc.o)
                0x000000000800c414                malloc
 .text._Balloc  0x000000000800c424       0x80 /Applications/STM32CubeIDE.app/Contents/Eclipse/plugins/com.st.stm32cube.ide.mcu.externaltools.gnu-tools-for-stm32.10.3-2021.10.macos64_1.0.200.202301161003/tools/bin/../lib/gcc/arm-none-eabi/10.3.1/../../../../arm-none-eabi/lib/thumb/v7e-m+fp/hard/libc_nano.a(lib_a-mprec.o)
                0x000000000800c424                _Balloc
 .text._Bfree   0x000000000800c4a4       0x44 /Applications/STM32CubeIDE.app/Contents/Eclipse/plugins/com.st.stm32cube.ide.mcu.externaltools.gnu-tools-for-stm32.10.3-2021.10.macos64_1.0.200.202301161003/tools/bin/../lib/gcc/arm-none-eabi/10.3.1/../../../../arm-none-eabi/lib/thumb/v7e-m+fp/hard/libc_nano.a(lib_a-mprec.o)
                0x000000000800c4a4                _Bfree
 .text.__multadd
                0x000000000800c4e8       0x8c /Applications/STM32CubeIDE.app/Contents/Eclipse/plugins/com.st.stm32cube.ide.mcu.externaltools.gnu-tools-for-stm32.10.3-2021.10.macos64_1.0.200.202301161003/tools/bin/../lib/gcc/arm-none-eabi/10.3.1/../../../../arm-none-eabi/lib/thumb/v7e-m+fp/hard/libc_nano.a(lib_a-mprec.o)
                0x000000000800c4e8                __multadd
 .text.__hi0bits
                0x000000000800c574       0x40 /Applications/STM32CubeIDE.app/Contents/Eclipse/plugins/com.st.stm32cube.ide.mcu.externaltools.gnu-tools-for-stm32.10.3-2021.10.macos64_1.0.200.202301161003/tools/bin/../lib/gcc/arm-none-eabi/10.3.1/../../../../arm-none-eabi/lib/thumb/v7e-m+fp/hard/libc_nano.a(lib_a-mprec.o)
                0x000000000800c574                __hi0bits
 .text.__lo0bits
                0x000000000800c5b4       0x5e /Applications/STM32CubeIDE.app/Contents/Eclipse/plugins/com.st.stm32cube.ide.mcu.externaltools.gnu-tools-for-stm32.10.3-2021.10.macos64_1.0.200.202301161003/tools/bin/../lib/gcc/arm-none-eabi/10.3.1/../../../../arm-none-eabi/lib/thumb/v7e-m+fp/hard/libc_nano.a(lib_a-mprec.o)
                0x000000000800c5b4                __lo0bits
 *fill*         0x000000000800c612        0x2 
 .text.__i2b    0x000000000800c614       0x2c /Applications/STM32CubeIDE.app/Contents/Eclipse/plugins/com.st.stm32cube.ide.mcu.externaltools.gnu-tools-for-stm32.10.3-2021.10.macos64_1.0.200.202301161003/tools/bin/../lib/gcc/arm-none-eabi/10.3.1/../../../../arm-none-eabi/lib/thumb/v7e-m+fp/hard/libc_nano.a(lib_a-mprec.o)
                0x000000000800c614                __i2b
 .text.__multiply
                0x000000000800c640      0x154 /Applications/STM32CubeIDE.app/Contents/Eclipse/plugins/com.st.stm32cube.ide.mcu.externaltools.gnu-tools-for-stm32.10.3-2021.10.macos64_1.0.200.202301161003/tools/bin/../lib/gcc/arm-none-eabi/10.3.1/../../../../arm-none-eabi/lib/thumb/v7e-m+fp/hard/libc_nano.a(lib_a-mprec.o)
                0x000000000800c640                __multiply
 .text.__pow5mult
                0x000000000800c794       0xb4 /Applications/STM32CubeIDE.app/Contents/Eclipse/plugins/com.st.stm32cube.ide.mcu.externaltools.gnu-tools-for-stm32.10.3-2021.10.macos64_1.0.200.202301161003/tools/bin/../lib/gcc/arm-none-eabi/10.3.1/../../../../arm-none-eabi/lib/thumb/v7e-m+fp/hard/libc_nano.a(lib_a-mprec.o)
                0x000000000800c794                __pow5mult
 .text.__lshift
                0x000000000800c848       0xe0 /Applications/STM32CubeIDE.app/Contents/Eclipse/plugins/com.st.stm32cube.ide.mcu.externaltools.gnu-tools-for-stm32.10.3-2021.10.macos64_1.0.200.202301161003/tools/bin/../lib/gcc/arm-none-eabi/10.3.1/../../../../arm-none-eabi/lib/thumb/v7e-m+fp/hard/libc_nano.a(lib_a-mprec.o)
                0x000000000800c848                __lshift
 .text.__mcmp   0x000000000800c928       0x38 /Applications/STM32CubeIDE.app/Contents/Eclipse/plugins/com.st.stm32cube.ide.mcu.externaltools.gnu-tools-for-stm32.10.3-2021.10.macos64_1.0.200.202301161003/tools/bin/../lib/gcc/arm-none-eabi/10.3.1/../../../../arm-none-eabi/lib/thumb/v7e-m+fp/hard/libc_nano.a(lib_a-mprec.o)
                0x000000000800c928                __mcmp
 .text.__mdiff  0x000000000800c960      0x114 /Applications/STM32CubeIDE.app/Contents/Eclipse/plugins/com.st.stm32cube.ide.mcu.externaltools.gnu-tools-for-stm32.10.3-2021.10.macos64_1.0.200.202301161003/tools/bin/../lib/gcc/arm-none-eabi/10.3.1/../../../../arm-none-eabi/lib/thumb/v7e-m+fp/hard/libc_nano.a(lib_a-mprec.o)
                0x000000000800c960                __mdiff
 .text.__d2b    0x000000000800ca74       0xb8 /Applications/STM32CubeIDE.app/Contents/Eclipse/plugins/com.st.stm32cube.ide.mcu.externaltools.gnu-tools-for-stm32.10.3-2021.10.macos64_1.0.200.202301161003/tools/bin/../lib/gcc/arm-none-eabi/10.3.1/../../../../arm-none-eabi/lib/thumb/v7e-m+fp/hard/libc_nano.a(lib_a-mprec.o)
                0x000000000800ca74                __d2b
 .text._calloc_r
                0x000000000800cb2c       0x2c /Applications/STM32CubeIDE.app/Contents/Eclipse/plugins/com.st.stm32cube.ide.mcu.externaltools.gnu-tools-for-stm32.10.3-2021.10.macos64_1.0.200.202301161003/tools/bin/../lib/gcc/arm-none-eabi/10.3.1/../../../../arm-none-eabi/lib/thumb/v7e-m+fp/hard/libc_nano.a(lib_a-nano-callocr.o)
                0x000000000800cb2c                _calloc_r
 .text._free_r  0x000000000800cb58       0x98 /Applications/STM32CubeIDE.app/Contents/Eclipse/plugins/com.st.stm32cube.ide.mcu.externaltools.gnu-tools-for-stm32.10.3-2021.10.macos64_1.0.200.202301161003/tools/bin/../lib/gcc/arm-none-eabi/10.3.1/../../../../arm-none-eabi/lib/thumb/v7e-m+fp/hard/libc_nano.a(lib_a-nano-freer.o)
                0x000000000800cb58                _free_r
 .text.sbrk_aligned
                0x000000000800cbf0       0x40 /Applications/STM32CubeIDE.app/Contents/Eclipse/plugins/com.st.stm32cube.ide.mcu.externaltools.gnu-tools-for-stm32.10.3-2021.10.macos64_1.0.200.202301161003/tools/bin/../lib/gcc/arm-none-eabi/10.3.1/../../../../arm-none-eabi/lib/thumb/v7e-m+fp/hard/libc_nano.a(lib_a-nano-mallocr.o)
 .text._malloc_r
                0x000000000800cc30       0xe8 /Applications/STM32CubeIDE.app/Contents/Eclipse/plugins/com.st.stm32cube.ide.mcu.externaltools.gnu-tools-for-stm32.10.3-2021.10.macos64_1.0.200.202301161003/tools/bin/../lib/gcc/arm-none-eabi/10.3.1/../../../../arm-none-eabi/lib/thumb/v7e-m+fp/hard/libc_nano.a(lib_a-nano-mallocr.o)
                0x000000000800cc30                _malloc_r
 .text.__ssputs_r
                0x000000000800cd18       0xb6 /Applications/STM32CubeIDE.app/Contents/Eclipse/plugins/com.st.stm32cube.ide.mcu.externaltools.gnu-tools-for-stm32.10.3-2021.10.macos64_1.0.200.202301161003/tools/bin/../lib/gcc/arm-none-eabi/10.3.1/../../../../arm-none-eabi/lib/thumb/v7e-m+fp/hard/libc_nano.a(lib_a-nano-svfprintf.o)
                0x000000000800cd18                __ssputs_r
 *fill*         0x000000000800cdce        0x2 
 .text._svfprintf_r
                0x000000000800cdd0      0x200 /Applications/STM32CubeIDE.app/Contents/Eclipse/plugins/com.st.stm32cube.ide.mcu.externaltools.gnu-tools-for-stm32.10.3-2021.10.macos64_1.0.200.202301161003/tools/bin/../lib/gcc/arm-none-eabi/10.3.1/../../../../arm-none-eabi/lib/thumb/v7e-m+fp/hard/libc_nano.a(lib_a-nano-svfprintf.o)
                0x000000000800cdd0                _svfprintf_r
                0x000000000800cdd0                _svfiprintf_r
 .text._sbrk_r  0x000000000800cfd0       0x20 /Applications/STM32CubeIDE.app/Contents/Eclipse/plugins/com.st.stm32cube.ide.mcu.externaltools.gnu-tools-for-stm32.10.3-2021.10.macos64_1.0.200.202301161003/tools/bin/../lib/gcc/arm-none-eabi/10.3.1/../../../../arm-none-eabi/lib/thumb/v7e-m+fp/hard/libc_nano.a(lib_a-sbrkr.o)
                0x000000000800cfd0                _sbrk_r
 .text.__assert_func
                0x000000000800cff0       0x3c /Applications/STM32CubeIDE.app/Contents/Eclipse/plugins/com.st.stm32cube.ide.mcu.externaltools.gnu-tools-for-stm32.10.3-2021.10.macos64_1.0.200.202301161003/tools/bin/../lib/gcc/arm-none-eabi/10.3.1/../../../../arm-none-eabi/lib/thumb/v7e-m+fp/hard/libc_nano.a(lib_a-assert.o)
                0x000000000800cff0                __assert_func
 .text.fprintf  0x000000000800d02c       0x24 /Applications/STM32CubeIDE.app/Contents/Eclipse/plugins/com.st.stm32cube.ide.mcu.externaltools.gnu-tools-for-stm32.10.3-2021.10.macos64_1.0.200.202301161003/tools/bin/../lib/gcc/arm-none-eabi/10.3.1/../../../../arm-none-eabi/lib/thumb/v7e-m+fp/hard/libc_nano.a(lib_a-fprintf.o)
                0x000000000800d02c                fprintf
                0x000000000800d02c                fiprintf
 .text.__ascii_mbtowc
                0x000000000800d050       0x24 /Applications/STM32CubeIDE.app/Contents/Eclipse/plugins/com.st.stm32cube.ide.mcu.externaltools.gnu-tools-for-stm32.10.3-2021.10.macos64_1.0.200.202301161003/tools/bin/../lib/gcc/arm-none-eabi/10.3.1/../../../../arm-none-eabi/lib/thumb/v7e-m+fp/hard/libc_nano.a(lib_a-mbtowc_r.o)
                0x000000000800d050                __ascii_mbtowc
 .text.memmove  0x000000000800d074       0x34 /Applications/STM32CubeIDE.app/Contents/Eclipse/plugins/com.st.stm32cube.ide.mcu.externaltools.gnu-tools-for-stm32.10.3-2021.10.macos64_1.0.200.202301161003/tools/bin/../lib/gcc/arm-none-eabi/10.3.1/../../../../arm-none-eabi/lib/thumb/v7e-m+fp/hard/libc_nano.a(lib_a-memmove.o)
                0x000000000800d074                memmove
 .text.__malloc_lock
                0x000000000800d0a8        0xc /Applications/STM32CubeIDE.app/Contents/Eclipse/plugins/com.st.stm32cube.ide.mcu.externaltools.gnu-tools-for-stm32.10.3-2021.10.macos64_1.0.200.202301161003/tools/bin/../lib/gcc/arm-none-eabi/10.3.1/../../../../arm-none-eabi/lib/thumb/v7e-m+fp/hard/libc_nano.a(lib_a-mlock.o)
                0x000000000800d0a8                __malloc_lock
 .text.__malloc_unlock
                0x000000000800d0b4        0xc /Applications/STM32CubeIDE.app/Contents/Eclipse/plugins/com.st.stm32cube.ide.mcu.externaltools.gnu-tools-for-stm32.10.3-2021.10.macos64_1.0.200.202301161003/tools/bin/../lib/gcc/arm-none-eabi/10.3.1/../../../../arm-none-eabi/lib/thumb/v7e-m+fp/hard/libc_nano.a(lib_a-mlock.o)
                0x000000000800d0b4                __malloc_unlock
 .text._realloc_r
                0x000000000800d0c0       0x5e /Applications/STM32CubeIDE.app/Contents/Eclipse/plugins/com.st.stm32cube.ide.mcu.externaltools.gnu-tools-for-stm32.10.3-2021.10.macos64_1.0.200.202301161003/tools/bin/../lib/gcc/arm-none-eabi/10.3.1/../../../../arm-none-eabi/lib/thumb/v7e-m+fp/hard/libc_nano.a(lib_a-nano-reallocr.o)
                0x000000000800d0c0                _realloc_r
 .text.__sfputc_r
                0x000000000800d11e       0x2e /Applications/STM32CubeIDE.app/Contents/Eclipse/plugins/com.st.stm32cube.ide.mcu.externaltools.gnu-tools-for-stm32.10.3-2021.10.macos64_1.0.200.202301161003/tools/bin/../lib/gcc/arm-none-eabi/10.3.1/../../../../arm-none-eabi/lib/thumb/v7e-m+fp/hard/libc_nano.a(lib_a-nano-vfprintf.o)
 .text.__sfputs_r
                0x000000000800d14c       0x24 /Applications/STM32CubeIDE.app/Contents/Eclipse/plugins/com.st.stm32cube.ide.mcu.externaltools.gnu-tools-for-stm32.10.3-2021.10.macos64_1.0.200.202301161003/tools/bin/../lib/gcc/arm-none-eabi/10.3.1/../../../../arm-none-eabi/lib/thumb/v7e-m+fp/hard/libc_nano.a(lib_a-nano-vfprintf.o)
                0x000000000800d14c                __sfputs_r
 .text._vfprintf_r
                0x000000000800d170      0x260 /Applications/STM32CubeIDE.app/Contents/Eclipse/plugins/com.st.stm32cube.ide.mcu.externaltools.gnu-tools-for-stm32.10.3-2021.10.macos64_1.0.200.202301161003/tools/bin/../lib/gcc/arm-none-eabi/10.3.1/../../../../arm-none-eabi/lib/thumb/v7e-m+fp/hard/libc_nano.a(lib_a-nano-vfprintf.o)
                0x000000000800d170                _vfiprintf_r
                0x000000000800d170                _vfprintf_r
 .text.__swbuf_r
                0x000000000800d3d0       0xa4 /Applications/STM32CubeIDE.app/Contents/Eclipse/plugins/com.st.stm32cube.ide.mcu.externaltools.gnu-tools-for-stm32.10.3-2021.10.macos64_1.0.200.202301161003/tools/bin/../lib/gcc/arm-none-eabi/10.3.1/../../../../arm-none-eabi/lib/thumb/v7e-m+fp/hard/libc_nano.a(lib_a-wbuf.o)
                0x000000000800d3d0                __swbuf_r
 .text.__ascii_wctomb
                0x000000000800d474       0x1a /Applications/STM32CubeIDE.app/Contents/Eclipse/plugins/com.st.stm32cube.ide.mcu.externaltools.gnu-tools-for-stm32.10.3-2021.10.macos64_1.0.200.202301161003/tools/bin/../lib/gcc/arm-none-eabi/10.3.1/../../../../arm-none-eabi/lib/thumb/v7e-m+fp/hard/libc_nano.a(lib_a-wctomb_r.o)
                0x000000000800d474                __ascii_wctomb
 *fill*         0x000000000800d48e        0x2 
 .text.__swsetup_r
                0x000000000800d490       0xdc /Applications/STM32CubeIDE.app/Contents/Eclipse/plugins/com.st.stm32cube.ide.mcu.externaltools.gnu-tools-for-stm32.10.3-2021.10.macos64_1.0.200.202301161003/tools/bin/../lib/gcc/arm-none-eabi/10.3.1/../../../../arm-none-eabi/lib/thumb/v7e-m+fp/hard/libc_nano.a(lib_a-wsetup.o)
                0x000000000800d490                __swsetup_r
 .text.abort    0x000000000800d56c        0xe /Applications/STM32CubeIDE.app/Contents/Eclipse/plugins/com.st.stm32cube.ide.mcu.externaltools.gnu-tools-for-stm32.10.3-2021.10.macos64_1.0.200.202301161003/tools/bin/../lib/gcc/arm-none-eabi/10.3.1/../../../../arm-none-eabi/lib/thumb/v7e-m+fp/hard/libc_nano.a(lib_a-abort.o)
                0x000000000800d56c                abort
 *fill*         0x000000000800d57a        0x2 
 .text.__sflush_r
                0x000000000800d57c      0x10c /Applications/STM32CubeIDE.app/Contents/Eclipse/plugins/com.st.stm32cube.ide.mcu.externaltools.gnu-tools-for-stm32.10.3-2021.10.macos64_1.0.200.202301161003/tools/bin/../lib/gcc/arm-none-eabi/10.3.1/../../../../arm-none-eabi/lib/thumb/v7e-m+fp/hard/libc_nano.a(lib_a-fflush.o)
                0x000000000800d57c                __sflush_r
 .text._fflush_r
                0x000000000800d688       0x78 /Applications/STM32CubeIDE.app/Contents/Eclipse/plugins/com.st.stm32cube.ide.mcu.externaltools.gnu-tools-for-stm32.10.3-2021.10.macos64_1.0.200.202301161003/tools/bin/../lib/gcc/arm-none-eabi/10.3.1/../../../../arm-none-eabi/lib/thumb/v7e-m+fp/hard/libc_nano.a(lib_a-fflush.o)
                0x000000000800d688                _fflush_r
 .text.std      0x000000000800d700       0x48 /Applications/STM32CubeIDE.app/Contents/Eclipse/plugins/com.st.stm32cube.ide.mcu.externaltools.gnu-tools-for-stm32.10.3-2021.10.macos64_1.0.200.202301161003/tools/bin/../lib/gcc/arm-none-eabi/10.3.1/../../../../arm-none-eabi/lib/thumb/v7e-m+fp/hard/libc_nano.a(lib_a-findfp.o)
 .text._cleanup_r
                0x000000000800d748        0xc /Applications/STM32CubeIDE.app/Contents/Eclipse/plugins/com.st.stm32cube.ide.mcu.externaltools.gnu-tools-for-stm32.10.3-2021.10.macos64_1.0.200.202301161003/tools/bin/../lib/gcc/arm-none-eabi/10.3.1/../../../../arm-none-eabi/lib/thumb/v7e-m+fp/hard/libc_nano.a(lib_a-findfp.o)
                0x000000000800d748                _cleanup_r
 .text.__sfmoreglue
                0x000000000800d754       0x2c /Applications/STM32CubeIDE.app/Contents/Eclipse/plugins/com.st.stm32cube.ide.mcu.externaltools.gnu-tools-for-stm32.10.3-2021.10.macos64_1.0.200.202301161003/tools/bin/../lib/gcc/arm-none-eabi/10.3.1/../../../../arm-none-eabi/lib/thumb/v7e-m+fp/hard/libc_nano.a(lib_a-findfp.o)
                0x000000000800d754                __sfmoreglue
 .text.__sfp_lock_acquire
                0x000000000800d780        0xc /Applications/STM32CubeIDE.app/Contents/Eclipse/plugins/com.st.stm32cube.ide.mcu.externaltools.gnu-tools-for-stm32.10.3-2021.10.macos64_1.0.200.202301161003/tools/bin/../lib/gcc/arm-none-eabi/10.3.1/../../../../arm-none-eabi/lib/thumb/v7e-m+fp/hard/libc_nano.a(lib_a-findfp.o)
                0x000000000800d780                __sfp_lock_acquire
 .text.__sfp_lock_release
                0x000000000800d78c        0xc /Applications/STM32CubeIDE.app/Contents/Eclipse/plugins/com.st.stm32cube.ide.mcu.externaltools.gnu-tools-for-stm32.10.3-2021.10.macos64_1.0.200.202301161003/tools/bin/../lib/gcc/arm-none-eabi/10.3.1/../../../../arm-none-eabi/lib/thumb/v7e-m+fp/hard/libc_nano.a(lib_a-findfp.o)
                0x000000000800d78c                __sfp_lock_release
 .text.__sinit_lock_acquire
                0x000000000800d798        0xc /Applications/STM32CubeIDE.app/Contents/Eclipse/plugins/com.st.stm32cube.ide.mcu.externaltools.gnu-tools-for-stm32.10.3-2021.10.macos64_1.0.200.202301161003/tools/bin/../lib/gcc/arm-none-eabi/10.3.1/../../../../arm-none-eabi/lib/thumb/v7e-m+fp/hard/libc_nano.a(lib_a-findfp.o)
                0x000000000800d798                __sinit_lock_acquire
 .text.__sinit_lock_release
                0x000000000800d7a4        0xc /Applications/STM32CubeIDE.app/Contents/Eclipse/plugins/com.st.stm32cube.ide.mcu.externaltools.gnu-tools-for-stm32.10.3-2021.10.macos64_1.0.200.202301161003/tools/bin/../lib/gcc/arm-none-eabi/10.3.1/../../../../arm-none-eabi/lib/thumb/v7e-m+fp/hard/libc_nano.a(lib_a-findfp.o)
                0x000000000800d7a4                __sinit_lock_release
 .text.__sinit  0x000000000800d7b0       0x70 /Applications/STM32CubeIDE.app/Contents/Eclipse/plugins/com.st.stm32cube.ide.mcu.externaltools.gnu-tools-for-stm32.10.3-2021.10.macos64_1.0.200.202301161003/tools/bin/../lib/gcc/arm-none-eabi/10.3.1/../../../../arm-none-eabi/lib/thumb/v7e-m+fp/hard/libc_nano.a(lib_a-findfp.o)
                0x000000000800d7b0                __sinit
 .text.__sfp    0x000000000800d820       0x8c /Applications/STM32CubeIDE.app/Contents/Eclipse/plugins/com.st.stm32cube.ide.mcu.externaltools.gnu-tools-for-stm32.10.3-2021.10.macos64_1.0.200.202301161003/tools/bin/../lib/gcc/arm-none-eabi/10.3.1/../../../../arm-none-eabi/lib/thumb/v7e-m+fp/hard/libc_nano.a(lib_a-findfp.o)
                0x000000000800d820                __sfp
 .text._fwalk_reent
                0x000000000800d8ac       0x3e /Applications/STM32CubeIDE.app/Contents/Eclipse/plugins/com.st.stm32cube.ide.mcu.externaltools.gnu-tools-for-stm32.10.3-2021.10.macos64_1.0.200.202301161003/tools/bin/../lib/gcc/arm-none-eabi/10.3.1/../../../../arm-none-eabi/lib/thumb/v7e-m+fp/hard/libc_nano.a(lib_a-fwalk.o)
                0x000000000800d8ac                _fwalk_reent
 .text.__retarget_lock_init_recursive
                0x000000000800d8ea        0x2 /Applications/STM32CubeIDE.app/Contents/Eclipse/plugins/com.st.stm32cube.ide.mcu.externaltools.gnu-tools-for-stm32.10.3-2021.10.macos64_1.0.200.202301161003/tools/bin/../lib/gcc/arm-none-eabi/10.3.1/../../../../arm-none-eabi/lib/thumb/v7e-m+fp/hard/libc_nano.a(lib_a-lock.o)
                0x000000000800d8ea                __retarget_lock_init_recursive
 .text.__retarget_lock_acquire_recursive
                0x000000000800d8ec        0x2 /Applications/STM32CubeIDE.app/Contents/Eclipse/plugins/com.st.stm32cube.ide.mcu.externaltools.gnu-tools-for-stm32.10.3-2021.10.macos64_1.0.200.202301161003/tools/bin/../lib/gcc/arm-none-eabi/10.3.1/../../../../arm-none-eabi/lib/thumb/v7e-m+fp/hard/libc_nano.a(lib_a-lock.o)
                0x000000000800d8ec                __retarget_lock_acquire_recursive
 .text.__retarget_lock_release_recursive
                0x000000000800d8ee        0x2 /Applications/STM32CubeIDE.app/Contents/Eclipse/plugins/com.st.stm32cube.ide.mcu.externaltools.gnu-tools-for-stm32.10.3-2021.10.macos64_1.0.200.202301161003/tools/bin/../lib/gcc/arm-none-eabi/10.3.1/../../../../arm-none-eabi/lib/thumb/v7e-m+fp/hard/libc_nano.a(lib_a-lock.o)
                0x000000000800d8ee                __retarget_lock_release_recursive
 .text.__swhatbuf_r
                0x000000000800d8f0       0x4a /Applications/STM32CubeIDE.app/Contents/Eclipse/plugins/com.st.stm32cube.ide.mcu.externaltools.gnu-tools-for-stm32.10.3-2021.10.macos64_1.0.200.202301161003/tools/bin/../lib/gcc/arm-none-eabi/10.3.1/../../../../arm-none-eabi/lib/thumb/v7e-m+fp/hard/libc_nano.a(lib_a-makebuf.o)
                0x000000000800d8f0                __swhatbuf_r
 *fill*         0x000000000800d93a        0x2 
 .text.__smakebuf_r
                0x000000000800d93c       0x80 /Applications/STM32CubeIDE.app/Contents/Eclipse/plugins/com.st.stm32cube.ide.mcu.externaltools.gnu-tools-for-stm32.10.3-2021.10.macos64_1.0.200.202301161003/tools/bin/../lib/gcc/arm-none-eabi/10.3.1/../../../../arm-none-eabi/lib/thumb/v7e-m+fp/hard/libc_nano.a(lib_a-makebuf.o)
                0x000000000800d93c                __smakebuf_r
 .text._malloc_usable_size_r
                0x000000000800d9bc       0x10 /Applications/STM32CubeIDE.app/Contents/Eclipse/plugins/com.st.stm32cube.ide.mcu.externaltools.gnu-tools-for-stm32.10.3-2021.10.macos64_1.0.200.202301161003/tools/bin/../lib/gcc/arm-none-eabi/10.3.1/../../../../arm-none-eabi/lib/thumb/v7e-m+fp/hard/libc_nano.a(lib_a-nano-msizer.o)
                0x000000000800d9bc                _malloc_usable_size_r
 .text._raise_r
                0x000000000800d9cc       0x50 /Applications/STM32CubeIDE.app/Contents/Eclipse/plugins/com.st.stm32cube.ide.mcu.externaltools.gnu-tools-for-stm32.10.3-2021.10.macos64_1.0.200.202301161003/tools/bin/../lib/gcc/arm-none-eabi/10.3.1/../../../../arm-none-eabi/lib/thumb/v7e-m+fp/hard/libc_nano.a(lib_a-signal.o)
                0x000000000800d9cc                _raise_r
 .text.raise    0x000000000800da1c       0x10 /Applications/STM32CubeIDE.app/Contents/Eclipse/plugins/com.st.stm32cube.ide.mcu.externaltools.gnu-tools-for-stm32.10.3-2021.10.macos64_1.0.200.202301161003/tools/bin/../lib/gcc/arm-none-eabi/10.3.1/../../../../arm-none-eabi/lib/thumb/v7e-m+fp/hard/libc_nano.a(lib_a-signal.o)
                0x000000000800da1c                raise
 .text._kill_r  0x000000000800da2c       0x24 /Applications/STM32CubeIDE.app/Contents/Eclipse/plugins/com.st.stm32cube.ide.mcu.externaltools.gnu-tools-for-stm32.10.3-2021.10.macos64_1.0.200.202301161003/tools/bin/../lib/gcc/arm-none-eabi/10.3.1/../../../../arm-none-eabi/lib/thumb/v7e-m+fp/hard/libc_nano.a(lib_a-signalr.o)
                0x000000000800da2c                _kill_r
 .text._getpid_r
                0x000000000800da50        0x4 /Applications/STM32CubeIDE.app/Contents/Eclipse/plugins/com.st.stm32cube.ide.mcu.externaltools.gnu-tools-for-stm32.10.3-2021.10.macos64_1.0.200.202301161003/tools/bin/../lib/gcc/arm-none-eabi/10.3.1/../../../../arm-none-eabi/lib/thumb/v7e-m+fp/hard/libc_nano.a(lib_a-signalr.o)
                0x000000000800da50                _getpid_r
 .text.__sread  0x000000000800da54       0x22 /Applications/STM32CubeIDE.app/Contents/Eclipse/plugins/com.st.stm32cube.ide.mcu.externaltools.gnu-tools-for-stm32.10.3-2021.10.macos64_1.0.200.202301161003/tools/bin/../lib/gcc/arm-none-eabi/10.3.1/../../../../arm-none-eabi/lib/thumb/v7e-m+fp/hard/libc_nano.a(lib_a-stdio.o)
                0x000000000800da54                __sread
 .text.__swrite
                0x000000000800da76       0x38 /Applications/STM32CubeIDE.app/Contents/Eclipse/plugins/com.st.stm32cube.ide.mcu.externaltools.gnu-tools-for-stm32.10.3-2021.10.macos64_1.0.200.202301161003/tools/bin/../lib/gcc/arm-none-eabi/10.3.1/../../../../arm-none-eabi/lib/thumb/v7e-m+fp/hard/libc_nano.a(lib_a-stdio.o)
                0x000000000800da76                __swrite
 .text.__sseek  0x000000000800daae       0x24 /Applications/STM32CubeIDE.app/Contents/Eclipse/plugins/com.st.stm32cube.ide.mcu.externaltools.gnu-tools-for-stm32.10.3-2021.10.macos64_1.0.200.202301161003/tools/bin/../lib/gcc/arm-none-eabi/10.3.1/../../../../arm-none-eabi/lib/thumb/v7e-m+fp/hard/libc_nano.a(lib_a-stdio.o)
                0x000000000800daae                __sseek
 .text.__sclose
                0x000000000800dad2        0x8 /Applications/STM32CubeIDE.app/Contents/Eclipse/plugins/com.st.stm32cube.ide.mcu.externaltools.gnu-tools-for-stm32.10.3-2021.10.macos64_1.0.200.202301161003/tools/bin/../lib/gcc/arm-none-eabi/10.3.1/../../../../arm-none-eabi/lib/thumb/v7e-m+fp/hard/libc_nano.a(lib_a-stdio.o)
                0x000000000800dad2                __sclose
 *fill*         0x000000000800dada        0x2 
 .text._write_r
                0x000000000800dadc       0x24 /Applications/STM32CubeIDE.app/Contents/Eclipse/plugins/com.st.stm32cube.ide.mcu.externaltools.gnu-tools-for-stm32.10.3-2021.10.macos64_1.0.200.202301161003/tools/bin/../lib/gcc/arm-none-eabi/10.3.1/../../../../arm-none-eabi/lib/thumb/v7e-m+fp/hard/libc_nano.a(lib_a-writer.o)
                0x000000000800dadc                _write_r
 .text._close_r
                0x000000000800db00       0x20 /Applications/STM32CubeIDE.app/Contents/Eclipse/plugins/com.st.stm32cube.ide.mcu.externaltools.gnu-tools-for-stm32.10.3-2021.10.macos64_1.0.200.202301161003/tools/bin/../lib/gcc/arm-none-eabi/10.3.1/../../../../arm-none-eabi/lib/thumb/v7e-m+fp/hard/libc_nano.a(lib_a-closer.o)
                0x000000000800db00                _close_r
 .text._fstat_r
                0x000000000800db20       0x24 /Applications/STM32CubeIDE.app/Contents/Eclipse/plugins/com.st.stm32cube.ide.mcu.externaltools.gnu-tools-for-stm32.10.3-2021.10.macos64_1.0.200.202301161003/tools/bin/../lib/gcc/arm-none-eabi/10.3.1/../../../../arm-none-eabi/lib/thumb/v7e-m+fp/hard/libc_nano.a(lib_a-fstatr.o)
                0x000000000800db20                _fstat_r
 .text._isatty_r
                0x000000000800db44       0x20 /Applications/STM32CubeIDE.app/Contents/Eclipse/plugins/com.st.stm32cube.ide.mcu.externaltools.gnu-tools-for-stm32.10.3-2021.10.macos64_1.0.200.202301161003/tools/bin/../lib/gcc/arm-none-eabi/10.3.1/../../../../arm-none-eabi/lib/thumb/v7e-m+fp/hard/libc_nano.a(lib_a-isattyr.o)
                0x000000000800db44                _isatty_r
 .text._lseek_r
                0x000000000800db64       0x24 /Applications/STM32CubeIDE.app/Contents/Eclipse/plugins/com.st.stm32cube.ide.mcu.externaltools.gnu-tools-for-stm32.10.3-2021.10.macos64_1.0.200.202301161003/tools/bin/../lib/gcc/arm-none-eabi/10.3.1/../../../../arm-none-eabi/lib/thumb/v7e-m+fp/hard/libc_nano.a(lib_a-lseekr.o)
                0x000000000800db64                _lseek_r
 .text._read_r  0x000000000800db88       0x24 /Applications/STM32CubeIDE.app/Contents/Eclipse/plugins/com.st.stm32cube.ide.mcu.externaltools.gnu-tools-for-stm32.10.3-2021.10.macos64_1.0.200.202301161003/tools/bin/../lib/gcc/arm-none-eabi/10.3.1/../../../../arm-none-eabi/lib/thumb/v7e-m+fp/hard/libc_nano.a(lib_a-readr.o)
                0x000000000800db88                _read_r
 *fill*         0x000000000800dbac        0x4 
 .text.cos      0x000000000800dbb0       0xa8 /Applications/STM32CubeIDE.app/Contents/Eclipse/plugins/com.st.stm32cube.ide.mcu.externaltools.gnu-tools-for-stm32.10.3-2021.10.macos64_1.0.200.202301161003/tools/bin/../lib/gcc/arm-none-eabi/10.3.1/../../../../arm-none-eabi/lib/thumb/v7e-m+fp/hard/libm.a(lib_a-s_cos.o)
                0x000000000800dbb0                cos
 .text.round    0x000000000800dc58       0x8c /Applications/STM32CubeIDE.app/Contents/Eclipse/plugins/com.st.stm32cube.ide.mcu.externaltools.gnu-tools-for-stm32.10.3-2021.10.macos64_1.0.200.202301161003/tools/bin/../lib/gcc/arm-none-eabi/10.3.1/../../../../arm-none-eabi/lib/thumb/v7e-m+fp/hard/libm.a(lib_a-s_round.o)
                0x000000000800dc58                round
 *fill*         0x000000000800dce4        0x4 
 .text.sin      0x000000000800dce8       0xb0 /Applications/STM32CubeIDE.app/Contents/Eclipse/plugins/com.st.stm32cube.ide.mcu.externaltools.gnu-tools-for-stm32.10.3-2021.10.macos64_1.0.200.202301161003/tools/bin/../lib/gcc/arm-none-eabi/10.3.1/../../../../arm-none-eabi/lib/thumb/v7e-m+fp/hard/libm.a(lib_a-s_sin.o)
                0x000000000800dce8                sin
 .text.asin     0x000000000800dd98       0x68 /Applications/STM32CubeIDE.app/Contents/Eclipse/plugins/com.st.stm32cube.ide.mcu.externaltools.gnu-tools-for-stm32.10.3-2021.10.macos64_1.0.200.202301161003/tools/bin/../lib/gcc/arm-none-eabi/10.3.1/../../../../arm-none-eabi/lib/thumb/v7e-m+fp/hard/libm.a(lib_a-w_asin.o)
                0x000000000800dd98                asin
 .text.atan2    0x000000000800de00        0x4 /Applications/STM32CubeIDE.app/Contents/Eclipse/plugins/com.st.stm32cube.ide.mcu.externaltools.gnu-tools-for-stm32.10.3-2021.10.macos64_1.0.200.202301161003/tools/bin/../lib/gcc/arm-none-eabi/10.3.1/../../../../arm-none-eabi/lib/thumb/v7e-m+fp/hard/libm.a(lib_a-w_atan2.o)
                0x000000000800de00                atan2
 .text.sqrt     0x000000000800de04       0x58 /Applications/STM32CubeIDE.app/Contents/Eclipse/plugins/com.st.stm32cube.ide.mcu.externaltools.gnu-tools-for-stm32.10.3-2021.10.macos64_1.0.200.202301161003/tools/bin/../lib/gcc/arm-none-eabi/10.3.1/../../../../arm-none-eabi/lib/thumb/v7e-m+fp/hard/libm.a(lib_a-w_sqrt.o)
                0x000000000800de04                sqrt
 *fill*         0x000000000800de5c        0x4 
 .text.__ieee754_asin
                0x000000000800de60      0x428 /Applications/STM32CubeIDE.app/Contents/Eclipse/plugins/com.st.stm32cube.ide.mcu.externaltools.gnu-tools-for-stm32.10.3-2021.10.macos64_1.0.200.202301161003/tools/bin/../lib/gcc/arm-none-eabi/10.3.1/../../../../arm-none-eabi/lib/thumb/v7e-m+fp/hard/libm.a(lib_a-e_asin.o)
                0x000000000800de60                __ieee754_asin
 .text.__ieee754_atan2
                0x000000000800e288      0x194 /Applications/STM32CubeIDE.app/Contents/Eclipse/plugins/com.st.stm32cube.ide.mcu.externaltools.gnu-tools-for-stm32.10.3-2021.10.macos64_1.0.200.202301161003/tools/bin/../lib/gcc/arm-none-eabi/10.3.1/../../../../arm-none-eabi/lib/thumb/v7e-m+fp/hard/libm.a(lib_a-e_atan2.o)
                0x000000000800e288                __ieee754_atan2
 *fill*         0x000000000800e41c        0x4 
 .text.__ieee754_rem_pio2
                0x000000000800e420      0x418 /Applications/STM32CubeIDE.app/Contents/Eclipse/plugins/com.st.stm32cube.ide.mcu.externaltools.gnu-tools-for-stm32.10.3-2021.10.macos64_1.0.200.202301161003/tools/bin/../lib/gcc/arm-none-eabi/10.3.1/../../../../arm-none-eabi/lib/thumb/v7e-m+fp/hard/libm.a(lib_a-e_rem_pio2.o)
                0x000000000800e420                __ieee754_rem_pio2
 .text.__ieee754_sqrt
                0x000000000800e838      0x164 /Applications/STM32CubeIDE.app/Contents/Eclipse/plugins/com.st.stm32cube.ide.mcu.externaltools.gnu-tools-for-stm32.10.3-2021.10.macos64_1.0.200.202301161003/tools/bin/../lib/gcc/arm-none-eabi/10.3.1/../../../../arm-none-eabi/lib/thumb/v7e-m+fp/hard/libm.a(lib_a-e_sqrt.o)
                0x000000000800e838                __ieee754_sqrt
 *fill*         0x000000000800e99c        0x4 
 .text.__kernel_cos
                0x000000000800e9a0      0x18c /Applications/STM32CubeIDE.app/Contents/Eclipse/plugins/com.st.stm32cube.ide.mcu.externaltools.gnu-tools-for-stm32.10.3-2021.10.macos64_1.0.200.202301161003/tools/bin/../lib/gcc/arm-none-eabi/10.3.1/../../../../arm-none-eabi/lib/thumb/v7e-m+fp/hard/libm.a(lib_a-k_cos.o)
                0x000000000800e9a0                __kernel_cos
 *fill*         0x000000000800eb2c        0x4 
 .text.__kernel_rem_pio2
                0x000000000800eb30      0x69c /Applications/STM32CubeIDE.app/Contents/Eclipse/plugins/com.st.stm32cube.ide.mcu.externaltools.gnu-tools-for-stm32.10.3-2021.10.macos64_1.0.200.202301161003/tools/bin/../lib/gcc/arm-none-eabi/10.3.1/../../../../arm-none-eabi/lib/thumb/v7e-m+fp/hard/libm.a(lib_a-k_rem_pio2.o)
                0x000000000800eb30                __kernel_rem_pio2
 *fill*         0x000000000800f1cc        0x4 
 .text.__kernel_sin
                0x000000000800f1d0      0x17c /Applications/STM32CubeIDE.app/Contents/Eclipse/plugins/com.st.stm32cube.ide.mcu.externaltools.gnu-tools-for-stm32.10.3-2021.10.macos64_1.0.200.202301161003/tools/bin/../lib/gcc/arm-none-eabi/10.3.1/../../../../arm-none-eabi/lib/thumb/v7e-m+fp/hard/libm.a(lib_a-k_sin.o)
                0x000000000800f1d0                __kernel_sin
 *fill*         0x000000000800f34c        0x4 
 .text.atan     0x000000000800f350      0x340 /Applications/STM32CubeIDE.app/Contents/Eclipse/plugins/com.st.stm32cube.ide.mcu.externaltools.gnu-tools-for-stm32.10.3-2021.10.macos64_1.0.200.202301161003/tools/bin/../lib/gcc/arm-none-eabi/10.3.1/../../../../arm-none-eabi/lib/thumb/v7e-m+fp/hard/libm.a(lib_a-s_atan.o)
                0x000000000800f350                atan
 .text.fabs     0x000000000800f690       0x12 /Applications/STM32CubeIDE.app/Contents/Eclipse/plugins/com.st.stm32cube.ide.mcu.externaltools.gnu-tools-for-stm32.10.3-2021.10.macos64_1.0.200.202301161003/tools/bin/../lib/gcc/arm-none-eabi/10.3.1/../../../../arm-none-eabi/lib/thumb/v7e-m+fp/hard/libm.a(lib_a-s_fabs.o)
                0x000000000800f690                fabs
 *fill*         0x000000000800f6a2        0x6 
 .text.floor    0x000000000800f6a8      0x100 /Applications/STM32CubeIDE.app/Contents/Eclipse/plugins/com.st.stm32cube.ide.mcu.externaltools.gnu-tools-for-stm32.10.3-2021.10.macos64_1.0.200.202301161003/tools/bin/../lib/gcc/arm-none-eabi/10.3.1/../../../../arm-none-eabi/lib/thumb/v7e-m+fp/hard/libm.a(lib_a-s_floor.o)
                0x000000000800f6a8                floor
 .text.nan      0x000000000800f7a8       0x10 /Applications/STM32CubeIDE.app/Contents/Eclipse/plugins/com.st.stm32cube.ide.mcu.externaltools.gnu-tools-for-stm32.10.3-2021.10.macos64_1.0.200.202301161003/tools/bin/../lib/gcc/arm-none-eabi/10.3.1/../../../../arm-none-eabi/lib/thumb/v7e-m+fp/hard/libm.a(lib_a-s_nan.o)
                0x000000000800f7a8                nan
 .text.scalbn   0x000000000800f7b8      0x10c /Applications/STM32CubeIDE.app/Contents/Eclipse/plugins/com.st.stm32cube.ide.mcu.externaltools.gnu-tools-for-stm32.10.3-2021.10.macos64_1.0.200.202301161003/tools/bin/../lib/gcc/arm-none-eabi/10.3.1/../../../../arm-none-eabi/lib/thumb/v7e-m+fp/hard/libm.a(lib_a-s_scalbn.o)
                0x000000000800f7b8                scalbn
 *(.glue_7)
 .glue_7        0x000000000800f8c4        0x0 linker stubs
 *(.glue_7t)
 .glue_7t       0x000000000800f8c4        0x0 linker stubs
 *(.eh_frame)
 .eh_frame      0x000000000800f8c4        0x0 /Applications/STM32CubeIDE.app/Contents/Eclipse/plugins/com.st.stm32cube.ide.mcu.externaltools.gnu-tools-for-stm32.10.3-2021.10.macos64_1.0.200.202301161003/tools/bin/../lib/gcc/arm-none-eabi/10.3.1/thumb/v7e-m+fp/hard/crtbegin.o
 *(.init)
 .init          0x000000000800f8c4        0x4 /Applications/STM32CubeIDE.app/Contents/Eclipse/plugins/com.st.stm32cube.ide.mcu.externaltools.gnu-tools-for-stm32.10.3-2021.10.macos64_1.0.200.202301161003/tools/bin/../lib/gcc/arm-none-eabi/10.3.1/thumb/v7e-m+fp/hard/crti.o
                0x000000000800f8c4                _init
 .init          0x000000000800f8c8        0x8 /Applications/STM32CubeIDE.app/Contents/Eclipse/plugins/com.st.stm32cube.ide.mcu.externaltools.gnu-tools-for-stm32.10.3-2021.10.macos64_1.0.200.202301161003/tools/bin/../lib/gcc/arm-none-eabi/10.3.1/thumb/v7e-m+fp/hard/crtn.o
 *(.fini)
 .fini          0x000000000800f8d0        0x4 /Applications/STM32CubeIDE.app/Contents/Eclipse/plugins/com.st.stm32cube.ide.mcu.externaltools.gnu-tools-for-stm32.10.3-2021.10.macos64_1.0.200.202301161003/tools/bin/../lib/gcc/arm-none-eabi/10.3.1/thumb/v7e-m+fp/hard/crti.o
                0x000000000800f8d0                _fini
 .fini          0x000000000800f8d4        0x8 /Applications/STM32CubeIDE.app/Contents/Eclipse/plugins/com.st.stm32cube.ide.mcu.externaltools.gnu-tools-for-stm32.10.3-2021.10.macos64_1.0.200.202301161003/tools/bin/../lib/gcc/arm-none-eabi/10.3.1/thumb/v7e-m+fp/hard/crtn.o
                0x000000000800f8dc                . = ALIGN (0x4)
                0x000000000800f8dc                _etext = .

.vfp11_veneer   0x000000000800f8dc        0x0
 .vfp11_veneer  0x000000000800f8dc        0x0 linker stubs

.v4_bx          0x000000000800f8dc        0x0
 .v4_bx         0x000000000800f8dc        0x0 linker stubs

.iplt           0x000000000800f8dc        0x0
 .iplt          0x000000000800f8dc        0x0 /Applications/STM32CubeIDE.app/Contents/Eclipse/plugins/com.st.stm32cube.ide.mcu.externaltools.gnu-tools-for-stm32.10.3-2021.10.macos64_1.0.200.202301161003/tools/bin/../lib/gcc/arm-none-eabi/10.3.1/thumb/v7e-m+fp/hard/crtbegin.o

.rodata         0x000000000800f8e0     0x12b0
                0x000000000800f8e0                . = ALIGN (0x4)
 *(.rodata)
 .rodata        0x000000000800f8e0      0x1f2 ./Core/Src/lcd_setup.o
 *(.rodata*)
 *fill*         0x000000000800fad2        0x2 
 .rodata.asc2_1206
                0x000000000800fad4      0x474 ./Core/Src/lcd.o
                0x000000000800fad4                asc2_1206
 .rodata.asc2_1608
                0x000000000800ff48      0x5f0 ./Core/Src/lcd.o
                0x000000000800ff48                asc2_1608
 .rodata.AHBPrescTable
                0x0000000008010538       0x10 ./Core/Src/system_stm32f3xx.o
                0x0000000008010538                AHBPrescTable
 .rodata.aPLLMULFactorTable
                0x0000000008010548       0x10 ./Drivers/STM32F3xx_HAL_Driver/Src/stm32f3xx_hal_rcc.o
 .rodata.aPredivFactorTable
                0x0000000008010558       0x10 ./Drivers/STM32F3xx_HAL_Driver/Src/stm32f3xx_hal_rcc.o
 .rodata._global_impure_ptr
                0x0000000008010568        0x4 /Applications/STM32CubeIDE.app/Contents/Eclipse/plugins/com.st.stm32cube.ide.mcu.externaltools.gnu-tools-for-stm32.10.3-2021.10.macos64_1.0.200.202301161003/tools/bin/../lib/gcc/arm-none-eabi/10.3.1/../../../../arm-none-eabi/lib/thumb/v7e-m+fp/hard/libc_nano.a(lib_a-impure.o)
                0x0000000008010568                _global_impure_ptr
 .rodata._printf_float.str1.1
                0x000000000801056c       0x12 /Applications/STM32CubeIDE.app/Contents/Eclipse/plugins/com.st.stm32cube.ide.mcu.externaltools.gnu-tools-for-stm32.10.3-2021.10.macos64_1.0.200.202301161003/tools/bin/../lib/gcc/arm-none-eabi/10.3.1/../../../../arm-none-eabi/lib/thumb/v7e-m+fp/hard/libc_nano.a(lib_a-nano-vfprintf_float.o)
 .rodata._printf_i.str1.1
                0x000000000801057e       0x22 /Applications/STM32CubeIDE.app/Contents/Eclipse/plugins/com.st.stm32cube.ide.mcu.externaltools.gnu-tools-for-stm32.10.3-2021.10.macos64_1.0.200.202301161003/tools/bin/../lib/gcc/arm-none-eabi/10.3.1/../../../../arm-none-eabi/lib/thumb/v7e-m+fp/hard/libc_nano.a(lib_a-nano-vfprintf_i.o)
 .rodata._dtoa_r.str1.1
                0x00000000080105a0       0x90 /Applications/STM32CubeIDE.app/Contents/Eclipse/plugins/com.st.stm32cube.ide.mcu.externaltools.gnu-tools-for-stm32.10.3-2021.10.macos64_1.0.200.202301161003/tools/bin/../lib/gcc/arm-none-eabi/10.3.1/../../../../arm-none-eabi/lib/thumb/v7e-m+fp/hard/libc_nano.a(lib_a-dtoa.o)
                                         0x92 (size before relaxing)
 .rodata._Balloc.str1.1
                0x0000000008010630       0x5c /Applications/STM32CubeIDE.app/Contents/Eclipse/plugins/com.st.stm32cube.ide.mcu.externaltools.gnu-tools-for-stm32.10.3-2021.10.macos64_1.0.200.202301161003/tools/bin/../lib/gcc/arm-none-eabi/10.3.1/../../../../arm-none-eabi/lib/thumb/v7e-m+fp/hard/libc_nano.a(lib_a-mprec.o)
                                         0x73 (size before relaxing)
 .rodata.__multadd.str1.1
                0x000000000801068c       0x11 /Applications/STM32CubeIDE.app/Contents/Eclipse/plugins/com.st.stm32cube.ide.mcu.externaltools.gnu-tools-for-stm32.10.3-2021.10.macos64_1.0.200.202301161003/tools/bin/../lib/gcc/arm-none-eabi/10.3.1/../../../../arm-none-eabi/lib/thumb/v7e-m+fp/hard/libc_nano.a(lib_a-mprec.o)
 *fill*         0x000000000801068c        0x4 
 .rodata.__mprec_bigtens
                0x0000000008010690       0x28 /Applications/STM32CubeIDE.app/Contents/Eclipse/plugins/com.st.stm32cube.ide.mcu.externaltools.gnu-tools-for-stm32.10.3-2021.10.macos64_1.0.200.202301161003/tools/bin/../lib/gcc/arm-none-eabi/10.3.1/../../../../arm-none-eabi/lib/thumb/v7e-m+fp/hard/libc_nano.a(lib_a-mprec.o)
                0x0000000008010690                __mprec_bigtens
 .rodata.__mprec_tens
                0x00000000080106b8       0xc8 /Applications/STM32CubeIDE.app/Contents/Eclipse/plugins/com.st.stm32cube.ide.mcu.externaltools.gnu-tools-for-stm32.10.3-2021.10.macos64_1.0.200.202301161003/tools/bin/../lib/gcc/arm-none-eabi/10.3.1/../../../../arm-none-eabi/lib/thumb/v7e-m+fp/hard/libc_nano.a(lib_a-mprec.o)
                0x00000000080106b8                __mprec_tens
 .rodata.p05.0  0x0000000008010780        0xc /Applications/STM32CubeIDE.app/Contents/Eclipse/plugins/com.st.stm32cube.ide.mcu.externaltools.gnu-tools-for-stm32.10.3-2021.10.macos64_1.0.200.202301161003/tools/bin/../lib/gcc/arm-none-eabi/10.3.1/../../../../arm-none-eabi/lib/thumb/v7e-m+fp/hard/libc_nano.a(lib_a-mprec.o)
 .rodata._svfprintf_r.str1.1
                0x000000000801078c       0x11 /Applications/STM32CubeIDE.app/Contents/Eclipse/plugins/com.st.stm32cube.ide.mcu.externaltools.gnu-tools-for-stm32.10.3-2021.10.macos64_1.0.200.202301161003/tools/bin/../lib/gcc/arm-none-eabi/10.3.1/../../../../arm-none-eabi/lib/thumb/v7e-m+fp/hard/libc_nano.a(lib_a-nano-svfprintf.o)
 .rodata.__assert_func.str1.1
                0x000000000801079d       0x3c /Applications/STM32CubeIDE.app/Contents/Eclipse/plugins/com.st.stm32cube.ide.mcu.externaltools.gnu-tools-for-stm32.10.3-2021.10.macos64_1.0.200.202301161003/tools/bin/../lib/gcc/arm-none-eabi/10.3.1/../../../../arm-none-eabi/lib/thumb/v7e-m+fp/hard/libc_nano.a(lib_a-assert.o)
                                         0x3d (size before relaxing)
 .rodata._setlocale_r.str1.1